Archive member included to satisfy reference by file (symbol)

C:/ST/STM32CubeIDE_1.13.2/STM32CubeIDE/plugins/com.st.stm32cube.ide.mcu.externaltools.gnu-tools-for-stm32.12.3.rel1.win32_1.0.100.202403111256/tools/bin/../lib/gcc/arm-none-eabi/12.3.1/../../../../arm-none-eabi/lib/thumb/v7e-m+fp/hard\libc_nano.a(libc_a-exit.o)
                              C:/ST/STM32CubeIDE_1.13.2/STM32CubeIDE/plugins/com.st.stm32cube.ide.mcu.externaltools.gnu-tools-for-stm32.12.3.rel1.win32_1.0.100.202403111256/tools/bin/../lib/gcc/arm-none-eabi/12.3.1/../../../../arm-none-eabi/lib/thumb/v7e-m+fp/hard/crt0.o (exit)
C:/ST/STM32CubeIDE_1.13.2/STM32CubeIDE/plugins/com.st.stm32cube.ide.mcu.externaltools.gnu-tools-for-stm32.12.3.rel1.win32_1.0.100.202403111256/tools/bin/../lib/gcc/arm-none-eabi/12.3.1/../../../../arm-none-eabi/lib/thumb/v7e-m+fp/hard\libc_nano.a(libc_a-findfp.o)
                              C:/ST/STM32CubeIDE_1.13.2/STM32CubeIDE/plugins/com.st.stm32cube.ide.mcu.externaltools.gnu-tools-for-stm32.12.3.rel1.win32_1.0.100.202403111256/tools/bin/../lib/gcc/arm-none-eabi/12.3.1/../../../../arm-none-eabi/lib/thumb/v7e-m+fp/hard\libc_nano.a(libc_a-exit.o) (__stdio_exit_handler)
C:/ST/STM32CubeIDE_1.13.2/STM32CubeIDE/plugins/com.st.stm32cube.ide.mcu.externaltools.gnu-tools-for-stm32.12.3.rel1.win32_1.0.100.202403111256/tools/bin/../lib/gcc/arm-none-eabi/12.3.1/../../../../arm-none-eabi/lib/thumb/v7e-m+fp/hard\libc_nano.a(libc_a-fwalk.o)
                              C:/ST/STM32CubeIDE_1.13.2/STM32CubeIDE/plugins/com.st.stm32cube.ide.mcu.externaltools.gnu-tools-for-stm32.12.3.rel1.win32_1.0.100.202403111256/tools/bin/../lib/gcc/arm-none-eabi/12.3.1/../../../../arm-none-eabi/lib/thumb/v7e-m+fp/hard\libc_nano.a(libc_a-findfp.o) (_fwalk_sglue)
C:/ST/STM32CubeIDE_1.13.2/STM32CubeIDE/plugins/com.st.stm32cube.ide.mcu.externaltools.gnu-tools-for-stm32.12.3.rel1.win32_1.0.100.202403111256/tools/bin/../lib/gcc/arm-none-eabi/12.3.1/../../../../arm-none-eabi/lib/thumb/v7e-m+fp/hard\libc_nano.a(libc_a-stdio.o)
                              C:/ST/STM32CubeIDE_1.13.2/STM32CubeIDE/plugins/com.st.stm32cube.ide.mcu.externaltools.gnu-tools-for-stm32.12.3.rel1.win32_1.0.100.202403111256/tools/bin/../lib/gcc/arm-none-eabi/12.3.1/../../../../arm-none-eabi/lib/thumb/v7e-m+fp/hard\libc_nano.a(libc_a-findfp.o) (__sread)
C:/ST/STM32CubeIDE_1.13.2/STM32CubeIDE/plugins/com.st.stm32cube.ide.mcu.externaltools.gnu-tools-for-stm32.12.3.rel1.win32_1.0.100.202403111256/tools/bin/../lib/gcc/arm-none-eabi/12.3.1/../../../../arm-none-eabi/lib/thumb/v7e-m+fp/hard\libc_nano.a(libc_a-memset.o)
                              C:/ST/STM32CubeIDE_1.13.2/STM32CubeIDE/plugins/com.st.stm32cube.ide.mcu.externaltools.gnu-tools-for-stm32.12.3.rel1.win32_1.0.100.202403111256/tools/bin/../lib/gcc/arm-none-eabi/12.3.1/../../../../arm-none-eabi/lib/thumb/v7e-m+fp/hard/crt0.o (memset)
C:/ST/STM32CubeIDE_1.13.2/STM32CubeIDE/plugins/com.st.stm32cube.ide.mcu.externaltools.gnu-tools-for-stm32.12.3.rel1.win32_1.0.100.202403111256/tools/bin/../lib/gcc/arm-none-eabi/12.3.1/../../../../arm-none-eabi/lib/thumb/v7e-m+fp/hard\libc_nano.a(libc_a-closer.o)
                              C:/ST/STM32CubeIDE_1.13.2/STM32CubeIDE/plugins/com.st.stm32cube.ide.mcu.externaltools.gnu-tools-for-stm32.12.3.rel1.win32_1.0.100.202403111256/tools/bin/../lib/gcc/arm-none-eabi/12.3.1/../../../../arm-none-eabi/lib/thumb/v7e-m+fp/hard\libc_nano.a(libc_a-stdio.o) (_close_r)
C:/ST/STM32CubeIDE_1.13.2/STM32CubeIDE/plugins/com.st.stm32cube.ide.mcu.externaltools.gnu-tools-for-stm32.12.3.rel1.win32_1.0.100.202403111256/tools/bin/../lib/gcc/arm-none-eabi/12.3.1/../../../../arm-none-eabi/lib/thumb/v7e-m+fp/hard\libc_nano.a(libc_a-reent.o)
                              C:/ST/STM32CubeIDE_1.13.2/STM32CubeIDE/plugins/com.st.stm32cube.ide.mcu.externaltools.gnu-tools-for-stm32.12.3.rel1.win32_1.0.100.202403111256/tools/bin/../lib/gcc/arm-none-eabi/12.3.1/../../../../arm-none-eabi/lib/thumb/v7e-m+fp/hard\libc_nano.a(libc_a-closer.o) (errno)
C:/ST/STM32CubeIDE_1.13.2/STM32CubeIDE/plugins/com.st.stm32cube.ide.mcu.externaltools.gnu-tools-for-stm32.12.3.rel1.win32_1.0.100.202403111256/tools/bin/../lib/gcc/arm-none-eabi/12.3.1/../../../../arm-none-eabi/lib/thumb/v7e-m+fp/hard\libc_nano.a(libc_a-impure.o)
                              C:/ST/STM32CubeIDE_1.13.2/STM32CubeIDE/plugins/com.st.stm32cube.ide.mcu.externaltools.gnu-tools-for-stm32.12.3.rel1.win32_1.0.100.202403111256/tools/bin/../lib/gcc/arm-none-eabi/12.3.1/../../../../arm-none-eabi/lib/thumb/v7e-m+fp/hard\libc_nano.a(libc_a-reent.o) (_impure_ptr)
C:/ST/STM32CubeIDE_1.13.2/STM32CubeIDE/plugins/com.st.stm32cube.ide.mcu.externaltools.gnu-tools-for-stm32.12.3.rel1.win32_1.0.100.202403111256/tools/bin/../lib/gcc/arm-none-eabi/12.3.1/../../../../arm-none-eabi/lib/thumb/v7e-m+fp/hard\libc_nano.a(libc_a-lseekr.o)
[...]
Memory Configuration

Name             Origin             Length             Attributes
RAM              0x20000000         0x00020000         xrw
FLASH            0x08000000         0x00080000         xr
*default*        0x00000000         0xffffffff

Linker script and memory map

LOAD C:/ST/STM32CubeIDE_1.13.2/STM32CubeIDE/plugins/com.st.stm32cube.ide.mcu.externaltools.gnu-tools-for-stm32.12.3.rel1.win32_1.0.100.202403111256/tools/bin/../lib/gcc/arm-none-eabi/12.3.1/thumb/v7e-m+fp/hard/crti.o
LOAD C:/ST/STM32CubeIDE_1.13.2/STM32CubeIDE/plugins/com.st.stm32cube.ide.mcu.externaltools.gnu-tools-for-stm32.12.3.rel1.win32_1.0.100.202403111256/tools/bin/../lib/gcc/arm-none-eabi/12.3.1/thumb/v7e-m+fp/hard/crtbegin.o
LOAD C:/ST/STM32CubeIDE_1.13.2/STM32CubeIDE/plugins/com.st.stm32cube.ide.mcu.externaltools.gnu-tools-for-stm32.12.3.rel1.win32_1.0.100.202403111256/tools/bin/../lib/gcc/arm-none-eabi/12.3.1/../../../../arm-none-eabi/lib/thumb/v7e-m+fp/hard/crt0.o
LOAD ./Core/Src/Encoder_AMT.o
LOAD ./Core/Src/Motor.o
LOAD ./Core/Src/PID_controller.o
LOAD ./Core/Src/Trapezoidal.o
LOAD ./Core/Src/main.o
LOAD ./Core/Src/stm32g4xx_hal_msp.o
LOAD ./Core/Src/stm32g4xx_it.o
LOAD ./Core/Src/syscalls.o
LOAD ./Core/Src/sysmem.o
LOAD ./Core/Src/system_stm32g4xx.o
LOAD ./Core/Startup/startup_stm32g474retx.o
LOAD ./Drivers/STM32G4xx_HAL_Driver/Src/stm32g4xx_hal.o
LOAD ./Drivers/STM32G4xx_HAL_Driver/Src/stm32g4xx_hal_cortex.o
LOAD ./Drivers/STM32G4xx_HAL_Driver/Src/stm32g4xx_hal_dma.o
LOAD ./Drivers/STM32G4xx_HAL_Driver/Src/stm32g4xx_hal_dma_ex.o
LOAD ./Drivers/STM32G4xx_HAL_Driver/Src/stm32g4xx_hal_exti.o
LOAD ./Drivers/STM32G4xx_HAL_Driver/Src/stm32g4xx_hal_flash.o
LOAD ./Drivers/STM32G4xx_HAL_Driver/Src/stm32g4xx_hal_flash_ex.o
LOAD ./Drivers/STM32G4xx_HAL_Driver/Src/stm32g4xx_hal_flash_ramfunc.o
LOAD ./Drivers/STM32G4xx_HAL_Driver/Src/stm32g4xx_hal_gpio.o
LOAD ./Drivers/STM32G4xx_HAL_Driver/Src/stm32g4xx_hal_pwr.o
LOAD ./Drivers/STM32G4xx_HAL_Driver/Src/stm32g4xx_hal_pwr_ex.o
LOAD ./Drivers/STM32G4xx_HAL_Driver/Src/stm32g4xx_hal_rcc.o
LOAD ./Drivers/STM32G4xx_HAL_Driver/Src/stm32g4xx_hal_rcc_ex.o
LOAD ./Drivers/STM32G4xx_HAL_Driver/Src/stm32g4xx_hal_tim.o
LOAD ./Drivers/STM32G4xx_HAL_Driver/Src/stm32g4xx_hal_tim_ex.o
LOAD ./Drivers/STM32G4xx_HAL_Driver/Src/stm32g4xx_hal_uart.o
LOAD ./Drivers/STM32G4xx_HAL_Driver/Src/stm32g4xx_hal_uart_ex.o
START GROUP
LOAD C:/ST/STM32CubeIDE_1.13.2/STM32CubeIDE/plugins/com.st.stm32cube.ide.mcu.externaltools.gnu-tools-for-stm32.12.3.rel1.win32_1.0.100.202403111256/tools/bin/../lib/gcc/arm-none-eabi/12.3.1/../../../../arm-none-eabi/lib/thumb/v7e-m+fp/hard\libc_nano.a
LOAD C:/ST/STM32CubeIDE_1.13.2/STM32CubeIDE/plugins/com.st.stm32cube.ide.mcu.externaltools.gnu-tools-for-stm32.12.3.rel1.win32_1.0.100.202403111256/tools/bin/../lib/gcc/arm-none-eabi/12.3.1/../../../../arm-none-eabi/lib/thumb/v7e-m+fp/hard\libm.a
END GROUP
START GROUP
LOAD C:/ST/STM32CubeIDE_1.13.2/STM32CubeIDE/plugins/com.st.stm32cube.ide.mcu.externaltools.gnu-tools-for-stm32.12.3.rel1.win32_1.0.100.202403111256/tools/bin/../lib/gcc/arm-none-eabi/12.3.1/thumb/v7e-m+fp/hard\libgcc.a
LOAD C:/ST/STM32CubeIDE_1.13.2/STM32CubeIDE/plugins/com.st.stm32cube.ide.mcu.externaltools.gnu-tools-for-stm32.12.3.rel1.win32_1.0.100.202403111256/tools/bin/../lib/gcc/arm-none-eabi/12.3.1/../../../../arm-none-eabi/lib/thumb/v7e-m+fp/hard\libc_nano.a
END GROUP
START GROUP
LOAD C:/ST/STM32CubeIDE_1.13.2/STM32CubeIDE/plugins/com.st.stm32cube.ide.mcu.externaltools.gnu-tools-for-stm32.12.3.rel1.win32_1.0.100.202403111256/tools/bin/../lib/gcc/arm-none-eabi/12.3.1/thumb/v7e-m+fp/hard\libgcc.a
LOAD C:/ST/STM32CubeIDE_1.13.2/STM32CubeIDE/plugins/com.st.stm32cube.ide.mcu.externaltools.gnu-tools-for-stm32.12.3.rel1.win32_1.0.100.202403111256/tools/bin/../lib/gcc/arm-none-eabi/12.3.1/../../../../arm-none-eabi/lib/thumb/v7e-m+fp/hard\libc_nano.a
LOAD C:/ST/STM32CubeIDE_1.13.2/STM32CubeIDE/plugins/com.st.stm32cube.ide.mcu.externaltools.gnu-tools-for-stm32.12.3.rel1.win32_1.0.100.202403111256/tools/bin/../lib/gcc/arm-none-eabi/12.3.1/../../../../arm-none-eabi/lib/thumb/v7e-m+fp/hard\libnosys.a
END GROUP
START GROUP
LOAD C:/ST/STM32CubeIDE_1.13.2/STM32CubeIDE/plugins/com.st.stm32cube.ide.mcu.externaltools.gnu-tools-for-stm32.12.3.rel1.win32_1.0.100.202403111256/tools/bin/../lib/gcc/arm-none-eabi/12.3.1/thumb/v7e-m+fp/hard\libgcc.a
LOAD C:/ST/STM32CubeIDE_1.13.2/STM32CubeIDE/plugins/com.st.stm32cube.ide.mcu.externaltools.gnu-tools-for-stm32.12.3.rel1.win32_1.0.100.202403111256/tools/bin/../lib/gcc/arm-none-eabi/12.3.1/../../../../arm-none-eabi/lib/thumb/v7e-m+fp/hard\libc_nano.a
LOAD C:/ST/STM32CubeIDE_1.13.2/STM32CubeIDE/plugins/com.st.stm32cube.ide.mcu.externaltools.gnu-tools-for-stm32.12.3.rel1.win32_1.0.100.202403111256/tools/bin/../lib/gcc/arm-none-eabi/12.3.1/../../../../arm-none-eabi/lib/thumb/v7e-m+fp/hard\libnosys.a
END GROUP
LOAD C:/ST/STM32CubeIDE_1.13.2/STM32CubeIDE/plugins/com.st.stm32cube.ide.mcu.externaltools.gnu-tools-for-stm32.12.3.rel1.win32_1.0.100.202403111256/tools/bin/../lib/gcc/arm-none-eabi/12.3.1/thumb/v7e-m+fp/hard/crtend.o
LOAD C:/ST/STM32CubeIDE_1.13.2/STM32CubeIDE/plugins/com.st.stm32cube.ide.mcu.externaltools.gnu-tools-for-stm32.12.3.rel1.win32_1.0.100.202403111256/tools/bin/../lib/gcc/arm-none-eabi/12.3.1/thumb/v7e-m+fp/hard/crtn.o
                0x20020000                        _estack = (ORIGIN (RAM) + LENGTH (RAM))
                0x00000200                        _Min_Heap_Size = 0x200
                0x00000400                        _Min_Stack_Size = 0x400

.isr_vector     0x08000000      0x1d8
                0x08000000                        . = ALIGN (0x4)
 *(.isr_vector)
 .isr_vector    0x08000000      0x1d8 ./Core/Startup/startup_stm32g474retx.o
                0x08000000                g_pfnVectors
                0x080001d8                        . = ALIGN (0x4)

.text           0x080001d8     0x6b94
                0x080001d8                        . = ALIGN (0x4)
 *(.text)
 .text          0x080001d8       0x40 C:/ST/STM32CubeIDE_1.13.2/STM32CubeIDE/plugins/com.st.stm32cube.ide.mcu.externaltools.gnu-tools-for-stm32.12.3.rel1.win32_1.0.100.202403111256/tools/bin/../lib/gcc/arm-none-eabi/12.3.1/thumb/v7e-m+fp/hard/crtbegin.o
 .text          0x08000218      0x378 C:/ST/STM32CubeIDE_1.13.2/STM32CubeIDE/plugins/com.st.stm32cube.ide.mcu.externaltools.gnu-tools-for-stm32.12.3.rel1.win32_1.0.100.202403111256/tools/bin/../lib/gcc/arm-none-eabi/12.3.1/thumb/v7e-m+fp/hard\libgcc.a(_arm_addsubdf3.o)
                0x08000218                __aeabi_drsub
                0x08000220                __aeabi_dsub
                0x08000220                __subdf3
                0x08000224                __aeabi_dadd
                0x08000224                __adddf3
                0x0800049c                __floatunsidf
                0x0800049c                __aeabi_ui2d
                0x080004bc                __floatsidf
                0x080004bc                __aeabi_i2d
                0x080004e0                __aeabi_f2d
                0x080004e0                __extendsfdf2
                0x08000524                __floatundidf
                0x08000524                __aeabi_ul2d
                0x08000534                __floatdidf
                0x08000534                __aeabi_l2d
 .text          0x08000590      0x424 C:/ST/STM32CubeIDE_1.13.2/STM32CubeIDE/plugins/com.st.stm32cube.ide.mcu.externaltools.gnu-tools-for-stm32.12.3.rel1.win32_1.0.100.202403111256/tools/bin/../lib/gcc/arm-none-eabi/12.3.1/thumb/v7e-m+fp/hard\libgcc.a(_arm_muldivdf3.o)
                0x08000590                __aeabi_dmul
                0x08000590                __muldf3
                0x080007e4                __divdf3
                0x080007e4                __aeabi_ddiv
 .text          0x080009b4      0x110 C:/ST/STM32CubeIDE_1.13.2/STM32CubeIDE/plugins/com.st.stm32cube.ide.mcu.externaltools.gnu-tools-for-stm32.12.3.rel1.win32_1.0.100.202403111256/tools/bin/../lib/gcc/arm-none-eabi/12.3.1/thumb/v7e-m+fp/hard\libgcc.a(_arm_cmpdf2.o)
                0x080009b4                __gtdf2
                0x080009b4                __gedf2
                0x080009bc                __ltdf2
                0x080009bc                __ledf2
                0x080009c4                __nedf2
                0x080009c4                __eqdf2
                0x080009c4                __cmpdf2
                0x08000a40                __aeabi_cdrcmple
                0x08000a50                __aeabi_cdcmpeq
                0x08000a50                __aeabi_cdcmple
                0x08000a60                __aeabi_dcmpeq
                0x08000a74                __aeabi_dcmplt
                0x08000a88                __aeabi_dcmple
                0x08000a9c                __aeabi_dcmpge
                0x08000ab0                __aeabi_dcmpgt
 .text          0x08000ac4       0x2c C:/ST/STM32CubeIDE_1.13.2/STM32CubeIDE/plugins/com.st.stm32cube.ide.mcu.externaltools.gnu-tools-for-stm32.12.3.rel1.win32_1.0.100.202403111256/tools/bin/../lib/gcc/arm-none-eabi/12.3.1/thumb/v7e-m+fp/hard\libgcc.a(_arm_unorddf2.o)
                0x08000ac4                __unorddf2
                0x08000ac4                __aeabi_dcmpun
 .text          0x08000af0       0x40 C:/ST/STM32CubeIDE_1.13.2/STM32CubeIDE/plugins/com.st.stm32cube.ide.mcu.externaltools.gnu-tools-for-stm32.12.3.rel1.win32_1.0.100.202403111256/tools/bin/../lib/gcc/arm-none-eabi/12.3.1/thumb/v7e-m+fp/hard\libgcc.a(_arm_fixunsdfsi.o)
                0x08000af0                __aeabi_d2uiz
                0x08000af0                __fixunsdfsi
 .text          0x08000b30       0xa0 C:/ST/STM32CubeIDE_1.13.2/STM32CubeIDE/plugins/com.st.stm32cube.ide.mcu.externaltools.gnu-tools-for-stm32.12.3.rel1.win32_1.0.100.202403111256/tools/bin/../lib/gcc/arm-none-eabi/12.3.1/thumb/v7e-m+fp/hard\libgcc.a(_arm_truncdfsf2.o)
                0x08000b30                __truncdfsf2
                0x08000b30                __aeabi_d2f
 .text          0x08000bd0      0x21c C:/ST/STM32CubeIDE_1.13.2/STM32CubeIDE/plugins/com.st.stm32cube.ide.mcu.externaltools.gnu-tools-for-stm32.12.3.rel1.win32_1.0.100.202403111256/tools/bin/../lib/gcc/arm-none-eabi/12.3.1/thumb/v7e-m+fp/hard\libgcc.a(_arm_addsubsf3.o)
                0x08000bd0                __aeabi_frsub
                0x08000bd8                __subsf3
                0x08000bd8                __aeabi_fsub
                0x08000bdc                __aeabi_fadd
                0x08000bdc                __addsf3
                0x08000d3c                __aeabi_ui2f
                0x08000d3c                __floatunsisf
                0x08000d44                __aeabi_i2f
                0x08000d44                __floatsisf
                0x08000d60                __aeabi_ul2f
                0x08000d60                __floatundisf
                0x08000d70                __aeabi_l2f
                0x08000d70                __floatdisf
 .text          0x08000dec       0x30 C:/ST/STM32CubeIDE_1.13.2/STM32CubeIDE/plugins/com.st.stm32cube.ide.mcu.externaltools.gnu-tools-for-stm32.12.3.rel1.win32_1.0.100.202403111256/tools/bin/../lib/gcc/arm-none-eabi/12.3.1/thumb/v7e-m+fp/hard\libgcc.a(_aeabi_uldivmod.o)
                0x08000dec                __aeabi_uldivmod
 .text          0x08000e1c      0x2bc C:/ST/STM32CubeIDE_1.13.2/STM32CubeIDE/plugins/com.st.stm32cube.ide.mcu.externaltools.gnu-tools-for-stm32.12.3.rel1.win32_1.0.100.202403111256/tools/bin/../lib/gcc/arm-none-eabi/12.3.1/thumb/v7e-m+fp/hard\libgcc.a(_udivmoddi4.o)
                0x08000e1c                __udivmoddi4
 .text          0x080010d8        0x4 C:/ST/STM32CubeIDE_1.13.2/STM32CubeIDE/plugins/com.st.stm32cube.ide.mcu.externaltools.gnu-tools-for-stm32.12.3.rel1.win32_1.0.100.202403111256/tools/bin/../lib/gcc/arm-none-eabi/12.3.1/thumb/v7e-m+fp/hard\libgcc.a(_dvmd_tls.o)
                0x080010d8                __aeabi_idiv0
                0x080010d8                __aeabi_ldiv0
 *(.text*)
 .text.AMT_encoder_init
                0x080010dc       0x30 ./Core/Src/Encoder_AMT.o
                0x080010dc                AMT_encoder_init
 *fill*         0x0800110c        0x4 
 .text.AMT_encoder_update
                0x08001110      0x1dc ./Core/Src/Encoder_AMT.o
                0x08001110                AMT_encoder_update
 .text.lowPassFilter
                0x080012ec       0x58 ./Core/Src/Encoder_AMT.o
                0x080012ec                lowPassFilter
 .text.MOTOR_init
                0x08001344       0x34 ./Core/Src/Motor.o
                0x08001344                MOTOR_init
 .text.MOTOR_set_duty
                0x08001378      0x4f0 ./Core/Src/Motor.o
                0x08001378                MOTOR_set_duty
 .text.PID_controller_init
                0x08001868       0x70 ./Core/Src/PID_controller.o
                0x08001868                PID_controller_init
 .text.PID_controller_calculate_velo
                0x080018d8      0x138 ./Core/Src/PID_controller.o
                0x080018d8                PID_controller_calculate_velo
 .text.Traject_init
                0x08001a10       0x40 ./Core/Src/Trapezoidal.o
                0x08001a10                Traject_init
 .text.Traject  0x08001a50      0x4ac ./Core/Src/Trapezoidal.o
                0x08001a50                Traject
 *fill*         0x08001efc        0x4 
 .text.main     0x08001f00      0x20c ./Core/Src/main.o
                0x08001f00                main
 .text.SystemClock_Config
                0x0800210c       0x96 ./Core/Src/main.o
                0x0800210c                SystemClock_Config
 *fill*         0x080021a2        0x2 
 .text.MX_LPUART1_UART_Init
                0x080021a4       0x94 ./Core/Src/main.o
 .text.MX_TIM1_Init
                0x08002238       0xa8 ./Core/Src/main.o
 .text.MX_TIM2_Init
                0x080022e0       0xa8 ./Core/Src/main.o
 .text.MX_TIM3_Init
                0x08002388      0x10c ./Core/Src/main.o
 .text.MX_TIM4_Init
                0x08002494       0x9c ./Core/Src/main.o
 .text.MX_TIM5_Init
                0x08002530       0x9c ./Core/Src/main.o
 .text.MX_TIM6_Init
                0x080025cc       0x6c ./Core/Src/main.o
 .text.MX_GPIO_Init
                0x08002638      0x118 ./Core/Src/main.o
 .text.micros   0x08002750       0x34 ./Core/Src/main.o
                0x08002750                micros
 .text.HAL_TIM_PeriodElapsedCallback
                0x08002784       0x74 ./Core/Src/main.o
                0x08002784                HAL_TIM_PeriodElapsedCallback
 .text.HAL_GPIO_EXTI_Callback
                0x080027f8       0x58 ./Core/Src/main.o
                0x080027f8                HAL_GPIO_EXTI_Callback
 .text.Error_Handler
                0x08002850        0xc ./Core/Src/main.o
                0x08002850                Error_Handler
 .text.HAL_MspInit
                0x0800285c       0x48 ./Core/Src/stm32g4xx_hal_msp.o
                0x0800285c                HAL_MspInit
 .text.HAL_UART_MspInit
                0x080028a4       0xb0 ./Core/Src/stm32g4xx_hal_msp.o
                0x080028a4                HAL_UART_MspInit
 .text.HAL_TIM_Base_MspInit
                0x08002954       0xfc ./Core/Src/stm32g4xx_hal_msp.o
                0x08002954                HAL_TIM_Base_MspInit
 .text.HAL_TIM_Encoder_MspInit
                0x08002a50       0x80 ./Core/Src/stm32g4xx_hal_msp.o
                0x08002a50                HAL_TIM_Encoder_MspInit
 .text.HAL_TIM_MspPostInit
                0x08002ad0       0x70 ./Core/Src/stm32g4xx_hal_msp.o
                0x08002ad0                HAL_TIM_MspPostInit
 .text.NMI_Handler
                0x08002b40        0x8 ./Core/Src/stm32g4xx_it.o
                0x08002b40                NMI_Handler
 .text.HardFault_Handler
                0x08002b48        0x8 ./Core/Src/stm32g4xx_it.o
                0x08002b48                HardFault_Handler
 .text.MemManage_Handler
                0x08002b50        0x8 ./Core/Src/stm32g4xx_it.o
                0x08002b50                MemManage_Handler
 .text.BusFault_Handler
                0x08002b58        0x8 ./Core/Src/stm32g4xx_it.o
                0x08002b58                BusFault_Handler
 .text.UsageFault_Handler
                0x08002b60        0x8 ./Core/Src/stm32g4xx_it.o
                0x08002b60                UsageFault_Handler
 .text.SVC_Handler
                0x08002b68        0xe ./Core/Src/stm32g4xx_it.o
                0x08002b68                SVC_Handler
 .text.DebugMon_Handler
                0x08002b76        0xe ./Core/Src/stm32g4xx_it.o
                0x08002b76                DebugMon_Handler
 .text.PendSV_Handler
                0x08002b84        0xe ./Core/Src/stm32g4xx_it.o
                0x08002b84                PendSV_Handler
 .text.SysTick_Handler
                0x08002b92        0xc ./Core/Src/stm32g4xx_it.o
                0x08002b92                SysTick_Handler
 .text.EXTI4_IRQHandler
                0x08002b9e        0xe ./Core/Src/stm32g4xx_it.o
                0x08002b9e                EXTI4_IRQHandler
 .text.EXTI9_5_IRQHandler
                0x08002bac        0xe ./Core/Src/stm32g4xx_it.o
                0x08002bac                EXTI9_5_IRQHandler
 *fill*         0x08002bba        0x2 
 .text.TIM4_IRQHandler
                0x08002bbc       0x14 ./Core/Src/stm32g4xx_it.o
                0x08002bbc                TIM4_IRQHandler
 .text.EXTI15_10_IRQHandler
                0x08002bd0       0x10 ./Core/Src/stm32g4xx_it.o
                0x08002bd0                EXTI15_10_IRQHandler
 .text.TIM5_IRQHandler
                0x08002be0       0x14 ./Core/Src/stm32g4xx_it.o
                0x08002be0                TIM5_IRQHandler
 .text.SystemInit
                0x08002bf4       0x24 ./Core/Src/system_stm32g4xx.o
                0x08002bf4                SystemInit
 .text.Reset_Handler
                0x08002c18       0x50 ./Core/Startup/startup_stm32g474retx.o
                0x08002c18                Reset_Handler
 .text.Default_Handler
                0x08002c68        0x2 ./Core/Startup/startup_stm32g474retx.o
                0x08002c68                RTC_Alarm_IRQHandler
                0x08002c68                EXTI2_IRQHandler
                0x08002c68                TIM8_TRG_COM_IRQHandler
                0x08002c68                TIM8_CC_IRQHandler
                0x08002c68                HRTIM1_Master_IRQHandler
                0x08002c68                SPI4_IRQHandler
                0x08002c68                FDCAN3_IT0_IRQHandler
                0x08002c68                TIM1_CC_IRQHandler
                0x08002c68                HRTIM1_FLT_IRQHandler
                0x08002c68                HRTIM1_TIMF_IRQHandler
                0x08002c68                USB_HP_IRQHandler
                0x08002c68                CORDIC_IRQHandler
                0x08002c68                HRTIM1_TIMD_IRQHandler
                0x08002c68                DMA2_Channel8_IRQHandler
                0x08002c68                EXTI3_IRQHandler
                0x08002c68                I2C3_ER_IRQHandler
                0x08002c68                EXTI0_IRQHandler
                0x08002c68                I2C2_EV_IRQHandler
                0x08002c68                FPU_IRQHandler
                0x08002c68                FDCAN1_IT1_IRQHandler
                0x08002c68                TIM1_UP_TIM16_IRQHandler
                0x08002c68                ADC1_2_IRQHandler
                0x08002c68                HRTIM1_TIME_IRQHandler
                0x08002c68                SPI1_IRQHandler
                0x08002c68                TIM6_DAC_IRQHandler
                0x08002c68                HRTIM1_TIMC_IRQHandler
                0x08002c68                TIM8_UP_IRQHandler
                0x08002c68                DMA2_Channel2_IRQHandler
                0x08002c68                DMA1_Channel4_IRQHandler
                0x08002c68                TIM20_TRG_COM_IRQHandler
                0x08002c68                USART3_IRQHandler
                0x08002c68                DMA1_Channel7_IRQHandler
                0x08002c68                UART5_IRQHandler
                0x08002c68                ADC3_IRQHandler
                0x08002c68                DMA2_Channel1_IRQHandler
                0x08002c68                QUADSPI_IRQHandler
                0x08002c68                I2C1_EV_IRQHandler
                0x08002c68                DMA1_Channel6_IRQHandler
                0x08002c68                UART4_IRQHandler
                0x08002c68                DMA2_Channel4_IRQHandler
                0x08002c68                TIM3_IRQHandler
                0x08002c68                RCC_IRQHandler
                0x08002c68                TIM20_UP_IRQHandler
                0x08002c68                DMA1_Channel1_IRQHandler
                0x08002c68                Default_Handler
                0x08002c68                DMA2_Channel7_IRQHandler
                0x08002c68                RTC_TAMP_LSECSS_IRQHandler
                0x08002c68                FMAC_IRQHandler
                0x08002c68                DMA1_Channel8_IRQHandler
                0x08002c68                HRTIM1_TIMA_IRQHandler
                0x08002c68                TIM7_DAC_IRQHandler
                0x08002c68                FDCAN3_IT1_IRQHandler
                0x08002c68                UCPD1_IRQHandler
                0x08002c68                I2C3_EV_IRQHandler
                0x08002c68                RTC_WKUP_IRQHandler
                0x08002c68                PVD_PVM_IRQHandler
                0x08002c68                SPI2_IRQHandler
                0x08002c68                ADC5_IRQHandler
                0x08002c68                DMA2_Channel5_IRQHandler
                0x08002c68                CRS_IRQHandler
                0x08002c68                DMA1_Channel5_IRQHandler
                0x08002c68                USB_LP_IRQHandler
                0x08002c68                RNG_IRQHandler
                0x08002c68                HRTIM1_TIMB_IRQHandler
                0x08002c68                TIM1_TRG_COM_TIM17_IRQHandler
                0x08002c68                FDCAN2_IT1_IRQHandler
                0x08002c68                DMA1_Channel3_IRQHandler
                0x08002c68                ADC4_IRQHandler
                0x08002c68                WWDG_IRQHandler
                0x08002c68                I2C4_EV_IRQHandler
                0x08002c68                FDCAN2_IT0_IRQHandler
                0x08002c68                LPUART1_IRQHandler
                0x08002c68                DMA2_Channel6_IRQHandler
                0x08002c68                FDCAN1_IT0_IRQHandler
                0x08002c68                TIM2_IRQHandler
                0x08002c68                COMP7_IRQHandler
                0x08002c68                COMP1_2_3_IRQHandler
                0x08002c68                EXTI1_IRQHandler
                0x08002c68                USART2_IRQHandler
                0x08002c68                COMP4_5_6_IRQHandler
                0x08002c68                TIM20_BRK_IRQHandler
                0x08002c68                I2C2_ER_IRQHandler
                0x08002c68                DMA1_Channel2_IRQHandler
                0x08002c68                TIM8_BRK_IRQHandler
                0x08002c68                FLASH_IRQHandler
                0x08002c68                TIM20_CC_IRQHandler
                0x08002c68                USART1_IRQHandler
                0x08002c68                SPI3_IRQHandler
                0x08002c68                I2C1_ER_IRQHandler
                0x08002c68                FMC_IRQHandler
                0x08002c68                LPTIM1_IRQHandler
                0x08002c68                DMAMUX_OVR_IRQHandler
                0x08002c68                I2C4_ER_IRQHandler
                0x08002c68                USBWakeUp_IRQHandler
                0x08002c68                SAI1_IRQHandler
                0x08002c68                DMA2_Channel3_IRQHandler
                0x08002c68                TIM1_BRK_TIM15_IRQHandler
 .text.HAL_Init
                0x08002c6a       0x30 ./Drivers/STM32G4xx_HAL_Driver/Src/stm32g4xx_hal.o
                0x08002c6a                HAL_Init
 *fill*         0x08002c9a        0x2 
 .text.HAL_InitTick
                0x08002c9c       0x74 ./Drivers/STM32G4xx_HAL_Driver/Src/stm32g4xx_hal.o
                0x08002c9c                HAL_InitTick
 .text.HAL_IncTick
                0x08002d10       0x24 ./Drivers/STM32G4xx_HAL_Driver/Src/stm32g4xx_hal.o
                0x08002d10                HAL_IncTick
 .text.HAL_GetTick
                0x08002d34       0x18 ./Drivers/STM32G4xx_HAL_Driver/Src/stm32g4xx_hal.o
                0x08002d34                HAL_GetTick
 .text.__NVIC_SetPriorityGrouping
                0x08002d4c       0x48 ./Drivers/STM32G4xx_HAL_Driver/Src/stm32g4xx_hal_cortex.o
 .text.__NVIC_GetPriorityGrouping
                0x08002d94       0x1c ./Drivers/STM32G4xx_HAL_Driver/Src/stm32g4xx_hal_cortex.o
 .text.__NVIC_EnableIRQ
                0x08002db0       0x3c ./Drivers/STM32G4xx_HAL_Driver/Src/stm32g4xx_hal_cortex.o
 .text.__NVIC_SetPriority
                0x08002dec       0x54 ./Drivers/STM32G4xx_HAL_Driver/Src/stm32g4xx_hal_cortex.o
 .text.NVIC_EncodePriority
                0x08002e40       0x66 ./Drivers/STM32G4xx_HAL_Driver/Src/stm32g4xx_hal_cortex.o
 *fill*         0x08002ea6        0x2 
 .text.SysTick_Config
                0x08002ea8       0x44 ./Drivers/STM32G4xx_HAL_Driver/Src/stm32g4xx_hal_cortex.o
 .text.HAL_NVIC_SetPriorityGrouping
                0x08002eec       0x16 ./Drivers/STM32G4xx_HAL_Driver/Src/stm32g4xx_hal_cortex.o
                0x08002eec                HAL_NVIC_SetPriorityGrouping
 .text.HAL_NVIC_SetPriority
                0x08002f02       0x34 ./Drivers/STM32G4xx_HAL_Driver/Src/stm32g4xx_hal_cortex.o
                0x08002f02                HAL_NVIC_SetPriority
 .text.HAL_NVIC_EnableIRQ
                0x08002f36       0x1c ./Drivers/STM32G4xx_HAL_Driver/Src/stm32g4xx_hal_cortex.o
                0x08002f36                HAL_NVIC_EnableIRQ
 .text.HAL_SYSTICK_Config
                0x08002f52       0x18 ./Drivers/STM32G4xx_HAL_Driver/Src/stm32g4xx_hal_cortex.o
                0x08002f52                HAL_SYSTICK_Config
 *fill*         0x08002f6a        0x2 
 .text.HAL_GPIO_Init
                0x08002f6c      0x304 ./Drivers/STM32G4xx_HAL_Driver/Src/stm32g4xx_hal_gpio.o
                0x08002f6c                HAL_GPIO_Init
 .text.HAL_GPIO_ReadPin
                0x08003270       0x30 ./Drivers/STM32G4xx_HAL_Driver/Src/stm32g4xx_hal_gpio.o
                0x08003270                HAL_GPIO_ReadPin
 .text.HAL_GPIO_WritePin
                0x080032a0       0x30 ./Drivers/STM32G4xx_HAL_Driver/Src/stm32g4xx_hal_gpio.o
                0x080032a0                HAL_GPIO_WritePin
 .text.HAL_GPIO_EXTI_IRQHandler
                0x080032d0       0x30 ./Drivers/STM32G4xx_HAL_Driver/Src/stm32g4xx_hal_gpio.o
                0x080032d0                HAL_GPIO_EXTI_IRQHandler
 .text.HAL_PWREx_ControlVoltageScaling
                0x08003300      0x148 ./Drivers/STM32G4xx_HAL_Driver/Src/stm32g4xx_hal_pwr_ex.o
                0x08003300                HAL_PWREx_ControlVoltageScaling
 .text.HAL_PWREx_DisableUCPDDeadBattery
                0x08003448       0x20 ./Drivers/STM32G4xx_HAL_Driver/Src/stm32g4xx_hal_pwr_ex.o
                0x08003448                HAL_PWREx_DisableUCPDDeadBattery
 .text.HAL_RCC_OscConfig
                0x08003468      0x624 ./Drivers/STM32G4xx_HAL_Driver/Src/stm32g4xx_hal_rcc.o
                0x08003468                HAL_RCC_OscConfig
 .text.HAL_RCC_ClockConfig
                0x08003a8c      0x278 ./Drivers/STM32G4xx_HAL_Driver/Src/stm32g4xx_hal_rcc.o
                0x08003a8c                HAL_RCC_ClockConfig
 .text.HAL_RCC_GetSysClockFreq
                0x08003d04       0xc4 ./Drivers/STM32G4xx_HAL_Driver/Src/stm32g4xx_hal_rcc.o
                0x08003d04                HAL_RCC_GetSysClockFreq
 .text.HAL_RCC_GetHCLKFreq
                0x08003dc8       0x18 ./Drivers/STM32G4xx_HAL_Driver/Src/stm32g4xx_hal_rcc.o
                0x08003dc8                HAL_RCC_GetHCLKFreq
 .text.HAL_RCC_GetPCLK1Freq
                0x08003de0       0x2c ./Drivers/STM32G4xx_HAL_Driver/Src/stm32g4xx_hal_rcc.o
                0x08003de0                HAL_RCC_GetPCLK1Freq
 .text.HAL_RCC_GetPCLK2Freq
                0x08003e0c       0x2c ./Drivers/STM32G4xx_HAL_Driver/Src/stm32g4xx_hal_rcc.o
                0x08003e0c                HAL_RCC_GetPCLK2Freq
 .text.RCC_GetSysClockFreqFromPLLSource
                0x08003e38       0x8c ./Drivers/STM32G4xx_HAL_Driver/Src/stm32g4xx_hal_rcc.o
 .text.HAL_RCCEx_PeriphCLKConfig
                0x08003ec4      0x49c ./Drivers/STM32G4xx_HAL_Driver/Src/stm32g4xx_hal_rcc_ex.o
                0x08003ec4                HAL_RCCEx_PeriphCLKConfig
 .text.HAL_TIM_Base_Init
                0x08004360       0xae ./Drivers/STM32G4xx_HAL_Driver/Src/stm32g4xx_hal_tim.o
                0x08004360                HAL_TIM_Base_Init
 *fill*         0x0800440e        0x2 
 .text.HAL_TIM_Base_Start
                0x08004410       0xe0 ./Drivers/STM32G4xx_HAL_Driver/Src/stm32g4xx_hal_tim.o
                0x08004410                HAL_TIM_Base_Start
 .text.HAL_TIM_Base_Start_IT
                0x080044f0       0xf0 ./Drivers/STM32G4xx_HAL_Driver/Src/stm32g4xx_hal_tim.o
                0x080044f0                HAL_TIM_Base_Start_IT
 .text.HAL_TIM_PWM_Init
                0x080045e0       0xae ./Drivers/STM32G4xx_HAL_Driver/Src/stm32g4xx_hal_tim.o
                0x080045e0                HAL_TIM_PWM_Init
 .text.HAL_TIM_PWM_MspInit
                0x0800468e       0x14 ./Drivers/STM32G4xx_HAL_Driver/Src/stm32g4xx_hal_tim.o
                0x0800468e                HAL_TIM_PWM_MspInit
 *fill*         0x080046a2        0x2 
 .text.HAL_TIM_PWM_Start_IT
                0x080046a4      0x2c0 ./Drivers/STM32G4xx_HAL_Driver/Src/stm32g4xx_hal_tim.o
                0x080046a4                HAL_TIM_PWM_Start_IT
 .text.HAL_TIM_Encoder_Init
                0x08004964      0x14c ./Drivers/STM32G4xx_HAL_Driver/Src/stm32g4xx_hal_tim.o
                0x08004964                HAL_TIM_Encoder_Init
 .text.HAL_TIM_Encoder_Start
                0x08004ab0      0x11c ./Drivers/STM32G4xx_HAL_Driver/Src/stm32g4xx_hal_tim.o
                0x08004ab0                HAL_TIM_Encoder_Start
 .text.HAL_TIM_IRQHandler
                0x08004bcc      0x29e ./Drivers/STM32G4xx_HAL_Driver/Src/stm32g4xx_hal_tim.o
                0x08004bcc                HAL_TIM_IRQHandler
 *fill*         0x08004e6a        0x2 
 .text.HAL_TIM_PWM_ConfigChannel
                0x08004e6c      0x228 ./Drivers/STM32G4xx_HAL_Driver/Src/stm32g4xx_hal_tim.o
                0x08004e6c                HAL_TIM_PWM_ConfigChannel
 .text.HAL_TIM_ConfigClockSource
                0x08005094      0x22c ./Drivers/STM32G4xx_HAL_Driver/Src/stm32g4xx_hal_tim.o
                0x08005094                HAL_TIM_ConfigClockSource
 .text.HAL_TIM_OC_DelayElapsedCallback
                0x080052c0       0x14 ./Drivers/STM32G4xx_HAL_Driver/Src/stm32g4xx_hal_tim.o
                0x080052c0                HAL_TIM_OC_DelayElapsedCallback
 .text.HAL_TIM_IC_CaptureCallback
                0x080052d4       0x14 ./Drivers/STM32G4xx_HAL_Driver/Src/stm32g4xx_hal_tim.o
                0x080052d4                HAL_TIM_IC_CaptureCallback
 .text.HAL_TIM_PWM_PulseFinishedCallback
                0x080052e8       0x14 ./Drivers/STM32G4xx_HAL_Driver/Src/stm32g4xx_hal_tim.o
                0x080052e8                HAL_TIM_PWM_PulseFinishedCallback
 .text.HAL_TIM_TriggerCallback
                0x080052fc       0x14 ./Drivers/STM32G4xx_HAL_Driver/Src/stm32g4xx_hal_tim.o
                0x080052fc                HAL_TIM_TriggerCallback
 .text.TIM_Base_SetConfig
                0x08005310      0x168 ./Drivers/STM32G4xx_HAL_Driver/Src/stm32g4xx_hal_tim.o
                0x08005310                TIM_Base_SetConfig
 .text.TIM_OC1_SetConfig
                0x08005478      0x134 ./Drivers/STM32G4xx_HAL_Driver/Src/stm32g4xx_hal_tim.o
 .text.TIM_OC2_SetConfig
                0x080055ac      0x128 ./Drivers/STM32G4xx_HAL_Driver/Src/stm32g4xx_hal_tim.o
                0x080055ac                TIM_OC2_SetConfig
 .text.TIM_OC3_SetConfig
                0x080056d4      0x124 ./Drivers/STM32G4xx_HAL_Driver/Src/stm32g4xx_hal_tim.o
 .text.TIM_OC4_SetConfig
                0x080057f8      0x128 ./Drivers/STM32G4xx_HAL_Driver/Src/stm32g4xx_hal_tim.o
 .text.TIM_OC5_SetConfig
                0x08005920       0xd4 ./Drivers/STM32G4xx_HAL_Driver/Src/stm32g4xx_hal_tim.o
 .text.TIM_OC6_SetConfig
                0x080059f4       0xd8 ./Drivers/STM32G4xx_HAL_Driver/Src/stm32g4xx_hal_tim.o
 .text.TIM_TI1_ConfigInputStage
                0x08005acc       0x5e ./Drivers/STM32G4xx_HAL_Driver/Src/stm32g4xx_hal_tim.o
 .text.TIM_TI2_ConfigInputStage
                0x08005b2a       0x60 ./Drivers/STM32G4xx_HAL_Driver/Src/stm32g4xx_hal_tim.o
 .text.TIM_ITRx_SetConfig
                0x08005b8a       0x3a ./Drivers/STM32G4xx_HAL_Driver/Src/stm32g4xx_hal_tim.o
 .text.TIM_ETR_SetConfig
                0x08005bc4       0x40 ./Drivers/STM32G4xx_HAL_Driver/Src/stm32g4xx_hal_tim.o
                0x08005bc4                TIM_ETR_SetConfig
 .text.TIM_CCxChannelCmd
                0x08005c04       0x4a ./Drivers/STM32G4xx_HAL_Driver/Src/stm32g4xx_hal_tim.o
                0x08005c04                TIM_CCxChannelCmd
 *fill*         0x08005c4e        0x2 
 .text.HAL_TIMEx_MasterConfigSynchronization
                0x08005c50      0x12c ./Drivers/STM32G4xx_HAL_Driver/Src/stm32g4xx_hal_tim_ex.o
                0x08005c50                HAL_TIMEx_MasterConfigSynchronization
 .text.HAL_TIMEx_CommutCallback
                0x08005d7c       0x14 ./Drivers/STM32G4xx_HAL_Driver/Src/stm32g4xx_hal_tim_ex.o
                0x08005d7c                HAL_TIMEx_CommutCallback
 .text.HAL_TIMEx_BreakCallback
                0x08005d90       0x14 ./Drivers/STM32G4xx_HAL_Driver/Src/stm32g4xx_hal_tim_ex.o
                0x08005d90                HAL_TIMEx_BreakCallback
 .text.HAL_TIMEx_Break2Callback
                0x08005da4       0x14 ./Drivers/STM32G4xx_HAL_Driver/Src/stm32g4xx_hal_tim_ex.o
                0x08005da4                HAL_TIMEx_Break2Callback
 .text.HAL_TIMEx_EncoderIndexCallback
                0x08005db8       0x14 ./Drivers/STM32G4xx_HAL_Driver/Src/stm32g4xx_hal_tim_ex.o
                0x08005db8                HAL_TIMEx_EncoderIndexCallback
 .text.HAL_TIMEx_DirectionChangeCallback
                0x08005dcc       0x14 ./Drivers/STM32G4xx_HAL_Driver/Src/stm32g4xx_hal_tim_ex.o
                0x08005dcc                HAL_TIMEx_DirectionChangeCallback
 .text.HAL_TIMEx_IndexErrorCallback
                0x08005de0       0x14 ./Drivers/STM32G4xx_HAL_Driver/Src/stm32g4xx_hal_tim_ex.o
                0x08005de0                HAL_TIMEx_IndexErrorCallback
 .text.HAL_TIMEx_TransitionErrorCallback
                0x08005df4       0x14 ./Drivers/STM32G4xx_HAL_Driver/Src/stm32g4xx_hal_tim_ex.o
                0x08005df4                HAL_TIMEx_TransitionErrorCallback
 .text.HAL_UART_Init
                0x08005e08       0xa0 ./Drivers/STM32G4xx_HAL_Driver/Src/stm32g4xx_hal_uart.o
                0x08005e08                HAL_UART_Init
 .text.UART_SetConfig
                0x08005ea8      0x5f8 ./Drivers/STM32G4xx_HAL_Driver/Src/stm32g4xx_hal_uart.o
                0x08005ea8                UART_SetConfig
 .text.UART_AdvFeatureConfig
                0x080064a0      0x144 ./Drivers/STM32G4xx_HAL_Driver/Src/stm32g4xx_hal_uart.o
                0x080064a0                UART_AdvFeatureConfig
 .text.UART_CheckIdleState
                0x080065e4      0x154 ./Drivers/STM32G4xx_HAL_Driver/Src/stm32g4xx_hal_uart.o
                0x080065e4                UART_CheckIdleState
 .text.UART_WaitOnFlagUntilTimeout
                0x08006738       0xda ./Drivers/STM32G4xx_HAL_Driver/Src/stm32g4xx_hal_uart.o
                0x08006738                UART_WaitOnFlagUntilTimeout
 .text.UART_EndRxTransfer
                0x08006812       0xcc ./Drivers/STM32G4xx_HAL_Driver/Src/stm32g4xx_hal_uart.o
 .text.HAL_UARTEx_DisableFifoMode
                0x080068de       0x72 ./Drivers/STM32G4xx_HAL_Driver/Src/stm32g4xx_hal_uart_ex.o
                0x080068de                HAL_UARTEx_DisableFifoMode
 .text.HAL_UARTEx_SetTxFifoThreshold
                0x08006950       0x7c ./Drivers/STM32G4xx_HAL_Driver/Src/stm32g4xx_hal_uart_ex.o
                0x08006950                HAL_UARTEx_SetTxFifoThreshold
 .text.HAL_UARTEx_SetRxFifoThreshold
                0x080069cc       0x7c ./Drivers/STM32G4xx_HAL_Driver/Src/stm32g4xx_hal_uart_ex.o
                0x080069cc                HAL_UARTEx_SetRxFifoThreshold
 .text.UARTEx_SetNbDataToProcess
                0x08006a48       0x9c ./Drivers/STM32G4xx_HAL_Driver/Src/stm32g4xx_hal_uart_ex.o
 .text.memset   0x08006ae4       0x10 C:/ST/STM32CubeIDE_1.13.2/STM32CubeIDE/plugins/com.st.stm32cube.ide.mcu.externaltools.gnu-tools-for-stm32.12.3.rel1.win32_1.0.100.202403111256/tools/bin/../lib/gcc/arm-none-eabi/12.3.1/../../../../arm-none-eabi/lib/thumb/v7e-m+fp/hard\libc_nano.a(libc_a-memset.o)
                0x08006ae4                memset
 .text.__errno  0x08006af4        0xc C:/ST/STM32CubeIDE_1.13.2/STM32CubeIDE/plugins/com.st.stm32cube.ide.mcu.externaltools.gnu-tools-for-stm32.12.3.rel1.win32_1.0.100.202403111256/tools/bin/../lib/gcc/arm-none-eabi/12.3.1/../../../../arm-none-eabi/lib/thumb/v7e-m+fp/hard\libc_nano.a(libc_a-errno.o)
                0x08006af4                __errno
 .text.__libc_init_array
                0x08006b00       0x48 C:/ST/STM32CubeIDE_1.13.2/STM32CubeIDE/plugins/com.st.stm32cube.ide.mcu.externaltools.gnu-tools-for-stm32.12.3.rel1.win32_1.0.100.202403111256/tools/bin/../lib/gcc/arm-none-eabi/12.3.1/../../../../arm-none-eabi/lib/thumb/v7e-m+fp/hard\libc_nano.a(libc_a-init.o)
                0x08006b00                __libc_init_array
 .text.sqrt     0x08006b48       0x58 C:/ST/STM32CubeIDE_1.13.2/STM32CubeIDE/plugins/com.st.stm32cube.ide.mcu.externaltools.gnu-tools-for-stm32.12.3.rel1.win32_1.0.100.202403111256/tools/bin/../lib/gcc/arm-none-eabi/12.3.1/../../../../arm-none-eabi/lib/thumb/v7e-m+fp/hard\libm.a(libm_a-w_sqrt.o)
                0x08006b48                sqrt
 .text.__ieee754_sqrt
                0x08006ba0      0x1b4 C:/ST/STM32CubeIDE_1.13.2/STM32CubeIDE/plugins/com.st.stm32cube.ide.mcu.externaltools.gnu-tools-for-stm32.12.3.rel1.win32_1.0.100.202403111256/tools/bin/../lib/gcc/arm-none-eabi/12.3.1/../../../../arm-none-eabi/lib/thumb/v7e-m+fp/hard\libm.a(libm_a-e_sqrt.o)
                0x08006ba0                __ieee754_sqrt
 *(.glue_7)
 .glue_7        0x08006d54        0x0 linker stubs
 *(.glue_7t)
 .glue_7t       0x08006d54        0x0 linker stubs
 *(.eh_frame)
 .eh_frame      0x08006d54        0x0 C:/ST/STM32CubeIDE_1.13.2/STM32CubeIDE/plugins/com.st.stm32cube.ide.mcu.externaltools.gnu-tools-for-stm32.12.3.rel1.win32_1.0.100.202403111256/tools/bin/../lib/gcc/arm-none-eabi/12.3.1/thumb/v7e-m+fp/hard/crtbegin.o
 *(.init)
 .init          0x08006d54        0x4 C:/ST/STM32CubeIDE_1.13.2/STM32CubeIDE/plugins/com.st.stm32cube.ide.mcu.externaltools.gnu-tools-for-stm32.12.3.rel1.win32_1.0.100.202403111256/tools/bin/../lib/gcc/arm-none-eabi/12.3.1/thumb/v7e-m+fp/hard/crti.o
                0x08006d54                _init
 .init          0x08006d58        0x8 C:/ST/STM32CubeIDE_1.13.2/STM32CubeIDE/plugins/com.st.stm32cube.ide.mcu.externaltools.gnu-tools-for-stm32.12.3.rel1.win32_1.0.100.202403111256/tools/bin/../lib/gcc/arm-none-eabi/12.3.1/thumb/v7e-m+fp/hard/crtn.o
 *(.fini)
 .fini          0x08006d60        0x4 C:/ST/STM32CubeIDE_1.13.2/STM32CubeIDE/plugins/com.st.stm32cube.ide.mcu.externaltools.gnu-tools-for-stm32.12.3.rel1.win32_1.0.100.202403111256/tools/bin/../lib/gcc/arm-none-eabi/12.3.1/thumb/v7e-m+fp/hard/crti.o
                0x08006d60                _fini
 .fini          0x08006d64        0x8 C:/ST/STM32CubeIDE_1.13.2/STM32CubeIDE/plugins/com.st.stm32cube.ide.mcu.externaltools.gnu-tools-for-stm32.12.3.rel1.win32_1.0.100.202403111256/tools/bin/../lib/gcc/arm-none-eabi/12.3.1/thumb/v7e-m+fp/hard/crtn.o
                0x08006d6c                        . = ALIGN (0x4)
                0x08006d6c                        _etext = .

.vfp11_veneer   0x08006d6c        0x0
 .vfp11_veneer  0x08006d6c        0x0 linker stubs

.v4_bx          0x08006d6c        0x0
 .v4_bx         0x08006d6c        0x0 linker stubs

.iplt           0x08006d6c        0x0
 .iplt          0x08006d6c        0x0 C:/ST/STM32CubeIDE_1.13.2/STM32CubeIDE/plugins/com.st.stm32cube.ide.mcu.externaltools.gnu-tools-for-stm32.12.3.rel1.win32_1.0.100.202403111256/tools/bin/../lib/gcc/arm-none-eabi/12.3.1/thumb/v7e-m+fp/hard/crtbegin.o

.rodata         0x08006d6c       0x64
                0x08006d6c                        . = ALIGN (0x4)
 *(.rodata)
 .rodata        0x08006d6c       0x24 ./Core/Src/main.o
 *(.rodata*)
 .rodata.AHBPrescTable
                0x08006d90       0x10 ./Core/Src/system_stm32g4xx.o
                0x08006d90                AHBPrescTable
 .rodata.APBPrescTable
                0x08006da0        0x8 ./Core/Src/system_stm32g4xx.o
                0x08006da0                APBPrescTable
 .rodata.UARTPrescTable
                0x08006da8       0x18 ./Drivers/STM32G4xx_HAL_Driver/Src/stm32g4xx_hal_uart.o
                0x08006da8                UARTPrescTable
 .rodata.numerator.1
                0x08006dc0        0x8 ./Drivers/STM32G4xx_HAL_Driver/Src/stm32g4xx_hal_uart_ex.o
 .rodata.denominator.0
                0x08006dc8        0x8 ./Drivers/STM32G4xx_HAL_Driver/Src/stm32g4xx_hal_uart_ex.o
                0x08006dd0                        . = ALIGN (0x4)

.ARM.extab      0x08006dd0        0x0
                0x08006dd0                        . = ALIGN (0x4)
 *(.ARM.extab* .gnu.linkonce.armextab.*)
                0x08006dd0                        . = ALIGN (0x4)

.ARM            0x08006dd0        0x8
                0x08006dd0                        . = ALIGN (0x4)
                0x08006dd0                        __exidx_start = .
 *(.ARM.exidx*)
 .ARM.exidx     0x08006dd0        0x8 C:/ST/STM32CubeIDE_1.13.2/STM32CubeIDE/plugins/com.st.stm32cube.ide.mcu.externaltools.gnu-tools-for-stm32.12.3.rel1.win32_1.0.100.202403111256/tools/bin/../lib/gcc/arm-none-eabi/12.3.1/thumb/v7e-m+fp/hard\libgcc.a(_udivmoddi4.o)
                0x08006dd8                        __exidx_end = .
                0x08006dd8                        . = ALIGN (0x4)

.preinit_array  0x08006dd8        0x0
                0x08006dd8                        . = ALIGN (0x4)
                0x08006dd8                        PROVIDE (__preinit_array_start = .)
 *(.preinit_array*)
                0x08006dd8                        PROVIDE (__preinit_array_end = .)
                0x08006dd8                        . = ALIGN (0x4)

.init_array     0x08006dd8        0x4
                0x08006dd8                        . = ALIGN (0x4)
                0x08006dd8                        PROVIDE (__init_array_start = .)
 *(SORT_BY_NAME(.init_array.*))
 *(.init_array*)
 .init_array    0x08006dd8        0x4 C:/ST/STM32CubeIDE_1.13.2/STM32CubeIDE/plugins/com.st.stm32cube.ide.mcu.externaltools.gnu-tools-for-stm32.12.3.rel1.win32_1.0.100.202403111256/tools/bin/../lib/gcc/arm-none-eabi/12.3.1/thumb/v7e-m+fp/hard/crtbegin.o
                0x08006ddc                        PROVIDE (__init_array_end = .)
                0x08006ddc                        . = ALIGN (0x4)

.fini_array     0x08006ddc        0x4
                0x08006ddc                        . = ALIGN (0x4)
                [!provide]                        PROVIDE (__fini_array_start = .)
 *(SORT_BY_NAME(.fini_array.*))
 *(.fini_array*)
 .fini_array    0x08006ddc        0x4 C:/ST/STM32CubeIDE_1.13.2/STM32CubeIDE/plugins/com.st.stm32cube.ide.mcu.externaltools.gnu-tools-for-stm32.12.3.rel1.win32_1.0.100.202403111256/tools/bin/../lib/gcc/arm-none-eabi/12.3.1/thumb/v7e-m+fp/hard/crtbegin.o
                [!provide]                        PROVIDE (__fini_array_end = .)
                0x08006de0                        . = ALIGN (0x4)
                0x08006de0                        _sidata = LOADADDR (.data)

.rel.dyn        0x08006de0        0x0
 .rel.iplt      0x08006de0        0x0 C:/ST/STM32CubeIDE_1.13.2/STM32CubeIDE/plugins/com.st.stm32cube.ide.mcu.externaltools.gnu-tools-for-stm32.12.3.rel1.win32_1.0.100.202403111256/tools/bin/../lib/gcc/arm-none-eabi/12.3.1/thumb/v7e-m+fp/hard/crtbegin.o

.data           0x20000000       0x78 load address 0x08006de0
                0x20000000                        . = ALIGN (0x4)
                0x20000000                        _sdata = .
 *(.data)
 *(.data*)
 .data.cnt_per_rev
                0x20000000        0x4 ./Core/Src/Encoder_AMT.o
                0x20000000                cnt_per_rev
 .data.pulley_cir
                0x20000004        0x4 ./Core/Src/Encoder_AMT.o
                0x20000004                pulley_cir
 .data.ALPHA    0x20000008        0x4 ./Core/Src/Encoder_AMT.o
                0x20000008                ALPHA
 .data.SystemCoreClock
                0x2000000c        0x4 ./Core/Src/system_stm32g4xx.o
                0x2000000c                SystemCoreClock
 .data.uwTickPrio
                0x20000010        0x4 ./Drivers/STM32G4xx_HAL_Driver/Src/stm32g4xx_hal.o
                0x20000010                uwTickPrio
 .data.uwTickFreq
                0x20000014        0x4 ./Drivers/STM32G4xx_HAL_Driver/Src/stm32g4xx_hal.o
                0x20000014                uwTickFreq
 .data._impure_ptr
                0x20000018        0x4 C:/ST/STM32CubeIDE_1.13.2/STM32CubeIDE/plugins/com.st.stm32cube.ide.mcu.externaltools.gnu-tools-for-stm32.12.3.rel1.win32_1.0.100.202403111256/tools/bin/../lib/gcc/arm-none-eabi/12.3.1/../../../../arm-none-eabi/lib/thumb/v7e-m+fp/hard\libc_nano.a(libc_a-impure.o)
                0x20000018                _impure_ptr
 .data._impure_data
                0x2000001c       0x4c C:/ST/STM32CubeIDE_1.13.2/STM32CubeIDE/plugins/com.st.stm32cube.ide.mcu.externaltools.gnu-tools-for-stm32.12.3.rel1.win32_1.0.100.202403111256/tools/bin/../lib/gcc/arm-none-eabi/12.3.1/../../../../arm-none-eabi/lib/thumb/v7e-m+fp/hard\libc_nano.a(libc_a-impure.o)
                0x2000001c                _impure_data
 .data.tiny     0x20000068        0x8 C:/ST/STM32CubeIDE_1.13.2/STM32CubeIDE/plugins/com.st.stm32cube.ide.mcu.externaltools.gnu-tools-for-stm32.12.3.rel1.win32_1.0.100.202403111256/tools/bin/../lib/gcc/arm-none-eabi/12.3.1/../../../../arm-none-eabi/lib/thumb/v7e-m+fp/hard\libm.a(libm_a-e_sqrt.o)
 .data.one      0x20000070        0x8 C:/ST/STM32CubeIDE_1.13.2/STM32CubeIDE/plugins/com.st.stm32cube.ide.mcu.externaltools.gnu-tools-for-stm32.12.3.rel1.win32_1.0.100.202403111256/tools/bin/../lib/gcc/arm-none-eabi/12.3.1/../../../../arm-none-eabi/lib/thumb/v7e-m+fp/hard\libm.a(libm_a-e_sqrt.o)
 *(.RamFunc)
 *(.RamFunc*)
                0x20000078                        . = ALIGN (0x4)
                0x20000078                        _edata = .

.igot.plt       0x20000078        0x0 load address 0x08006e58
 .igot.plt      0x20000078        0x0 C:/ST/STM32CubeIDE_1.13.2/STM32CubeIDE/plugins/com.st.stm32cube.ide.mcu.externaltools.gnu-tools-for-stm32.12.3.rel1.win32_1.0.100.202403111256/tools/bin/../lib/gcc/arm-none-eabi/12.3.1/thumb/v7e-m+fp/hard/crtbegin.o
                0x20000078                        . = ALIGN (0x4)

.bss            0x20000078      0x4b4 load address 0x08006e58
                0x20000078                        _sbss = .
                0x20000078                        __bss_start__ = _sbss
 *(.bss)
 .bss           0x20000078       0x1c C:/ST/STM32CubeIDE_1.13.2/STM32CubeIDE/plugins/com.st.stm32cube.ide.mcu.externaltools.gnu-tools-for-stm32.12.3.rel1.win32_1.0.100.202403111256/tools/bin/../lib/gcc/arm-none-eabi/12.3.1/thumb/v7e-m+fp/hard/crtbegin.o
 *(.bss*)
 .bss.diffPosition
                0x20000094        0x4 ./Core/Src/Encoder_AMT.o
                0x20000094                diffPosition
 .bss.diffTime  0x20000098        0x4 ./Core/Src/Encoder_AMT.o
                0x20000098                diffTime
 .bss.filtered_data
                0x2000009c        0x4 ./Core/Src/Encoder_AMT.o
                0x2000009c                filtered_data
 .bss.Acc_max   0x200000a0        0x4 ./Core/Src/Trapezoidal.o
                0x200000a0                Acc_max
 .bss.Vel_max   0x200000a4        0x4 ./Core/Src/Trapezoidal.o
                0x200000a4                Vel_max
 .bss.Distance_Velo_Max
                0x200000a8        0x4 ./Core/Src/Trapezoidal.o
                0x200000a8                Distance_Velo_Max
 .bss.Time_Velo_const
                0x200000ac        0x4 ./Core/Src/Trapezoidal.o
                0x200000ac                Time_Velo_const
 .bss.Time_acc_under
                0x200000b0        0x4 ./Core/Src/Trapezoidal.o
                0x200000b0                Time_acc_under
 .bss.temp_pos_acc
                0x200000b4        0x4 ./Core/Src/Trapezoidal.o
                0x200000b4                temp_pos_acc
 .bss.temp_pos_const
                0x200000b8        0x4 ./Core/Src/Trapezoidal.o
                0x200000b8                temp_pos_const
 .bss.temp_velo_acc
                0x200000bc        0x4 ./Core/Src/Trapezoidal.o
                0x200000bc                temp_velo_acc
 .bss.time_ref1
                0x200000c0        0x4 ./Core/Src/Trapezoidal.o
                0x200000c0                time_ref1
 .bss.time_ref2
                0x200000c4        0x4 ./Core/Src/Trapezoidal.o
                0x200000c4                time_ref2
 .bss.Distance  0x200000c8        0x4 ./Core/Src/Trapezoidal.o
                0x200000c8                Distance
 .bss.Time_acc  0x200000cc        0x4 ./Core/Src/Trapezoidal.o
                0x200000cc                Time_acc
 .bss.Time_dec  0x200000d0        0x4 ./Core/Src/Trapezoidal.o
                0x200000d0                Time_dec
 .bss.hlpuart1  0x200000d4       0x94 ./Core/Src/main.o
                0x200000d4                hlpuart1
 .bss.htim1     0x20000168       0x4c ./Core/Src/main.o
                0x20000168                htim1
 .bss.htim2     0x200001b4       0x4c ./Core/Src/main.o
                0x200001b4                htim2
 .bss.htim3     0x20000200       0x4c ./Core/Src/main.o
                0x20000200                htim3
 .bss.htim4     0x2000024c       0x4c ./Core/Src/main.o
                0x2000024c                htim4
 .bss.htim5     0x20000298       0x4c ./Core/Src/main.o
                0x20000298                htim5
 .bss.htim6     0x200002e4       0x4c ./Core/Src/main.o
                0x200002e4                htim6
 .bss.AMT       0x20000330       0x38 ./Core/Src/main.o
                0x20000330                AMT
 .bss._micros   0x20000368        0x8 ./Core/Src/main.o
                0x20000368                _micros
 .bss.MT        0x20000370        0x8 ./Core/Src/main.o
                0x20000370                MT
 .bss.PID_pos   0x20000378       0x28 ./Core/Src/main.o
                0x20000378                PID_pos
 .bss.PID_velo  0x200003a0       0x28 ./Core/Src/main.o
                0x200003a0                PID_velo
 .bss.Traj      0x200003c8       0x14 ./Core/Src/main.o
                0x200003c8                Traj
 .bss.ppp       0x200003dc        0x4 ./Core/Src/main.o
                0x200003dc                ppp
 .bss.elapsedTime
                0x200003e0        0x4 ./Core/Src/main.o
                0x200003e0                elapsedTime
 *fill*         0x200003e4        0x4 
 .bss.timestamp.0
                0x200003e8        0x8 ./Core/Src/main.o
 .bss.uwTick    0x200003f0        0x4 ./Drivers/STM32G4xx_HAL_Driver/Src/stm32g4xx_hal.o
                0x200003f0                uwTick
 .bss.__sf      0x200003f4      0x138 C:/ST/STM32CubeIDE_1.13.2/STM32CubeIDE/plugins/com.st.stm32cube.ide.mcu.externaltools.gnu-tools-for-stm32.12.3.rel1.win32_1.0.100.202403111256/tools/bin/../lib/gcc/arm-none-eabi/12.3.1/../../../../arm-none-eabi/lib/thumb/v7e-m+fp/hard\libc_nano.a(libc_a-findfp.o)
                0x200003f4                __sf
 *(COMMON)
                0x2000052c                        . = ALIGN (0x4)
                0x2000052c                        _ebss = .
                0x2000052c                        __bss_end__ = _ebss

._user_heap_stack
                0x2000052c      0x604 load address 0x08006e58
                0x20000530                        . = ALIGN (0x8)
 *fill*         0x2000052c        0x4 
                [!provide]                        PROVIDE (end = .)
                0x20000530                        PROVIDE (_end = .)
                0x20000730                        . = (. + _Min_Heap_Size)
 *fill*         0x20000530      0x200 
                0x20000b30                        . = (. + _Min_Stack_Size)
 *fill*         0x20000730      0x400 
                0x20000b30                        . = ALIGN (0x8)

/DISCARD/
 libc.a(*)
 libm.a(*)
 libgcc.a(*)

.ARM.attributes
                0x00000000       0x30
 *(.ARM.attributes)
 .ARM.attributes
                0x00000000       0x22 C:/ST/STM32CubeIDE_1.13.2/STM32CubeIDE/plugins/com.st.stm32cube.ide.mcu.externaltools.gnu-tools-for-stm32.12.3.rel1.win32_1.0.100.202403111256/tools/bin/../lib/gcc/arm-none-eabi/12.3.1/thumb/v7e-m+fp/hard/crti.o
 .ARM.attributes
                0x00000022       0x34 C:/ST/STM32CubeIDE_1.13.2/STM32CubeIDE/plugins/com.st.stm32cube.ide.mcu.externaltools.gnu-tools-for-stm32.12.3.rel1.win32_1.0.100.202403111256/tools/bin/../lib/gcc/arm-none-eabi/12.3.1/thumb/v7e-m+fp/hard/crtbegin.o
 .ARM.attributes
                0x00000056       0x34 ./Core/Src/Encoder_AMT.o
 .ARM.attributes
                0x0000008a       0x34 ./Core/Src/Motor.o
 .ARM.attributes
                0x000000be       0x34 ./Core/Src/PID_controller.o
 .ARM.attributes
                0x000000f2       0x34 ./Core/Src/Trapezoidal.o
 .ARM.attributes
                0x00000126       0x34 ./Core/Src/main.o
 .ARM.attributes
                0x0000015a       0x34 ./Core/Src/stm32g4xx_hal_msp.o
 .ARM.attributes
                0x0000018e       0x34 ./Core/Src/stm32g4xx_it.o
 .ARM.attributes
                0x000001c2       0x34 ./Core/Src/system_stm32g4xx.o
 .ARM.attributes
                0x000001f6       0x21 ./Core/Startup/startup_stm32g474retx.o
 .ARM.attributes
                0x00000217       0x34 ./Drivers/STM32G4xx_HAL_Driver/Src/stm32g4xx_hal.o
 .ARM.attributes
                0x0000024b       0x34 ./Drivers/STM32G4xx_HAL_Driver/Src/stm32g4xx_hal_cortex.o
 .ARM.attributes
                0x0000027f       0x34 ./Drivers/STM32G4xx_HAL_Driver/Src/stm32g4xx_hal_gpio.o
 .ARM.attributes
                0x000002b3       0x34 ./Drivers/STM32G4xx_HAL_Driver/Src/stm32g4xx_hal_pwr_ex.o
 .ARM.attributes
                0x000002e7       0x34 ./Drivers/STM32G4xx_HAL_Driver/Src/stm32g4xx_hal_rcc.o
 .ARM.attributes
                0x0000031b       0x34 ./Drivers/STM32G4xx_HAL_Driver/Src/stm32g4xx_hal_rcc_ex.o
 .ARM.attributes
                0x0000034f       0x34 ./Drivers/STM32G4xx_HAL_Driver/Src/stm32g4xx_hal_tim.o
 .ARM.attributes
                0x00000383       0x34 ./Drivers/STM32G4xx_HAL_Driver/Src/stm32g4xx_hal_tim_ex.o
 .ARM.attributes
                0x000003b7       0x34 ./Drivers/STM32G4xx_HAL_Driver/Src/stm32g4xx_hal_uart.o
 .ARM.attributes
                0x000003eb       0x34 ./Drivers/STM32G4xx_HAL_Driver/Src/stm32g4xx_hal_uart_ex.o
 .ARM.attributes
                0x0000041f       0x34 C:/ST/STM32CubeIDE_1.13.2/STM32CubeIDE/plugins/com.st.stm32cube.ide.mcu.externaltools.gnu-tools-for-stm32.12.3.rel1.win32_1.0.100.202403111256/tools/bin/../lib/gcc/arm-none-eabi/12.3.1/../../../../arm-none-eabi/lib/thumb/v7e-m+fp/hard\libc_nano.a(libc_a-findfp.o)
 .ARM.attributes
                0x00000453       0x34 C:/ST/STM32CubeIDE_1.13.2/STM32CubeIDE/plugins/com.st.stm32cube.ide.mcu.externaltools.gnu-tools-for-stm32.12.3.rel1.win32_1.0.100.202403111256/tools/bin/../lib/gcc/arm-none-eabi/12.3.1/../../../../arm-none-eabi/lib/thumb/v7e-m+fp/hard\libc_nano.a(libc_a-memset.o)
 .ARM.attributes
                0x00000487       0x34 C:/ST/STM32CubeIDE_1.13.2/STM32CubeIDE/plugins/com.st.stm32cube.ide.mcu.externaltools.gnu-tools-for-stm32.12.3.rel1.win32_1.0.100.202403111256/tools/bin/../lib/gcc/arm-none-eabi/12.3.1/../../../../arm-none-eabi/lib/thumb/v7e-m+fp/hard\libc_nano.a(libc_a-impure.o)
 .ARM.attributes
                0x000004bb       0x34 C:/ST/STM32CubeIDE_1.13.2/STM32CubeIDE/plugins/com.st.stm32cube.ide.mcu.externaltools.gnu-tools-for-stm32.12.3.rel1.win32_1.0.100.202403111256/tools/bin/../lib/gcc/arm-none-eabi/12.3.1/../../../../arm-none-eabi/lib/thumb/v7e-m+fp/hard\libc_nano.a(libc_a-errno.o)
 .ARM.attributes
                0x000004ef       0x34 C:/ST/STM32CubeIDE_1.13.2/STM32CubeIDE/plugins/com.st.stm32cube.ide.mcu.externaltools.gnu-tools-for-stm32.12.3.rel1.win32_1.0.100.202403111256/tools/bin/../lib/gcc/arm-none-eabi/12.3.1/../../../../arm-none-eabi/lib/thumb/v7e-m+fp/hard\libc_nano.a(libc_a-init.o)
 .ARM.attributes
                0x00000523       0x34 C:/ST/STM32CubeIDE_1.13.2/STM32CubeIDE/plugins/com.st.stm32cube.ide.mcu.externaltools.gnu-tools-for-stm32.12.3.rel1.win32_1.0.100.202403111256/tools/bin/../lib/gcc/arm-none-eabi/12.3.1/../../../../arm-none-eabi/lib/thumb/v7e-m+fp/hard\libm.a(libm_a-w_sqrt.o)
 .ARM.attributes
                0x00000557       0x34 C:/ST/STM32CubeIDE_1.13.2/STM32CubeIDE/plugins/com.st.stm32cube.ide.mcu.externaltools.gnu-tools-for-stm32.12.3.rel1.win32_1.0.100.202403111256/tools/bin/../lib/gcc/arm-none-eabi/12.3.1/../../../../arm-none-eabi/lib/thumb/v7e-m+fp/hard\libm.a(libm_a-e_sqrt.o)
 .ARM.attributes
                0x0000058b       0x22 C:/ST/STM32CubeIDE_1.13.2/STM32CubeIDE/plugins/com.st.stm32cube.ide.mcu.externaltools.gnu-tools-for-stm32.12.3.rel1.win32_1.0.100.202403111256/tools/bin/../lib/gcc/arm-none-eabi/12.3.1/thumb/v7e-m+fp/hard\libgcc.a(_arm_addsubdf3.o)
 .ARM.attributes
                0x000005ad       0x22 C:/ST/STM32CubeIDE_1.13.2/STM32CubeIDE/plugins/com.st.stm32cube.ide.mcu.externaltools.gnu-tools-for-stm32.12.3.rel1.win32_1.0.100.202403111256/tools/bin/../lib/gcc/arm-none-eabi/12.3.1/thumb/v7e-m+fp/hard\libgcc.a(_arm_muldivdf3.o)
 .ARM.attributes
                0x000005cf       0x22 C:/ST/STM32CubeIDE_1.13.2/STM32CubeIDE/plugins/com.st.stm32cube.ide.mcu.externaltools.gnu-tools-for-stm32.12.3.rel1.win32_1.0.100.202403111256/tools/bin/../lib/gcc/arm-none-eabi/12.3.1/thumb/v7e-m+fp/hard\libgcc.a(_arm_cmpdf2.o)
 .ARM.attributes
                0x000005f1       0x22 C:/ST/STM32CubeIDE_1.13.2/STM32CubeIDE/plugins/com.st.stm32cube.ide.mcu.externaltools.gnu-tools-for-stm32.12.3.rel1.win32_1.0.100.202403111256/tools/bin/../lib/gcc/arm-none-eabi/12.3.1/thumb/v7e-m+fp/hard\libgcc.a(_arm_unorddf2.o)
 .ARM.attributes
                0x00000613       0x22 C:/ST/STM32CubeIDE_1.13.2/STM32CubeIDE/plugins/com.st.stm32cube.ide.mcu.externaltools.gnu-tools-for-stm32.12.3.rel1.win32_1.0.100.202403111256/tools/bin/../lib/gcc/arm-none-eabi/12.3.1/thumb/v7e-m+fp/hard\libgcc.a(_arm_fixunsdfsi.o)
 .ARM.attributes
                0x00000635       0x22 C:/ST/STM32CubeIDE_1.13.2/STM32CubeIDE/plugins/com.st.stm32cube.ide.mcu.externaltools.gnu-tools-for-stm32.12.3.rel1.win32_1.0.100.202403111256/tools/bin/../lib/gcc/arm-none-eabi/12.3.1/thumb/v7e-m+fp/hard\libgcc.a(_arm_truncdfsf2.o)
 .ARM.attributes
                0x00000657       0x22 C:/ST/STM32CubeIDE_1.13.2/STM32CubeIDE/plugins/com.st.stm32cube.ide.mcu.externaltools.gnu-tools-for-stm32.12.3.rel1.win32_1.0.100.202403111256/tools/bin/../lib/gcc/arm-none-eabi/12.3.1/thumb/v7e-m+fp/hard\libgcc.a(_arm_addsubsf3.o)
 .ARM.attributes
                0x00000679       0x22 C:/ST/STM32CubeIDE_1.13.2/STM32CubeIDE/plugins/com.st.stm32cube.ide.mcu.externaltools.gnu-tools-for-stm32.12.3.rel1.win32_1.0.100.202403111256/tools/bin/../lib/gcc/arm-none-eabi/12.3.1/thumb/v7e-m+fp/hard\libgcc.a(_aeabi_uldivmod.o)
 .ARM.attributes
                0x0000069b       0x34 C:/ST/STM32CubeIDE_1.13.2/STM32CubeIDE/plugins/com.st.stm32cube.ide.mcu.externaltools.gnu-tools-for-stm32.12.3.rel1.win32_1.0.100.202403111256/tools/bin/../lib/gcc/arm-none-eabi/12.3.1/thumb/v7e-m+fp/hard\libgcc.a(_udivmoddi4.o)
 .ARM.attributes
                0x000006cf       0x22 C:/ST/STM32CubeIDE_1.13.2/STM32CubeIDE/plugins/com.st.stm32cube.ide.mcu.externaltools.gnu-tools-for-stm32.12.3.rel1.win32_1.0.100.202403111256/tools/bin/../lib/gcc/arm-none-eabi/12.3.1/thumb/v7e-m+fp/hard\libgcc.a(_dvmd_tls.o)
 .ARM.attributes
                0x000006f1       0x22 C:/ST/STM32CubeIDE_1.13.2/STM32CubeIDE/plugins/com.st.stm32cube.ide.mcu.externaltools.gnu-tools-for-stm32.12.3.rel1.win32_1.0.100.202403111256/tools/bin/../lib/gcc/arm-none-eabi/12.3.1/thumb/v7e-m+fp/hard/crtn.o
OUTPUT(JingJingla.elf elf32-littlearm)
LOAD linker stubs
LOAD C:/ST/STM32CubeIDE_1.13.2/STM32CubeIDE/plugins/com.st.stm32cube.ide.mcu.externaltools.gnu-tools-for-stm32.12.3.rel1.win32_1.0.100.202403111256/tools/bin/../lib/gcc/arm-none-eabi/12.3.1/../../../../arm-none-eabi/lib/thumb/v7e-m+fp/hard\libc.a
LOAD C:/ST/STM32CubeIDE_1.13.2/STM32CubeIDE/plugins/com.st.stm32cube.ide.mcu.externaltools.gnu-tools-for-stm32.12.3.rel1.win32_1.0.100.202403111256/tools/bin/../lib/gcc/arm-none-eabi/12.3.1/../../../../arm-none-eabi/lib/thumb/v7e-m+fp/hard\libm.a
LOAD C:/ST/STM32CubeIDE_1.13.2/STM32CubeIDE/plugins/com.st.stm32cube.ide.mcu.externaltools.gnu-tools-for-stm32.12.3.rel1.win32_1.0.100.202403111256/tools/bin/../lib/gcc/arm-none-eabi/12.3.1/thumb/v7e-m+fp/hard\libgcc.a

.debug_info     0x00000000    0x14697
 .debug_info    0x00000000      0xa34 ./Core/Src/Encoder_AMT.o
 .debug_info    0x00000a34      0x8b0 ./Core/Src/Motor.o
 .debug_info    0x000012e4      0xa92 ./Core/Src/PID_controller.o
 .debug_info    0x00001d76      0x250 ./Core/Src/Trapezoidal.o
 .debug_info    0x00001fc6     0x1e4b ./Core/Src/main.o
 .debug_info    0x00003e11     0x15ef ./Core/Src/stm32g4xx_hal_msp.o
 .debug_info    0x00005400      0x8ee ./Core/Src/stm32g4xx_it.o
 .debug_info    0x00005cee      0x58e ./Core/Src/system_stm32g4xx.o
 .debug_info    0x0000627c       0x30 ./Core/Startup/startup_stm32g474retx.o
 .debug_info    0x000062ac      0xb95 ./Drivers/STM32G4xx_HAL_Driver/Src/stm32g4xx_hal.o
 .debug_info    0x00006e41      0xdad ./Drivers/STM32G4xx_HAL_Driver/Src/stm32g4xx_hal_cortex.o
 .debug_info    0x00007bee      0x763 ./Drivers/STM32G4xx_HAL_Driver/Src/stm32g4xx_hal_gpio.o
 .debug_info    0x00008351      0x93f ./Drivers/STM32G4xx_HAL_Driver/Src/stm32g4xx_hal_pwr_ex.o
 .debug_info    0x00008c90      0xbe0 ./Drivers/STM32G4xx_HAL_Driver/Src/stm32g4xx_hal_rcc.o
 .debug_info    0x00009870      0xc45 ./Drivers/STM32G4xx_HAL_Driver/Src/stm32g4xx_hal_rcc_ex.o
 .debug_info    0x0000a4b5     0x2c52 ./Drivers/STM32G4xx_HAL_Driver/Src/stm32g4xx_hal_tim.o
 .debug_info    0x0000d107     0x1d95 ./Drivers/STM32G4xx_HAL_Driver/Src/stm32g4xx_hal_tim_ex.o
 .debug_info    0x0000ee9c     0x481e ./Drivers/STM32G4xx_HAL_Driver/Src/stm32g4xx_hal_uart.o
 .debug_info    0x000136ba      0xfdd ./Drivers/STM32G4xx_HAL_Driver/Src/stm32g4xx_hal_uart_ex.o

.debug_abbrev   0x00000000     0x294e
 .debug_abbrev  0x00000000      0x1f8 ./Core/Src/Encoder_AMT.o
 .debug_abbrev  0x000001f8      0x1c4 ./Core/Src/Motor.o
 .debug_abbrev  0x000003bc      0x1f2 ./Core/Src/PID_controller.o
 .debug_abbrev  0x000005ae       0xf2 ./Core/Src/Trapezoidal.o
 .debug_abbrev  0x000006a0      0x33a ./Core/Src/main.o
 .debug_abbrev  0x000009da      0x272 ./Core/Src/stm32g4xx_hal_msp.o
 .debug_abbrev  0x00000c4c      0x1dd ./Core/Src/stm32g4xx_it.o
 .debug_abbrev  0x00000e29      0x11a ./Core/Src/system_stm32g4xx.o
 .debug_abbrev  0x00000f43       0x24 ./Core/Startup/startup_stm32g474retx.o
 .debug_abbrev  0x00000f67      0x271 ./Drivers/STM32G4xx_HAL_Driver/Src/stm32g4xx_hal.o
 .debug_abbrev  0x000011d8      0x31c ./Drivers/STM32G4xx_HAL_Driver/Src/stm32g4xx_hal_cortex.o
 .debug_abbrev  0x000014f4      0x1cb ./Drivers/STM32G4xx_HAL_Driver/Src/stm32g4xx_hal_gpio.o
 .debug_abbrev  0x000016bf      0x22c ./Drivers/STM32G4xx_HAL_Driver/Src/stm32g4xx_hal_pwr_ex.o
 .debug_abbrev  0x000018eb      0x2c9 ./Drivers/STM32G4xx_HAL_Driver/Src/stm32g4xx_hal_rcc.o
 .debug_abbrev  0x00001bb4      0x258 ./Drivers/STM32G4xx_HAL_Driver/Src/stm32g4xx_hal_rcc_ex.o
 .debug_abbrev  0x00001e0c      0x2a7 ./Drivers/STM32G4xx_HAL_Driver/Src/stm32g4xx_hal_tim.o
 .debug_abbrev  0x000020b3      0x2c5 ./Drivers/STM32G4xx_HAL_Driver/Src/stm32g4xx_hal_tim_ex.o
 .debug_abbrev  0x00002378      0x304 ./Drivers/STM32G4xx_HAL_Driver/Src/stm32g4xx_hal_uart.o
 .debug_abbrev  0x0000267c      0x2d2 ./Drivers/STM32G4xx_HAL_Driver/Src/stm32g4xx_hal_uart_ex.o

.debug_aranges  0x00000000     0x10c8
 .debug_aranges
                0x00000000       0x38 ./Core/Src/Encoder_AMT.o
 .debug_aranges
                0x00000038       0x28 ./Core/Src/Motor.o
 .debug_aranges
                0x00000060       0x38 ./Core/Src/PID_controller.o
 .debug_aranges
                0x00000098       0x28 ./Core/Src/Trapezoidal.o
 .debug_aranges
                0x000000c0       0x88 ./Core/Src/main.o
 .debug_aranges
                0x00000148       0x58 ./Core/Src/stm32g4xx_hal_msp.o
 .debug_aranges
                0x000001a0       0x88 ./Core/Src/stm32g4xx_it.o
 .debug_aranges
                0x00000228       0x28 ./Core/Src/system_stm32g4xx.o
 .debug_aranges
                0x00000250       0x28 ./Core/Startup/startup_stm32g474retx.o
 .debug_aranges
                0x00000278      0x148 ./Drivers/STM32G4xx_HAL_Driver/Src/stm32g4xx_hal.o
 .debug_aranges
                0x000003c0      0x118 ./Drivers/STM32G4xx_HAL_Driver/Src/stm32g4xx_hal_cortex.o
 .debug_aranges
                0x000004d8       0x58 ./Drivers/STM32G4xx_HAL_Driver/Src/stm32g4xx_hal_gpio.o
 .debug_aranges
                0x00000530      0x140 ./Drivers/STM32G4xx_HAL_Driver/Src/stm32g4xx_hal_pwr_ex.o
 .debug_aranges
                0x00000670       0x98 ./Drivers/STM32G4xx_HAL_Driver/Src/stm32g4xx_hal_rcc.o
 .debug_aranges
                0x00000708       0xb0 ./Drivers/STM32G4xx_HAL_Driver/Src/stm32g4xx_hal_rcc_ex.o
 .debug_aranges
                0x000007b8      0x3e0 ./Drivers/STM32G4xx_HAL_Driver/Src/stm32g4xx_hal_tim.o
 .debug_aranges
                0x00000b98      0x240 ./Drivers/STM32G4xx_HAL_Driver/Src/stm32g4xx_hal_tim_ex.o
 .debug_aranges
                0x00000dd8      0x248 ./Drivers/STM32G4xx_HAL_Driver/Src/stm32g4xx_hal_uart.o
 .debug_aranges
                0x00001020       0xa8 ./Drivers/STM32G4xx_HAL_Driver/Src/stm32g4xx_hal_uart_ex.o

.debug_rnglists
                0x00000000      0xd17
 .debug_rnglists
                0x00000000       0x26 ./Core/Src/Encoder_AMT.o
 .debug_rnglists
                0x00000026       0x1a ./Core/Src/Motor.o
 .debug_rnglists
                0x00000040       0x27 ./Core/Src/PID_controller.o
 .debug_rnglists
                0x00000067       0x1a ./Core/Src/Trapezoidal.o
 .debug_rnglists
                0x00000081       0x6a ./Core/Src/main.o
 .debug_rnglists
                0x000000eb       0x41 ./Core/Src/stm32g4xx_hal_msp.o
 .debug_rnglists
                0x0000012c       0x61 ./Core/Src/stm32g4xx_it.o
 .debug_rnglists
                0x0000018d       0x1a ./Core/Src/system_stm32g4xx.o
 .debug_rnglists
                0x000001a7       0x19 ./Core/Startup/startup_stm32g474retx.o
 .debug_rnglists
                0x000001c0       0xf1 ./Drivers/STM32G4xx_HAL_Driver/Src/stm32g4xx_hal.o
 .debug_rnglists
                0x000002b1       0xce ./Drivers/STM32G4xx_HAL_Driver/Src/stm32g4xx_hal_cortex.o
 .debug_rnglists
                0x0000037f       0x3f ./Drivers/STM32G4xx_HAL_Driver/Src/stm32g4xx_hal_gpio.o
 .debug_rnglists
                0x000003be       0xf1 ./Drivers/STM32G4xx_HAL_Driver/Src/stm32g4xx_hal_pwr_ex.o
 .debug_rnglists
                0x000004af       0x74 ./Drivers/STM32G4xx_HAL_Driver/Src/stm32g4xx_hal_rcc.o
 .debug_rnglists
                0x00000523       0x87 ./Drivers/STM32G4xx_HAL_Driver/Src/stm32g4xx_hal_rcc_ex.o
 .debug_rnglists
                0x000005aa      0x328 ./Drivers/STM32G4xx_HAL_Driver/Src/stm32g4xx_hal_tim.o
 .debug_rnglists
                0x000008d2      0x1cc ./Drivers/STM32G4xx_HAL_Driver/Src/stm32g4xx_hal_tim_ex.o
 .debug_rnglists
                0x00000a9e      0x1fa ./Drivers/STM32G4xx_HAL_Driver/Src/stm32g4xx_hal_uart.o
 .debug_rnglists
                0x00000c98       0x7f ./Drivers/STM32G4xx_HAL_Driver/Src/stm32g4xx_hal_uart_ex.o

.debug_macro    0x00000000    0x26875
 .debug_macro   0x00000000      0x1eb ./Core/Src/Encoder_AMT.o
 .debug_macro   0x000001eb      0xab4 ./Core/Src/Encoder_AMT.o
 .debug_macro   0x00000c9f      0x15b ./Core/Src/Encoder_AMT.o
 .debug_macro   0x00000dfa       0x2e ./Core/Src/Encoder_AMT.o
 .debug_macro   0x00000e28       0x28 ./Core/Src/Encoder_AMT.o
 .debug_macro   0x00000e50       0x22 ./Core/Src/Encoder_AMT.o
 .debug_macro   0x00000e72       0x8e ./Core/Src/Encoder_AMT.o
 .debug_macro   0x00000f00       0x51 ./Core/Src/Encoder_AMT.o
 .debug_macro   0x00000f51      0x103 ./Core/Src/Encoder_AMT.o
 .debug_macro   0x00001054       0x6a ./Core/Src/Encoder_AMT.o
 .debug_macro   0x000010be      0x1df ./Core/Src/Encoder_AMT.o
 .debug_macro   0x0000129d       0x1c ./Core/Src/Encoder_AMT.o
 .debug_macro   0x000012b9       0x22 ./Core/Src/Encoder_AMT.o
 .debug_macro   0x000012db       0xfb ./Core/Src/Encoder_AMT.o
 .debug_macro   0x000013d6     0x1011 ./Core/Src/Encoder_AMT.o
 .debug_macro   0x000023e7      0x11f ./Core/Src/Encoder_AMT.o
 .debug_macro   0x00002506    0x18b45 ./Core/Src/Encoder_AMT.o
 .debug_macro   0x0001b04b       0x6d ./Core/Src/Encoder_AMT.o
 .debug_macro   0x0001b0b8     0x354d ./Core/Src/Encoder_AMT.o
 .debug_macro   0x0001e605      0x189 ./Core/Src/Encoder_AMT.o
 .debug_macro   0x0001e78e       0x5c ./Core/Src/Encoder_AMT.o
 .debug_macro   0x0001e7ea     0x171f ./Core/Src/Encoder_AMT.o
 .debug_macro   0x0001ff09      0x600 ./Core/Src/Encoder_AMT.o
 .debug_macro   0x00020509      0x1b6 ./Core/Src/Encoder_AMT.o
 .debug_macro   0x000206bf      0x34a ./Core/Src/Encoder_AMT.o
 .debug_macro   0x00020a09      0x53c ./Core/Src/Encoder_AMT.o
 .debug_macro   0x00020f45      0x18b ./Core/Src/Encoder_AMT.o
 .debug_macro   0x000210d0       0x43 ./Core/Src/Encoder_AMT.o
 .debug_macro   0x00021113      0x23d ./Core/Src/Encoder_AMT.o
 .debug_macro   0x00021350      0x211 ./Core/Src/Encoder_AMT.o
 .debug_macro   0x00021561      0x45c ./Core/Src/Encoder_AMT.o
 .debug_macro   0x000219bd      0x11c ./Core/Src/Encoder_AMT.o
 .debug_macro   0x00021ad9      0x122 ./Core/Src/Encoder_AMT.o
 .debug_macro   0x00021bfb      0x3d1 ./Core/Src/Encoder_AMT.o
 .debug_macro   0x00021fcc      0xc0b ./Core/Src/Encoder_AMT.o
 .debug_macro   0x00022bd7      0x718 ./Core/Src/Encoder_AMT.o
 .debug_macro   0x000232ef      0x693 ./Core/Src/Encoder_AMT.o
 .debug_macro   0x00023982       0xa6 ./Core/Src/Encoder_AMT.o
 .debug_macro   0x00023a28      0x358 ./Core/Src/Encoder_AMT.o
 .debug_macro   0x00023d80       0x82 ./Core/Src/Encoder_AMT.o
 .debug_macro   0x00023e02      0x1e7 ./Core/Src/Motor.o
 .debug_macro   0x00023fe9      0x1f9 ./Core/Src/PID_controller.o
 .debug_macro   0x000241e2      0x296 ./Core/Src/Trapezoidal.o
 .debug_macro   0x00024478       0x61 ./Core/Src/Trapezoidal.o
 .debug_macro   0x000244d9       0x2a ./Core/Src/Trapezoidal.o
 .debug_macro   0x00024503       0x43 ./Core/Src/Trapezoidal.o
 .debug_macro   0x00024546       0x34 ./Core/Src/Trapezoidal.o
 .debug_macro   0x0002457a       0x16 ./Core/Src/Trapezoidal.o
 .debug_macro   0x00024590       0x43 ./Core/Src/Trapezoidal.o
 .debug_macro   0x000245d3       0x34 ./Core/Src/Trapezoidal.o
 .debug_macro   0x00024607       0x10 ./Core/Src/Trapezoidal.o
 .debug_macro   0x00024617       0x58 ./Core/Src/Trapezoidal.o
 .debug_macro   0x0002466f       0x8e ./Core/Src/Trapezoidal.o
 .debug_macro   0x000246fd       0x1c ./Core/Src/Trapezoidal.o
 .debug_macro   0x00024719      0x177 ./Core/Src/Trapezoidal.o
 .debug_macro   0x00024890      0x369 ./Core/Src/Trapezoidal.o
 .debug_macro   0x00024bf9      0x19b ./Core/Src/Trapezoidal.o
 .debug_macro   0x00024d94      0x213 ./Core/Src/main.o
 .debug_macro   0x00024fa7      0x1dd ./Core/Src/stm32g4xx_hal_msp.o
 .debug_macro   0x00025184      0x1e7 ./Core/Src/stm32g4xx_it.o
 .debug_macro   0x0002536b      0x1ce ./Core/Src/system_stm32g4xx.o
 .debug_macro   0x00025539      0x21c ./Drivers/STM32G4xx_HAL_Driver/Src/stm32g4xx_hal.o
 .debug_macro   0x00025755      0x1ce ./Drivers/STM32G4xx_HAL_Driver/Src/stm32g4xx_hal_cortex.o
 .debug_macro   0x00025923      0x1d5 ./Drivers/STM32G4xx_HAL_Driver/Src/stm32g4xx_hal_gpio.o
 .debug_macro   0x00025af8      0x1f8 ./Drivers/STM32G4xx_HAL_Driver/Src/stm32g4xx_hal_pwr_ex.o
 .debug_macro   0x00025cf0      0x210 ./Drivers/STM32G4xx_HAL_Driver/Src/stm32g4xx_hal_rcc.o
 .debug_macro   0x00025f00      0x1f8 ./Drivers/STM32G4xx_HAL_Driver/Src/stm32g4xx_hal_rcc_ex.o
 .debug_macro   0x000260f8      0x1d6 ./Drivers/STM32G4xx_HAL_Driver/Src/stm32g4xx_hal_tim.o
 .debug_macro   0x000262ce      0x1d4 ./Drivers/STM32G4xx_HAL_Driver/Src/stm32g4xx_hal_tim_ex.o
 .debug_macro   0x000264a2      0x1f9 ./Drivers/STM32G4xx_HAL_Driver/Src/stm32g4xx_hal_uart.o
 .debug_macro   0x0002669b      0x1da ./Drivers/STM32G4xx_HAL_Driver/Src/stm32g4xx_hal_uart_ex.o

.debug_line     0x00000000    0x148f0
 .debug_line    0x00000000      0x84e ./Core/Src/Encoder_AMT.o
 .debug_line    0x0000084e      0x910 ./Core/Src/Motor.o
 .debug_line    0x0000115e      0x909 ./Core/Src/PID_controller.o
 .debug_line    0x00001a67      0xa5e ./Core/Src/Trapezoidal.o
 .debug_line    0x000024c5      0xb8a ./Core/Src/main.o
 .debug_line    0x0000304f      0x904 ./Core/Src/stm32g4xx_hal_msp.o
 .debug_line    0x00003953      0x8a4 ./Core/Src/stm32g4xx_it.o
 .debug_line    0x000041f7      0x7d6 ./Core/Src/system_stm32g4xx.o
 .debug_line    0x000049cd       0x7b ./Core/Startup/startup_stm32g474retx.o
 .debug_line    0x00004a48      0xb92 ./Drivers/STM32G4xx_HAL_Driver/Src/stm32g4xx_hal.o
 .debug_line    0x000055da      0xcfb ./Drivers/STM32G4xx_HAL_Driver/Src/stm32g4xx_hal_cortex.o
 .debug_line    0x000062d5      0xbab ./Drivers/STM32G4xx_HAL_Driver/Src/stm32g4xx_hal_gpio.o
 .debug_line    0x00006e80      0xd01 ./Drivers/STM32G4xx_HAL_Driver/Src/stm32g4xx_hal_pwr_ex.o
 .debug_line    0x00007b81      0xf5d ./Drivers/STM32G4xx_HAL_Driver/Src/stm32g4xx_hal_rcc.o
 .debug_line    0x00008ade     0x126d ./Drivers/STM32G4xx_HAL_Driver/Src/stm32g4xx_hal_rcc_ex.o
 .debug_line    0x00009d4b     0x4052 ./Drivers/STM32G4xx_HAL_Driver/Src/stm32g4xx_hal_tim.o
 .debug_line    0x0000dd9d     0x2195 ./Drivers/STM32G4xx_HAL_Driver/Src/stm32g4xx_hal_tim_ex.o
 .debug_line    0x0000ff32     0x3c06 ./Drivers/STM32G4xx_HAL_Driver/Src/stm32g4xx_hal_uart.o
 .debug_line    0x00013b38      0xdb8 ./Drivers/STM32G4xx_HAL_Driver/Src/stm32g4xx_hal_uart_ex.o

.debug_str      0x00000000    0xfbafb
 .debug_str     0x00000000    0xf2efb ./Core/Src/Encoder_AMT.o
                              0xf3274 (size before relaxing)
 .debug_str     0x000f2efb       0x77 ./Core/Src/Motor.o
                              0xf310e (size before relaxing)
 .debug_str     0x000f2f72      0x137 ./Core/Src/PID_controller.o
                              0xf3274 (size before relaxing)
 .debug_str     0x000f30a9     0x3a38 ./Core/Src/Trapezoidal.o
                              0xf64b0 (size before relaxing)
 .debug_str     0x000f6ae1     0x107e ./Core/Src/main.o
                              0xf4432 (size before relaxing)
 .debug_str     0x000f7b5f      0x2ef ./Core/Src/stm32g4xx_hal_msp.o
                              0xf3e7f (size before relaxing)
 .debug_str     0x000f7e4e      0x14e ./Core/Src/stm32g4xx_it.o
                              0xf31ef (size before relaxing)
 .debug_str     0x000f7f9c       0xdb ./Core/Src/system_stm32g4xx.o
                              0xf2aa1 (size before relaxing)
 .debug_str     0x000f8077       0x44 ./Core/Startup/startup_stm32g474retx.o
                                 0x89 (size before relaxing)
 .debug_str     0x000f80bb      0x5e1 ./Drivers/STM32G4xx_HAL_Driver/Src/stm32g4xx_hal.o
                              0xf37b3 (size before relaxing)
 .debug_str     0x000f869c      0x313 ./Drivers/STM32G4xx_HAL_Driver/Src/stm32g4xx_hal_cortex.o
                              0xf3437 (size before relaxing)
 .debug_str     0x000f89af       0xd9 ./Drivers/STM32G4xx_HAL_Driver/Src/stm32g4xx_hal_gpio.o
                              0xf2c2c (size before relaxing)
 .debug_str     0x000f8a88      0x4a5 ./Drivers/STM32G4xx_HAL_Driver/Src/stm32g4xx_hal_pwr_ex.o
                              0xf2f8f (size before relaxing)
 .debug_str     0x000f8f2d      0x506 ./Drivers/STM32G4xx_HAL_Driver/Src/stm32g4xx_hal_rcc.o
                              0xf31c0 (size before relaxing)
 .debug_str     0x000f9433      0x40b ./Drivers/STM32G4xx_HAL_Driver/Src/stm32g4xx_hal_rcc_ex.o
                              0xf31ea (size before relaxing)
 .debug_str     0x000f983e      0xd78 ./Drivers/STM32G4xx_HAL_Driver/Src/stm32g4xx_hal_tim.o
                              0xf3f9f (size before relaxing)
 .debug_str     0x000fa5b6      0x907 ./Drivers/STM32G4xx_HAL_Driver/Src/stm32g4xx_hal_tim_ex.o
                              0xf3c13 (size before relaxing)
 .debug_str     0x000faebd      0x9da ./Drivers/STM32G4xx_HAL_Driver/Src/stm32g4xx_hal_uart.o
                              0xf3a5c (size before relaxing)
 .debug_str     0x000fb897      0x264 ./Drivers/STM32G4xx_HAL_Driver/Src/stm32g4xx_hal_uart_ex.o
                              0xf325a (size before relaxing)

.comment        0x00000000       0x43
 .comment       0x00000000       0x43 ./Core/Src/Encoder_AMT.o
                                 0x44 (size before relaxing)
 .comment       0x00000043       0x44 ./Core/Src/Motor.o
 .comment       0x00000043       0x44 ./Core/Src/PID_controller.o
 .comment       0x00000043       0x44 ./Core/Src/Trapezoidal.o
 .comment       0x00000043       0x44 ./Core/Src/main.o
 .comment       0x00000043       0x44 ./Core/Src/stm32g4xx_hal_msp.o
 .comment       0x00000043       0x44 ./Core/Src/stm32g4xx_it.o
 .comment       0x00000043       0x44 ./Core/Src/system_stm32g4xx.o
 .comment       0x00000043       0x44 ./Drivers/STM32G4xx_HAL_Driver/Src/stm32g4xx_hal.o
 .comment       0x00000043       0x44 ./Drivers/STM32G4xx_HAL_Driver/Src/stm32g4xx_hal_cortex.o
 .comment       0x00000043       0x44 ./Drivers/STM32G4xx_HAL_Driver/Src/stm32g4xx_hal_gpio.o
 .comment       0x00000043       0x44 ./Drivers/STM32G4xx_HAL_Driver/Src/stm32g4xx_hal_pwr_ex.o
 .comment       0x00000043       0x44 ./Drivers/STM32G4xx_HAL_Driver/Src/stm32g4xx_hal_rcc.o
 .comment       0x00000043       0x44 ./Drivers/STM32G4xx_HAL_Driver/Src/stm32g4xx_hal_rcc_ex.o
 .comment       0x00000043       0x44 ./Drivers/STM32G4xx_HAL_Driver/Src/stm32g4xx_hal_tim.o
 .comment       0x00000043       0x44 ./Drivers/STM32G4xx_HAL_Driver/Src/stm32g4xx_hal_tim_ex.o
 .comment       0x00000043       0x44 ./Drivers/STM32G4xx_HAL_Driver/Src/stm32g4xx_hal_uart.o
 .comment       0x00000043       0x44 ./Drivers/STM32G4xx_HAL_Driver/Src/stm32g4xx_hal_uart_ex.o

.debug_frame    0x00000000     0x4ae4
 .debug_frame   0x00000000       0xb0 ./Core/Src/Encoder_AMT.o
 .debug_frame   0x000000b0       0x6c ./Core/Src/Motor.o
 .debug_frame   0x0000011c       0xac ./Core/Src/PID_controller.o
 .debug_frame   0x000001c8       0x60 ./Core/Src/Trapezoidal.o
 .debug_frame   0x00000228      0x1fc ./Core/Src/main.o
 .debug_frame   0x00000424      0x134 ./Core/Src/stm32g4xx_hal_msp.o
 .debug_frame   0x00000558      0x190 ./Core/Src/stm32g4xx_it.o
 .debug_frame   0x000006e8       0x58 ./Core/Src/system_stm32g4xx.o
 .debug_frame   0x00000740      0x500 ./Drivers/STM32G4xx_HAL_Driver/Src/stm32g4xx_hal.o
 .debug_frame   0x00000c40      0x498 ./Drivers/STM32G4xx_HAL_Driver/Src/stm32g4xx_hal_cortex.o
 .debug_frame   0x000010d8      0x14c ./Drivers/STM32G4xx_HAL_Driver/Src/stm32g4xx_hal_gpio.o
 .debug_frame   0x00001224      0x4fc ./Drivers/STM32G4xx_HAL_Driver/Src/stm32g4xx_hal_pwr_ex.o
 .debug_frame   0x00001720      0x23c ./Drivers/STM32G4xx_HAL_Driver/Src/stm32g4xx_hal_rcc.o
 .debug_frame   0x0000195c      0x2ac ./Drivers/STM32G4xx_HAL_Driver/Src/stm32g4xx_hal_rcc_ex.o
 .debug_frame   0x00001c08     0x1220 ./Drivers/STM32G4xx_HAL_Driver/Src/stm32g4xx_hal_tim.o
 .debug_frame   0x00002e28      0xa70 ./Drivers/STM32G4xx_HAL_Driver/Src/stm32g4xx_hal_tim_ex.o
 .debug_frame   0x00003898      0xa94 ./Drivers/STM32G4xx_HAL_Driver/Src/stm32g4xx_hal_uart.o
 .debug_frame   0x0000432c      0x2c0 ./Drivers/STM32G4xx_HAL_Driver/Src/stm32g4xx_hal_uart_ex.o
 .debug_frame   0x000045ec      0x144 C:/ST/STM32CubeIDE_1.13.2/STM32CubeIDE/plugins/com.st.stm32cube.ide.mcu.externaltools.gnu-tools-for-stm32.12.3.rel1.win32_1.0.100.202403111256/tools/bin/../lib/gcc/arm-none-eabi/12.3.1/../../../../arm-none-eabi/lib/thumb/v7e-m+fp/hard\libc_nano.a(libc_a-findfp.o)
 .debug_frame   0x00004730       0x20 C:/ST/STM32CubeIDE_1.13.2/STM32CubeIDE/plugins/com.st.stm32cube.ide.mcu.externaltools.gnu-tools-for-stm32.12.3.rel1.win32_1.0.100.202403111256/tools/bin/../lib/gcc/arm-none-eabi/12.3.1/../../../../arm-none-eabi/lib/thumb/v7e-m+fp/hard\libc_nano.a(libc_a-memset.o)
 .debug_frame   0x00004750       0x20 C:/ST/STM32CubeIDE_1.13.2/STM32CubeIDE/plugins/com.st.stm32cube.ide.mcu.externaltools.gnu-tools-for-stm32.12.3.rel1.win32_1.0.100.202403111256/tools/bin/../lib/gcc/arm-none-eabi/12.3.1/../../../../arm-none-eabi/lib/thumb/v7e-m+fp/hard\libc_nano.a(libc_a-errno.o)
 .debug_frame   0x00004770       0x2c C:/ST/STM32CubeIDE_1.13.2/STM32CubeIDE/plugins/com.st.stm32cube.ide.mcu.externaltools.gnu-tools-for-stm32.12.3.rel1.win32_1.0.100.202403111256/tools/bin/../lib/gcc/arm-none-eabi/12.3.1/../../../../arm-none-eabi/lib/thumb/v7e-m+fp/hard\libc_nano.a(libc_a-init.o)
 .debug_frame   0x0000479c       0x3c C:/ST/STM32CubeIDE_1.13.2/STM32CubeIDE/plugins/com.st.stm32cube.ide.mcu.externaltools.gnu-tools-for-stm32.12.3.rel1.win32_1.0.100.202403111256/tools/bin/../lib/gcc/arm-none-eabi/12.3.1/../../../../arm-none-eabi/lib/thumb/v7e-m+fp/hard\libm.a(libm_a-w_sqrt.o)
 .debug_frame   0x000047d8       0x38 C:/ST/STM32CubeIDE_1.13.2/STM32CubeIDE/plugins/com.st.stm32cube.ide.mcu.externaltools.gnu-tools-for-stm32.12.3.rel1.win32_1.0.100.202403111256/tools/bin/../lib/gcc/arm-none-eabi/12.3.1/../../../../arm-none-eabi/lib/thumb/v7e-m+fp/hard\libm.a(libm_a-e_sqrt.o)
 .debug_frame   0x00004810       0xac C:/ST/STM32CubeIDE_1.13.2/STM32CubeIDE/plugins/com.st.stm32cube.ide.mcu.externaltools.gnu-tools-for-stm32.12.3.rel1.win32_1.0.100.202403111256/tools/bin/../lib/gcc/arm-none-eabi/12.3.1/thumb/v7e-m+fp/hard\libgcc.a(_arm_addsubdf3.o)
 .debug_frame   0x000048bc       0x50 C:/ST/STM32CubeIDE_1.13.2/STM32CubeIDE/plugins/com.st.stm32cube.ide.mcu.externaltools.gnu-tools-for-stm32.12.3.rel1.win32_1.0.100.202403111256/tools/bin/../lib/gcc/arm-none-eabi/12.3.1/thumb/v7e-m+fp/hard\libgcc.a(_arm_muldivdf3.o)
 .debug_frame   0x0000490c       0xc4 C:/ST/STM32CubeIDE_1.13.2/STM32CubeIDE/plugins/com.st.stm32cube.ide.mcu.externaltools.gnu-tools-for-stm32.12.3.rel1.win32_1.0.100.202403111256/tools/bin/../lib/gcc/arm-none-eabi/12.3.1/thumb/v7e-m+fp/hard\libgcc.a(_arm_cmpdf2.o)
 .debug_frame   0x000049d0       0x20 C:/ST/STM32CubeIDE_1.13.2/STM32CubeIDE/plugins/com.st.stm32cube.ide.mcu.externaltools.gnu-tools-for-stm32.12.3.rel1.win32_1.0.100.202403111256/tools/bin/../lib/gcc/arm-none-eabi/12.3.1/thumb/v7e-m+fp/hard\libgcc.a(_arm_unorddf2.o)
 .debug_frame   0x000049f0       0x24 C:/ST/STM32CubeIDE_1.13.2/STM32CubeIDE/plugins/com.st.stm32cube.ide.mcu.externaltools.gnu-tools-for-stm32.12.3.rel1.win32_1.0.100.202403111256/tools/bin/../lib/gcc/arm-none-eabi/12.3.1/thumb/v7e-m+fp/hard\libgcc.a(_arm_fixunsdfsi.o)
 .debug_frame   0x00004a14       0x24 C:/ST/STM32CubeIDE_1.13.2/STM32CubeIDE/plugins/com.st.stm32cube.ide.mcu.externaltools.gnu-tools-for-stm32.12.3.rel1.win32_1.0.100.202403111256/tools/bin/../lib/gcc/arm-none-eabi/12.3.1/thumb/v7e-m+fp/hard\libgcc.a(_arm_truncdfsf2.o)
 .debug_frame   0x00004a38       0x4c C:/ST/STM32CubeIDE_1.13.2/STM32CubeIDE/plugins/com.st.stm32cube.ide.mcu.externaltools.gnu-tools-for-stm32.12.3.rel1.win32_1.0.100.202403111256/tools/bin/../lib/gcc/arm-none-eabi/12.3.1/thumb/v7e-m+fp/hard\libgcc.a(_arm_addsubsf3.o)
 .debug_frame   0x00004a84       0x2c C:/ST/STM32CubeIDE_1.13.2/STM32CubeIDE/plugins/com.st.stm32cube.ide.mcu.externaltools.gnu-tools-for-stm32.12.3.rel1.win32_1.0.100.202403111256/tools/bin/../lib/gcc/arm-none-eabi/12.3.1/thumb/v7e-m+fp/hard\libgcc.a(_aeabi_uldivmod.o)
 .debug_frame   0x00004ab0       0x34 C:/ST/STM32CubeIDE_1.13.2/STM32CubeIDE/plugins/com.st.stm32cube.ide.mcu.externaltools.gnu-tools-for-stm32.12.3.rel1.win32_1.0.100.202403111256/tools/bin/../lib/gcc/arm-none-eabi/12.3.1/thumb/v7e-m+fp/hard\libgcc.a(_udivmoddi4.o)

.debug_line_str
                0x00000000       0x6d
 .debug_line_str
                0x00000000       0x6d ./Core/Startup/startup_stm32g474retx.o
