../Core/Src/main.c:132:5:main	32	static
../Core/Src/main.c:254:6:SystemClock_Config	88	static
../Core/Src/main.c:301:13:MX_ADC1_Init	56	static
../Core/Src/main.c:369:13:MX_LPUART1_UART_Init	8	static
../Core/Src/main.c:416:13:MX_UART4_Init	8	static
../Core/Src/main.c:464:13:MX_TIM2_Init	56	static
../Core/Src/main.c:513:13:MX_TIM3_Init	64	static
../Core/Src/main.c:576:13:MX_TIM5_Init	40	static
../Core/Src/main.c:619:13:MX_DMA_Init	16	static
../Core/Src/main.c:638:13:MX_GPIO_Init	48	static
../Core/Src/main.c:688:6:HAL_TIM_PeriodElapsedCallback	24	static
../Core/Src/main.c:695:10:micros	12	static
../Core/Src/main.c:700:6:QEIEncoderPosVel_Update	24	static
../Core/Src/main.c:723:6:PS2X_Reader	24	static
../Core/Src/main.c:932:6:Automatic_Control	40	static
../Core/Src/main.c:961:6:HAL_GPIO_EXTI_Callback	16	static
../Core/Src/main.c:988:6:Error_Handler	4	static,ignoring_inline_asm
