../Core/Src/main.c:129:5:main	24	static
../Core/Src/main.c:472:6:SystemClock_Config	88	static
../Core/Src/main.c:519:13:MX_ADC1_Init	56	static
../Core/Src/main.c:587:13:MX_LPUART1_UART_Init	8	static
../Core/Src/main.c:634:13:MX_UART4_Init	8	static
../Core/Src/main.c:682:13:MX_TIM2_Init	56	static
../Core/Src/main.c:731:13:MX_TIM3_Init	64	static
../Core/Src/main.c:794:13:MX_TIM5_Init	40	static
../Core/Src/main.c:837:13:MX_DMA_Init	16	static
../Core/Src/main.c:856:13:MX_GPIO_Init	48	static
../Core/Src/main.c:906:6:HAL_TIM_PeriodElapsedCallback	24	static
../Core/Src/main.c:913:10:micros	12	static
../Core/Src/main.c:918:6:QEIEncoderPosVel_Update	24	static
../Core/Src/main.c:950:6:HAL_GPIO_EXTI_Callback	16	static
../Core/Src/main.c:972:6:Error_Handler	4	static,ignoring_inline_asm
