../Core/Src/main.c:136:5:main	8	static
../Core/Src/main.c:259:6:SystemClock_Config	88	static
../Core/Src/main.c:306:13:MX_ADC1_Init	56	static
../Core/Src/main.c:374:13:MX_LPUART1_UART_Init	8	static
../Core/Src/main.c:421:13:MX_UART4_Init	8	static
../Core/Src/main.c:469:13:MX_TIM2_Init	56	static
../Core/Src/main.c:518:13:MX_TIM3_Init	64	static
../Core/Src/main.c:581:13:MX_TIM5_Init	40	static
../Core/Src/main.c:624:13:MX_DMA_Init	16	static
../Core/Src/main.c:643:13:MX_GPIO_Init	48	static
../Core/Src/main.c:693:6:HAL_TIM_PeriodElapsedCallback	24	static
../Core/Src/main.c:700:10:micros	12	static
../Core/Src/main.c:705:6:QEIEncoderPosVel_Update	24	static
../Core/Src/main.c:728:6:PS2X_Reader	24	static
../Core/Src/main.c:968:6:Automatic_Control	40	static
../Core/Src/main.c:997:6:HAL_GPIO_EXTI_Callback	16	static
../Core/Src/main.c:1024:6:Error_Handler	4	static,ignoring_inline_asm
