../Core/Src/main.c:132:5:main	8	static
../Core/Src/main.c:244:6:SystemClock_Config	88	static
../Core/Src/main.c:291:13:MX_ADC1_Init	56	static
../Core/Src/main.c:359:13:MX_LPUART1_UART_Init	8	static
../Core/Src/main.c:406:13:MX_UART4_Init	8	static
../Core/Src/main.c:454:13:MX_TIM2_Init	56	static
../Core/Src/main.c:503:13:MX_TIM3_Init	64	static
../Core/Src/main.c:566:13:MX_TIM5_Init	40	static
../Core/Src/main.c:609:13:MX_DMA_Init	16	static
../Core/Src/main.c:628:13:MX_GPIO_Init	48	static
../Core/Src/main.c:678:6:HAL_TIM_PeriodElapsedCallback	24	static
../Core/Src/main.c:685:10:micros	12	static
../Core/Src/main.c:690:6:QEIEncoderPosVel_Update	24	static
../Core/Src/main.c:713:6:PS2X_Reader	24	static
../Core/Src/main.c:922:6:Automatic_Control	40	static
../Core/Src/main.c:951:6:HAL_GPIO_EXTI_Callback	16	static
../Core/Src/main.c:978:6:Error_Handler	4	static,ignoring_inline_asm
