../Core/Src/main.c:96:5:main	80	static
../Core/Src/main.c:197:6:SystemClock_Config	88	static
../Core/Src/main.c:244:13:MX_LPUART1_UART_Init	8	static
../Core/Src/main.c:291:13:MX_TIM1_Init	40	static
../Core/Src/main.c:338:13:MX_TIM2_Init	56	static
../Core/Src/main.c:387:13:MX_TIM3_Init	64	static
../Core/Src/main.c:451:13:MX_TIM4_Init	40	static
../Core/Src/main.c:496:13:MX_TIM5_Init	40	static
../Core/Src/main.c:541:13:MX_TIM6_Init	24	static
../Core/Src/main.c:579:13:MX_GPIO_Init	48	static
../Core/Src/main.c:629:10:micros	12	static
../Core/Src/main.c:635:6:HAL_TIM_PeriodElapsedCallback	16	static
../Core/Src/main.c:660:6:HAL_GPIO_EXTI_Callback	16	static
../Core/Src/main.c:699:6:Error_Handler	4	static,ignoring_inline_asm
