../Core/Src/main.c:114:5:main	56	static
../Core/Src/main.c:235:6:SystemClock_Config	88	static
../Core/Src/main.c:282:13:MX_TIM1_Init	40	static
../Core/Src/main.c:329:13:MX_TIM2_Init	56	static
../Core/Src/main.c:378:13:MX_TIM3_Init	64	static
../Core/Src/main.c:442:13:MX_TIM4_Init	40	static
../Core/Src/main.c:487:13:MX_TIM5_Init	40	static
../Core/Src/main.c:532:13:MX_TIM6_Init	24	static
../Core/Src/main.c:570:13:MX_TIM16_Init	8	static
../Core/Src/main.c:606:13:MX_UART4_Init	8	static
../Core/Src/main.c:654:13:MX_USART2_UART_Init	8	static
../Core/Src/main.c:700:13:MX_DMA_Init	16	static
../Core/Src/main.c:722:13:MX_GPIO_Init	48	static
../Core/Src/main.c:772:10:micros	12	static
../Core/Src/main.c:778:6:HAL_TIM_PeriodElapsedCallback	16	static
../Core/Src/main.c:800:6:HAL_GPIO_EXTI_Callback	16	static
../Core/Src/main.c:824:6:Error_Handler	4	static,ignoring_inline_asm
