../Core/Src/MODBUS.c:23:6:modbus_1t5_Timeout	4	static
../Core/Src/MODBUS.c:32:6:modbus_3t5_Timeout	16	static
../Core/Src/MODBUS.c:39:6:modbus_ErrorTimeout	16	static
../Core/Src/MODBUS.c:50:6:Modbus_init	16	static
../Core/Src/MODBUS.c:123:16:CRC16	24	static
../Core/Src/MODBUS.c:141:6:Modbus_Protocal_Worker	16	static
../Core/Src/MODBUS.c:247:6:modbusWrite1Register	16	static
../Core/Src/MODBUS.c:276:6:modbusRead1Register	24	static
../Core/Src/MODBUS.c:312:6:ModbusErrorReply	16	static
../Core/Src/MODBUS.c:319:6:Modbus_frame_response	8	static
../Core/Src/MODBUS.c:336:6:Modbus_Emission	16	static
