Archive member included to satisfy reference by file (symbol)

C:/ST/STM32CubeIDE_1.14.1/STM32CubeIDE/plugins/com.st.stm32cube.ide.mcu.externaltools.gnu-tools-for-stm32.11.3.rel1.win32_1.1.100.202309141235/tools/bin/../lib/gcc/arm-none-eabi/11.3.1/../../../../arm-none-eabi/lib/thumb/v7e-m+fp/hard\libc_nano.a(libc_a-exit.o)
                              C:/ST/STM32CubeIDE_1.14.1/STM32CubeIDE/plugins/com.st.stm32cube.ide.mcu.externaltools.gnu-tools-for-stm32.11.3.rel1.win32_1.1.100.202309141235/tools/bin/../lib/gcc/arm-none-eabi/11.3.1/../../../../arm-none-eabi/lib/thumb/v7e-m+fp/hard/crt0.o (exit)
C:/ST/STM32CubeIDE_1.14.1/STM32CubeIDE/plugins/com.st.stm32cube.ide.mcu.externaltools.gnu-tools-for-stm32.11.3.rel1.win32_1.1.100.202309141235/tools/bin/../lib/gcc/arm-none-eabi/11.3.1/../../../../arm-none-eabi/lib/thumb/v7e-m+fp/hard\libc_nano.a(libc_a-findfp.o)
                              C:/ST/STM32CubeIDE_1.14.1/STM32CubeIDE/plugins/com.st.stm32cube.ide.mcu.externaltools.gnu-tools-for-stm32.11.3.rel1.win32_1.1.100.202309141235/tools/bin/../lib/gcc/arm-none-eabi/11.3.1/../../../../arm-none-eabi/lib/thumb/v7e-m+fp/hard\libc_nano.a(libc_a-exit.o) (__stdio_exit_handler)
C:/ST/STM32CubeIDE_1.14.1/STM32CubeIDE/plugins/com.st.stm32cube.ide.mcu.externaltools.gnu-tools-for-stm32.11.3.rel1.win32_1.1.100.202309141235/tools/bin/../lib/gcc/arm-none-eabi/11.3.1/../../../../arm-none-eabi/lib/thumb/v7e-m+fp/hard\libc_nano.a(libc_a-fwalk.o)
                              C:/ST/STM32CubeIDE_1.14.1/STM32CubeIDE/plugins/com.st.stm32cube.ide.mcu.externaltools.gnu-tools-for-stm32.11.3.rel1.win32_1.1.100.202309141235/tools/bin/../lib/gcc/arm-none-eabi/11.3.1/../../../../arm-none-eabi/lib/thumb/v7e-m+fp/hard\libc_nano.a(libc_a-findfp.o) (_fwalk_sglue)
C:/ST/STM32CubeIDE_1.14.1/STM32CubeIDE/plugins/com.st.stm32cube.ide.mcu.externaltools.gnu-tools-for-stm32.11.3.rel1.win32_1.1.100.202309141235/tools/bin/../lib/gcc/arm-none-eabi/11.3.1/../../../../arm-none-eabi/lib/thumb/v7e-m+fp/hard\libc_nano.a(libc_a-stdio.o)
                              C:/ST/STM32CubeIDE_1.14.1/STM32CubeIDE/plugins/com.st.stm32cube.ide.mcu.externaltools.gnu-tools-for-stm32.11.3.rel1.win32_1.1.100.202309141235/tools/bin/../lib/gcc/arm-none-eabi/11.3.1/../../../../arm-none-eabi/lib/thumb/v7e-m+fp/hard\libc_nano.a(libc_a-findfp.o) (__sread)
C:/ST/STM32CubeIDE_1.14.1/STM32CubeIDE/plugins/com.st.stm32cube.ide.mcu.externaltools.gnu-tools-for-stm32.11.3.rel1.win32_1.1.100.202309141235/tools/bin/../lib/gcc/arm-none-eabi/11.3.1/../../../../arm-none-eabi/lib/thumb/v7e-m+fp/hard\libc_nano.a(libc_a-memset.o)
                              C:/ST/STM32CubeIDE_1.14.1/STM32CubeIDE/plugins/com.st.stm32cube.ide.mcu.externaltools.gnu-tools-for-stm32.11.3.rel1.win32_1.1.100.202309141235/tools/bin/../lib/gcc/arm-none-eabi/11.3.1/../../../../arm-none-eabi/lib/thumb/v7e-m+fp/hard/crt0.o (memset)
C:/ST/STM32CubeIDE_1.14.1/STM32CubeIDE/plugins/com.st.stm32cube.ide.mcu.externaltools.gnu-tools-for-stm32.11.3.rel1.win32_1.1.100.202309141235/tools/bin/../lib/gcc/arm-none-eabi/11.3.1/../../../../arm-none-eabi/lib/thumb/v7e-m+fp/hard\libc_nano.a(libc_a-closer.o)
                              C:/ST/STM32CubeIDE_1.14.1/STM32CubeIDE/plugins/com.st.stm32cube.ide.mcu.externaltools.gnu-tools-for-stm32.11.3.rel1.win32_1.1.100.202309141235/tools/bin/../lib/gcc/arm-none-eabi/11.3.1/../../../../arm-none-eabi/lib/thumb/v7e-m+fp/hard\libc_nano.a(libc_a-stdio.o) (_close_r)
C:/ST/STM32CubeIDE_1.14.1/STM32CubeIDE/plugins/com.st.stm32cube.ide.mcu.externaltools.gnu-tools-for-stm32.11.3.rel1.win32_1.1.100.202309141235/tools/bin/../lib/gcc/arm-none-eabi/11.3.1/../../../../arm-none-eabi/lib/thumb/v7e-m+fp/hard\libc_nano.a(libc_a-reent.o)
                              C:/ST/STM32CubeIDE_1.14.1/STM32CubeIDE/plugins/com.st.stm32cube.ide.mcu.externaltools.gnu-tools-for-stm32.11.3.rel1.win32_1.1.100.202309141235/tools/bin/../lib/gcc/arm-none-eabi/11.3.1/../../../../arm-none-eabi/lib/thumb/v7e-m+fp/hard\libc_nano.a(libc_a-closer.o) (errno)
C:/ST/STM32CubeIDE_1.14.1/STM32CubeIDE/plugins/com.st.stm32cube.ide.mcu.externaltools.gnu-tools-for-stm32.11.3.rel1.win32_1.1.100.202309141235/tools/bin/../lib/gcc/arm-none-eabi/11.3.1/../../../../arm-none-eabi/lib/thumb/v7e-m+fp/hard\libc_nano.a(libc_a-impure.o)
                              C:/ST/STM32CubeIDE_1.14.1/STM32CubeIDE/plugins/com.st.stm32cube.ide.mcu.externaltools.gnu-tools-for-stm32.11.3.rel1.win32_1.1.100.202309141235/tools/bin/../lib/gcc/arm-none-eabi/11.3.1/../../../../arm-none-eabi/lib/thumb/v7e-m+fp/hard\libc_nano.a(libc_a-reent.o) (_impure_ptr)
C:/ST/STM32CubeIDE_1.14.1/STM32CubeIDE/plugins/com.st.stm32cube.ide.mcu.externaltools.gnu-tools-for-stm32.11.3.rel1.win32_1.1.100.202309141235/tools/bin/../lib/gcc/arm-none-eabi/11.3.1/../../../../arm-none-eabi/lib/thumb/v7e-m+fp/hard\libc_nano.a(libc_a-lseekr.o)
[...]
Memory Configuration

Name             Origin             Length             Attributes
RAM              0x0000000020000000 0x0000000000020000 xrw
FLASH            0x0000000008000000 0x0000000000080000 xr
*default*        0x0000000000000000 0xffffffffffffffff

Linker script and memory map

LOAD C:/ST/STM32CubeIDE_1.14.1/STM32CubeIDE/plugins/com.st.stm32cube.ide.mcu.externaltools.gnu-tools-for-stm32.11.3.rel1.win32_1.1.100.202309141235/tools/bin/../lib/gcc/arm-none-eabi/11.3.1/thumb/v7e-m+fp/hard/crti.o
LOAD C:/ST/STM32CubeIDE_1.14.1/STM32CubeIDE/plugins/com.st.stm32cube.ide.mcu.externaltools.gnu-tools-for-stm32.11.3.rel1.win32_1.1.100.202309141235/tools/bin/../lib/gcc/arm-none-eabi/11.3.1/thumb/v7e-m+fp/hard/crtbegin.o
LOAD C:/ST/STM32CubeIDE_1.14.1/STM32CubeIDE/plugins/com.st.stm32cube.ide.mcu.externaltools.gnu-tools-for-stm32.11.3.rel1.win32_1.1.100.202309141235/tools/bin/../lib/gcc/arm-none-eabi/11.3.1/../../../../arm-none-eabi/lib/thumb/v7e-m+fp/hard/crt0.o
LOAD ./Core/Src/main.o
LOAD ./Core/Src/stm32g4xx_hal_msp.o
LOAD ./Core/Src/stm32g4xx_it.o
LOAD ./Core/Src/syscalls.o
LOAD ./Core/Src/sysmem.o
LOAD ./Core/Src/system_stm32g4xx.o
LOAD ./Core/Startup/startup_stm32g474retx.o
LOAD ./Drivers/STM32G4xx_HAL_Driver/Src/stm32g4xx_hal.o
LOAD ./Drivers/STM32G4xx_HAL_Driver/Src/stm32g4xx_hal_adc.o
LOAD ./Drivers/STM32G4xx_HAL_Driver/Src/stm32g4xx_hal_adc_ex.o
LOAD ./Drivers/STM32G4xx_HAL_Driver/Src/stm32g4xx_hal_cortex.o
LOAD ./Drivers/STM32G4xx_HAL_Driver/Src/stm32g4xx_hal_dma.o
LOAD ./Drivers/STM32G4xx_HAL_Driver/Src/stm32g4xx_hal_dma_ex.o
LOAD ./Drivers/STM32G4xx_HAL_Driver/Src/stm32g4xx_hal_exti.o
LOAD ./Drivers/STM32G4xx_HAL_Driver/Src/stm32g4xx_hal_flash.o
LOAD ./Drivers/STM32G4xx_HAL_Driver/Src/stm32g4xx_hal_flash_ex.o
LOAD ./Drivers/STM32G4xx_HAL_Driver/Src/stm32g4xx_hal_flash_ramfunc.o
LOAD ./Drivers/STM32G4xx_HAL_Driver/Src/stm32g4xx_hal_gpio.o
LOAD ./Drivers/STM32G4xx_HAL_Driver/Src/stm32g4xx_hal_pwr.o
LOAD ./Drivers/STM32G4xx_HAL_Driver/Src/stm32g4xx_hal_pwr_ex.o
LOAD ./Drivers/STM32G4xx_HAL_Driver/Src/stm32g4xx_hal_rcc.o
LOAD ./Drivers/STM32G4xx_HAL_Driver/Src/stm32g4xx_hal_rcc_ex.o
LOAD ./Drivers/STM32G4xx_HAL_Driver/Src/stm32g4xx_hal_tim.o
LOAD ./Drivers/STM32G4xx_HAL_Driver/Src/stm32g4xx_hal_tim_ex.o
LOAD ./Drivers/STM32G4xx_HAL_Driver/Src/stm32g4xx_hal_uart.o
LOAD ./Drivers/STM32G4xx_HAL_Driver/Src/stm32g4xx_hal_uart_ex.o
LOAD ./Drivers/STM32G4xx_HAL_Driver/Src/stm32g4xx_ll_adc.o
LOAD ./Middlewares/Third_Party/ARM_CMSIS/Source/BasicMathFunctions/BasicMathFunctions.o
LOAD ./Middlewares/Third_Party/ARM_CMSIS/Source/BasicMathFunctions/BasicMathFunctionsF16.o
LOAD ./Middlewares/Third_Party/ARM_CMSIS/Source/BayesFunctions/BayesFunctions.o
LOAD ./Middlewares/Third_Party/ARM_CMSIS/Source/BayesFunctions/BayesFunctionsF16.o
LOAD ./Middlewares/Third_Party/ARM_CMSIS/Source/CommonTables/CommonTables.o
LOAD ./Middlewares/Third_Party/ARM_CMSIS/Source/CommonTables/CommonTablesF16.o
LOAD ./Middlewares/Third_Party/ARM_CMSIS/Source/ComplexMathFunctions/ComplexMathFunctions.o
LOAD ./Middlewares/Third_Party/ARM_CMSIS/Source/ComplexMathFunctions/ComplexMathFunctionsF16.o
LOAD ./Middlewares/Third_Party/ARM_CMSIS/Source/ControllerFunctions/ControllerFunctions.o
LOAD ./Middlewares/Third_Party/ARM_CMSIS/Source/DistanceFunctions/DistanceFunctions.o
LOAD ./Middlewares/Third_Party/ARM_CMSIS/Source/DistanceFunctions/DistanceFunctionsF16.o
LOAD ./Middlewares/Third_Party/ARM_CMSIS/Source/FastMathFunctions/FastMathFunctions.o
LOAD ./Middlewares/Third_Party/ARM_CMSIS/Source/FastMathFunctions/FastMathFunctionsF16.o
LOAD ./Middlewares/Third_Party/ARM_CMSIS/Source/FilteringFunctions/FilteringFunctions.o
LOAD ./Middlewares/Third_Party/ARM_CMSIS/Source/FilteringFunctions/FilteringFunctionsF16.o
LOAD ./Middlewares/Third_Party/ARM_CMSIS/Source/InterpolationFunctions/InterpolationFunctions.o
LOAD ./Middlewares/Third_Party/ARM_CMSIS/Source/InterpolationFunctions/InterpolationFunctionsF16.o
LOAD ./Middlewares/Third_Party/ARM_CMSIS/Source/MatrixFunctions/MatrixFunctions.o
LOAD ./Middlewares/Third_Party/ARM_CMSIS/Source/MatrixFunctions/MatrixFunctionsF16.o
LOAD ./Middlewares/Third_Party/ARM_CMSIS/Source/QuaternionMathFunctions/QuaternionMathFunctions.o
LOAD ./Middlewares/Third_Party/ARM_CMSIS/Source/SVMFunctions/SVMFunctions.o
LOAD ./Middlewares/Third_Party/ARM_CMSIS/Source/SVMFunctions/SVMFunctionsF16.o
LOAD ./Middlewares/Third_Party/ARM_CMSIS/Source/StatisticsFunctions/StatisticsFunctions.o
LOAD ./Middlewares/Third_Party/ARM_CMSIS/Source/StatisticsFunctions/StatisticsFunctionsF16.o
LOAD ./Middlewares/Third_Party/ARM_CMSIS/Source/SupportFunctions/SupportFunctions.o
LOAD ./Middlewares/Third_Party/ARM_CMSIS/Source/SupportFunctions/SupportFunctionsF16.o
LOAD ./Middlewares/Third_Party/ARM_CMSIS/Source/TransformFunctions/TransformFunctions.o
LOAD ./Middlewares/Third_Party/ARM_CMSIS/Source/TransformFunctions/TransformFunctionsF16.o
START GROUP
LOAD C:/ST/STM32CubeIDE_1.14.1/STM32CubeIDE/plugins/com.st.stm32cube.ide.mcu.externaltools.gnu-tools-for-stm32.11.3.rel1.win32_1.1.100.202309141235/tools/bin/../lib/gcc/arm-none-eabi/11.3.1/../../../../arm-none-eabi/lib/thumb/v7e-m+fp/hard\libc_nano.a
LOAD C:/ST/STM32CubeIDE_1.14.1/STM32CubeIDE/plugins/com.st.stm32cube.ide.mcu.externaltools.gnu-tools-for-stm32.11.3.rel1.win32_1.1.100.202309141235/tools/bin/../lib/gcc/arm-none-eabi/11.3.1/../../../../arm-none-eabi/lib/thumb/v7e-m+fp/hard\libm.a
END GROUP
START GROUP
LOAD C:/ST/STM32CubeIDE_1.14.1/STM32CubeIDE/plugins/com.st.stm32cube.ide.mcu.externaltools.gnu-tools-for-stm32.11.3.rel1.win32_1.1.100.202309141235/tools/bin/../lib/gcc/arm-none-eabi/11.3.1/thumb/v7e-m+fp/hard\libgcc.a
LOAD C:/ST/STM32CubeIDE_1.14.1/STM32CubeIDE/plugins/com.st.stm32cube.ide.mcu.externaltools.gnu-tools-for-stm32.11.3.rel1.win32_1.1.100.202309141235/tools/bin/../lib/gcc/arm-none-eabi/11.3.1/../../../../arm-none-eabi/lib/thumb/v7e-m+fp/hard\libc_nano.a
END GROUP
START GROUP
LOAD C:/ST/STM32CubeIDE_1.14.1/STM32CubeIDE/plugins/com.st.stm32cube.ide.mcu.externaltools.gnu-tools-for-stm32.11.3.rel1.win32_1.1.100.202309141235/tools/bin/../lib/gcc/arm-none-eabi/11.3.1/thumb/v7e-m+fp/hard\libgcc.a
LOAD C:/ST/STM32CubeIDE_1.14.1/STM32CubeIDE/plugins/com.st.stm32cube.ide.mcu.externaltools.gnu-tools-for-stm32.11.3.rel1.win32_1.1.100.202309141235/tools/bin/../lib/gcc/arm-none-eabi/11.3.1/../../../../arm-none-eabi/lib/thumb/v7e-m+fp/hard\libc_nano.a
LOAD C:/ST/STM32CubeIDE_1.14.1/STM32CubeIDE/plugins/com.st.stm32cube.ide.mcu.externaltools.gnu-tools-for-stm32.11.3.rel1.win32_1.1.100.202309141235/tools/bin/../lib/gcc/arm-none-eabi/11.3.1/../../../../arm-none-eabi/lib/thumb/v7e-m+fp/hard\libnosys.a
END GROUP
START GROUP
LOAD C:/ST/STM32CubeIDE_1.14.1/STM32CubeIDE/plugins/com.st.stm32cube.ide.mcu.externaltools.gnu-tools-for-stm32.11.3.rel1.win32_1.1.100.202309141235/tools/bin/../lib/gcc/arm-none-eabi/11.3.1/thumb/v7e-m+fp/hard\libgcc.a
LOAD C:/ST/STM32CubeIDE_1.14.1/STM32CubeIDE/plugins/com.st.stm32cube.ide.mcu.externaltools.gnu-tools-for-stm32.11.3.rel1.win32_1.1.100.202309141235/tools/bin/../lib/gcc/arm-none-eabi/11.3.1/../../../../arm-none-eabi/lib/thumb/v7e-m+fp/hard\libc_nano.a
LOAD C:/ST/STM32CubeIDE_1.14.1/STM32CubeIDE/plugins/com.st.stm32cube.ide.mcu.externaltools.gnu-tools-for-stm32.11.3.rel1.win32_1.1.100.202309141235/tools/bin/../lib/gcc/arm-none-eabi/11.3.1/../../../../arm-none-eabi/lib/thumb/v7e-m+fp/hard\libnosys.a
END GROUP
LOAD C:/ST/STM32CubeIDE_1.14.1/STM32CubeIDE/plugins/com.st.stm32cube.ide.mcu.externaltools.gnu-tools-for-stm32.11.3.rel1.win32_1.1.100.202309141235/tools/bin/../lib/gcc/arm-none-eabi/11.3.1/thumb/v7e-m+fp/hard/crtend.o
LOAD C:/ST/STM32CubeIDE_1.14.1/STM32CubeIDE/plugins/com.st.stm32cube.ide.mcu.externaltools.gnu-tools-for-stm32.11.3.rel1.win32_1.1.100.202309141235/tools/bin/../lib/gcc/arm-none-eabi/11.3.1/thumb/v7e-m+fp/hard/crtn.o
                0x0000000020020000                _estack = (ORIGIN (RAM) + LENGTH (RAM))
                0x0000000000000200                _Min_Heap_Size = 0x200
                0x0000000000000400                _Min_Stack_Size = 0x400

.isr_vector     0x0000000008000000      0x1d8
                0x0000000008000000                . = ALIGN (0x4)
 *(.isr_vector)
 .isr_vector    0x0000000008000000      0x1d8 ./Core/Startup/startup_stm32g474retx.o
                0x0000000008000000                g_pfnVectors
                0x00000000080001d8                . = ALIGN (0x4)

.text           0x00000000080001d8     0x713c
                0x00000000080001d8                . = ALIGN (0x4)
 *(.text)
 .text          0x00000000080001d8       0x40 C:/ST/STM32CubeIDE_1.14.1/STM32CubeIDE/plugins/com.st.stm32cube.ide.mcu.externaltools.gnu-tools-for-stm32.11.3.rel1.win32_1.1.100.202309141235/tools/bin/../lib/gcc/arm-none-eabi/11.3.1/thumb/v7e-m+fp/hard/crtbegin.o
 .text          0x0000000008000218      0x378 C:/ST/STM32CubeIDE_1.14.1/STM32CubeIDE/plugins/com.st.stm32cube.ide.mcu.externaltools.gnu-tools-for-stm32.11.3.rel1.win32_1.1.100.202309141235/tools/bin/../lib/gcc/arm-none-eabi/11.3.1/thumb/v7e-m+fp/hard\libgcc.a(_arm_addsubdf3.o)
                0x0000000008000218                __aeabi_drsub
                0x0000000008000220                __aeabi_dsub
                0x0000000008000220                __subdf3
                0x0000000008000224                __aeabi_dadd
                0x0000000008000224                __adddf3
                0x000000000800049c                __floatunsidf
                0x000000000800049c                __aeabi_ui2d
                0x00000000080004bc                __floatsidf
                0x00000000080004bc                __aeabi_i2d
                0x00000000080004e0                __aeabi_f2d
                0x00000000080004e0                __extendsfdf2
                0x0000000008000524                __floatundidf
                0x0000000008000524                __aeabi_ul2d
                0x0000000008000534                __floatdidf
                0x0000000008000534                __aeabi_l2d
 .text          0x0000000008000590      0x424 C:/ST/STM32CubeIDE_1.14.1/STM32CubeIDE/plugins/com.st.stm32cube.ide.mcu.externaltools.gnu-tools-for-stm32.11.3.rel1.win32_1.1.100.202309141235/tools/bin/../lib/gcc/arm-none-eabi/11.3.1/thumb/v7e-m+fp/hard\libgcc.a(_arm_muldivdf3.o)
                0x0000000008000590                __aeabi_dmul
                0x0000000008000590                __muldf3
                0x00000000080007e4                __divdf3
                0x00000000080007e4                __aeabi_ddiv
 .text          0x00000000080009b4       0x50 C:/ST/STM32CubeIDE_1.14.1/STM32CubeIDE/plugins/com.st.stm32cube.ide.mcu.externaltools.gnu-tools-for-stm32.11.3.rel1.win32_1.1.100.202309141235/tools/bin/../lib/gcc/arm-none-eabi/11.3.1/thumb/v7e-m+fp/hard\libgcc.a(_arm_fixdfsi.o)
                0x00000000080009b4                __aeabi_d2iz
                0x00000000080009b4                __fixdfsi
 .text          0x0000000008000a04       0x30 C:/ST/STM32CubeIDE_1.14.1/STM32CubeIDE/plugins/com.st.stm32cube.ide.mcu.externaltools.gnu-tools-for-stm32.11.3.rel1.win32_1.1.100.202309141235/tools/bin/../lib/gcc/arm-none-eabi/11.3.1/thumb/v7e-m+fp/hard\libgcc.a(_aeabi_uldivmod.o)
                0x0000000008000a04                __aeabi_uldivmod
 .text          0x0000000008000a34      0x2c8 C:/ST/STM32CubeIDE_1.14.1/STM32CubeIDE/plugins/com.st.stm32cube.ide.mcu.externaltools.gnu-tools-for-stm32.11.3.rel1.win32_1.1.100.202309141235/tools/bin/../lib/gcc/arm-none-eabi/11.3.1/thumb/v7e-m+fp/hard\libgcc.a(_udivmoddi4.o)
                0x0000000008000a34                __udivmoddi4
 .text          0x0000000008000cfc        0x4 C:/ST/STM32CubeIDE_1.14.1/STM32CubeIDE/plugins/com.st.stm32cube.ide.mcu.externaltools.gnu-tools-for-stm32.11.3.rel1.win32_1.1.100.202309141235/tools/bin/../lib/gcc/arm-none-eabi/11.3.1/thumb/v7e-m+fp/hard\libgcc.a(_dvmd_tls.o)
                0x0000000008000cfc                __aeabi_idiv0
                0x0000000008000cfc                __aeabi_ldiv0
 *(.text*)
 .text.main     0x0000000008000d00      0x488 ./Core/Src/main.o
                0x0000000008000d00                main
 .text.SystemClock_Config
                0x0000000008001188       0x96 ./Core/Src/main.o
                0x0000000008001188                SystemClock_Config
 *fill*         0x000000000800121e        0x2 
 .text.MX_ADC1_Init
                0x0000000008001220       0xf0 ./Core/Src/main.o
 .text.MX_LPUART1_UART_Init
                0x0000000008001310       0x94 ./Core/Src/main.o
 .text.MX_UART4_Init
                0x00000000080013a4       0x9c ./Core/Src/main.o
 .text.MX_TIM2_Init
                0x0000000008001440       0xa8 ./Core/Src/main.o
 .text.MX_TIM3_Init
                0x00000000080014e8      0x104 ./Core/Src/main.o
 .text.MX_TIM5_Init
                0x00000000080015ec       0x9c ./Core/Src/main.o
 .text.MX_DMA_Init
                0x0000000008001688       0x54 ./Core/Src/main.o
 .text.MX_GPIO_Init
                0x00000000080016dc      0x118 ./Core/Src/main.o
 .text.HAL_GPIO_EXTI_Callback
                0x00000000080017f4       0x38 ./Core/Src/main.o
                0x00000000080017f4                HAL_GPIO_EXTI_Callback
 .text.Error_Handler
                0x000000000800182c        0xa ./Core/Src/main.o
                0x000000000800182c                Error_Handler
 *fill*         0x0000000008001836        0x2 
 .text.HAL_MspInit
                0x0000000008001838       0x48 ./Core/Src/stm32g4xx_hal_msp.o
                0x0000000008001838                HAL_MspInit
 .text.HAL_ADC_MspInit
                0x0000000008001880      0x118 ./Core/Src/stm32g4xx_hal_msp.o
                0x0000000008001880                HAL_ADC_MspInit
 .text.HAL_UART_MspInit
                0x0000000008001998      0x130 ./Core/Src/stm32g4xx_hal_msp.o
                0x0000000008001998                HAL_UART_MspInit
 .text.HAL_TIM_Encoder_MspInit
                0x0000000008001ac8       0x80 ./Core/Src/stm32g4xx_hal_msp.o
                0x0000000008001ac8                HAL_TIM_Encoder_MspInit
 .text.HAL_TIM_Base_MspInit
                0x0000000008001b48       0x68 ./Core/Src/stm32g4xx_hal_msp.o
                0x0000000008001b48                HAL_TIM_Base_MspInit
 .text.HAL_TIM_MspPostInit
                0x0000000008001bb0       0x70 ./Core/Src/stm32g4xx_hal_msp.o
                0x0000000008001bb0                HAL_TIM_MspPostInit
 .text.NMI_Handler
                0x0000000008001c20        0x6 ./Core/Src/stm32g4xx_it.o
                0x0000000008001c20                NMI_Handler
 .text.HardFault_Handler
                0x0000000008001c26        0x6 ./Core/Src/stm32g4xx_it.o
                0x0000000008001c26                HardFault_Handler
 .text.MemManage_Handler
                0x0000000008001c2c        0x6 ./Core/Src/stm32g4xx_it.o
                0x0000000008001c2c                MemManage_Handler
 .text.BusFault_Handler
                0x0000000008001c32        0x6 ./Core/Src/stm32g4xx_it.o
                0x0000000008001c32                BusFault_Handler
 .text.UsageFault_Handler
                0x0000000008001c38        0x6 ./Core/Src/stm32g4xx_it.o
                0x0000000008001c38                UsageFault_Handler
 .text.SVC_Handler
                0x0000000008001c3e        0xe ./Core/Src/stm32g4xx_it.o
                0x0000000008001c3e                SVC_Handler
 .text.DebugMon_Handler
                0x0000000008001c4c        0xe ./Core/Src/stm32g4xx_it.o
                0x0000000008001c4c                DebugMon_Handler
 .text.PendSV_Handler
                0x0000000008001c5a        0xe ./Core/Src/stm32g4xx_it.o
                0x0000000008001c5a                PendSV_Handler
 .text.SysTick_Handler
                0x0000000008001c68        0xc ./Core/Src/stm32g4xx_it.o
                0x0000000008001c68                SysTick_Handler
 .text.EXTI4_IRQHandler
                0x0000000008001c74        0xe ./Core/Src/stm32g4xx_it.o
                0x0000000008001c74                EXTI4_IRQHandler
 *fill*         0x0000000008001c82        0x2 
 .text.DMA1_Channel1_IRQHandler
                0x0000000008001c84       0x14 ./Core/Src/stm32g4xx_it.o
                0x0000000008001c84                DMA1_Channel1_IRQHandler
 .text.ADC1_2_IRQHandler
                0x0000000008001c98       0x14 ./Core/Src/stm32g4xx_it.o
                0x0000000008001c98                ADC1_2_IRQHandler
 .text.EXTI9_5_IRQHandler
                0x0000000008001cac        0xe ./Core/Src/stm32g4xx_it.o
                0x0000000008001cac                EXTI9_5_IRQHandler
 .text.EXTI15_10_IRQHandler
                0x0000000008001cba       0x10 ./Core/Src/stm32g4xx_it.o
                0x0000000008001cba                EXTI15_10_IRQHandler
 *fill*         0x0000000008001cca        0x2 
 .text.SystemInit
                0x0000000008001ccc       0x24 ./Core/Src/system_stm32g4xx.o
                0x0000000008001ccc                SystemInit
 .text.Reset_Handler
                0x0000000008001cf0       0x50 ./Core/Startup/startup_stm32g474retx.o
                0x0000000008001cf0                Reset_Handler
 .text.Default_Handler
                0x0000000008001d40        0x2 ./Core/Startup/startup_stm32g474retx.o
                0x0000000008001d40                RTC_Alarm_IRQHandler
                0x0000000008001d40                EXTI2_IRQHandler
                0x0000000008001d40                TIM8_TRG_COM_IRQHandler
                0x0000000008001d40                TIM8_CC_IRQHandler
                0x0000000008001d40                HRTIM1_Master_IRQHandler
                0x0000000008001d40                SPI4_IRQHandler
                0x0000000008001d40                FDCAN3_IT0_IRQHandler
                0x0000000008001d40                TIM1_CC_IRQHandler
                0x0000000008001d40                HRTIM1_FLT_IRQHandler
                0x0000000008001d40                HRTIM1_TIMF_IRQHandler
                0x0000000008001d40                USB_HP_IRQHandler
                0x0000000008001d40                CORDIC_IRQHandler
                0x0000000008001d40                HRTIM1_TIMD_IRQHandler
                0x0000000008001d40                DMA2_Channel8_IRQHandler
                0x0000000008001d40                EXTI3_IRQHandler
                0x0000000008001d40                I2C3_ER_IRQHandler
                0x0000000008001d40                EXTI0_IRQHandler
                0x0000000008001d40                I2C2_EV_IRQHandler
                0x0000000008001d40                FPU_IRQHandler
                0x0000000008001d40                FDCAN1_IT1_IRQHandler
                0x0000000008001d40                TIM1_UP_TIM16_IRQHandler
                0x0000000008001d40                HRTIM1_TIME_IRQHandler
                0x0000000008001d40                SPI1_IRQHandler
                0x0000000008001d40                TIM6_DAC_IRQHandler
                0x0000000008001d40                HRTIM1_TIMC_IRQHandler
                0x0000000008001d40                TIM8_UP_IRQHandler
                0x0000000008001d40                DMA2_Channel2_IRQHandler
                0x0000000008001d40                DMA1_Channel4_IRQHandler
                0x0000000008001d40                TIM20_TRG_COM_IRQHandler
                0x0000000008001d40                USART3_IRQHandler
                0x0000000008001d40                DMA1_Channel7_IRQHandler
                0x0000000008001d40                UART5_IRQHandler
                0x0000000008001d40                ADC3_IRQHandler
                0x0000000008001d40                TIM4_IRQHandler
                0x0000000008001d40                DMA2_Channel1_IRQHandler
                0x0000000008001d40                QUADSPI_IRQHandler
                0x0000000008001d40                I2C1_EV_IRQHandler
                0x0000000008001d40                DMA1_Channel6_IRQHandler
                0x0000000008001d40                UART4_IRQHandler
                0x0000000008001d40                DMA2_Channel4_IRQHandler
                0x0000000008001d40                TIM3_IRQHandler
                0x0000000008001d40                RCC_IRQHandler
                0x0000000008001d40                TIM20_UP_IRQHandler
                0x0000000008001d40                Default_Handler
                0x0000000008001d40                DMA2_Channel7_IRQHandler
                0x0000000008001d40                RTC_TAMP_LSECSS_IRQHandler
                0x0000000008001d40                FMAC_IRQHandler
                0x0000000008001d40                DMA1_Channel8_IRQHandler
                0x0000000008001d40                HRTIM1_TIMA_IRQHandler
                0x0000000008001d40                TIM7_DAC_IRQHandler
                0x0000000008001d40                FDCAN3_IT1_IRQHandler
                0x0000000008001d40                TIM5_IRQHandler
                0x0000000008001d40                UCPD1_IRQHandler
                0x0000000008001d40                I2C3_EV_IRQHandler
                0x0000000008001d40                RTC_WKUP_IRQHandler
                0x0000000008001d40                PVD_PVM_IRQHandler
                0x0000000008001d40                SPI2_IRQHandler
                0x0000000008001d40                ADC5_IRQHandler
                0x0000000008001d40                DMA2_Channel5_IRQHandler
                0x0000000008001d40                CRS_IRQHandler
                0x0000000008001d40                DMA1_Channel5_IRQHandler
                0x0000000008001d40                USB_LP_IRQHandler
                0x0000000008001d40                RNG_IRQHandler
                0x0000000008001d40                HRTIM1_TIMB_IRQHandler
                0x0000000008001d40                TIM1_TRG_COM_TIM17_IRQHandler
                0x0000000008001d40                FDCAN2_IT1_IRQHandler
                0x0000000008001d40                DMA1_Channel3_IRQHandler
                0x0000000008001d40                ADC4_IRQHandler
                0x0000000008001d40                WWDG_IRQHandler
                0x0000000008001d40                I2C4_EV_IRQHandler
                0x0000000008001d40                FDCAN2_IT0_IRQHandler
                0x0000000008001d40                LPUART1_IRQHandler
                0x0000000008001d40                DMA2_Channel6_IRQHandler
                0x0000000008001d40                FDCAN1_IT0_IRQHandler
                0x0000000008001d40                TIM2_IRQHandler
                0x0000000008001d40                COMP7_IRQHandler
                0x0000000008001d40                COMP1_2_3_IRQHandler
                0x0000000008001d40                EXTI1_IRQHandler
                0x0000000008001d40                USART2_IRQHandler
                0x0000000008001d40                COMP4_5_6_IRQHandler
                0x0000000008001d40                TIM20_BRK_IRQHandler
                0x0000000008001d40                I2C2_ER_IRQHandler
                0x0000000008001d40                DMA1_Channel2_IRQHandler
                0x0000000008001d40                TIM8_BRK_IRQHandler
                0x0000000008001d40                FLASH_IRQHandler
                0x0000000008001d40                TIM20_CC_IRQHandler
                0x0000000008001d40                USART1_IRQHandler
                0x0000000008001d40                SPI3_IRQHandler
                0x0000000008001d40                I2C1_ER_IRQHandler
                0x0000000008001d40                FMC_IRQHandler
                0x0000000008001d40                LPTIM1_IRQHandler
                0x0000000008001d40                DMAMUX_OVR_IRQHandler
                0x0000000008001d40                I2C4_ER_IRQHandler
                0x0000000008001d40                USBWakeUp_IRQHandler
                0x0000000008001d40                SAI1_IRQHandler
                0x0000000008001d40                DMA2_Channel3_IRQHandler
                0x0000000008001d40                TIM1_BRK_TIM15_IRQHandler
 .text.HAL_Init
                0x0000000008001d42       0x30 ./Drivers/STM32G4xx_HAL_Driver/Src/stm32g4xx_hal.o
                0x0000000008001d42                HAL_Init
 *fill*         0x0000000008001d72        0x2 
 .text.HAL_InitTick
                0x0000000008001d74       0x74 ./Drivers/STM32G4xx_HAL_Driver/Src/stm32g4xx_hal.o
                0x0000000008001d74                HAL_InitTick
 .text.HAL_IncTick
                0x0000000008001de8       0x24 ./Drivers/STM32G4xx_HAL_Driver/Src/stm32g4xx_hal.o
                0x0000000008001de8                HAL_IncTick
 .text.HAL_GetTick
                0x0000000008001e0c       0x18 ./Drivers/STM32G4xx_HAL_Driver/Src/stm32g4xx_hal.o
                0x0000000008001e0c                HAL_GetTick
 .text.LL_ADC_SetCommonClock
                0x0000000008001e24       0x26 ./Drivers/STM32G4xx_HAL_Driver/Src/stm32g4xx_hal_adc.o
 .text.LL_ADC_SetCommonPathInternalCh
                0x0000000008001e4a       0x26 ./Drivers/STM32G4xx_HAL_Driver/Src/stm32g4xx_hal_adc.o
 .text.LL_ADC_GetCommonPathInternalCh
                0x0000000008001e70       0x1c ./Drivers/STM32G4xx_HAL_Driver/Src/stm32g4xx_hal_adc.o
 .text.LL_ADC_SetOffset
                0x0000000008001e8c       0x48 ./Drivers/STM32G4xx_HAL_Driver/Src/stm32g4xx_hal_adc.o
 .text.LL_ADC_GetOffsetChannel
                0x0000000008001ed4       0x2c ./Drivers/STM32G4xx_HAL_Driver/Src/stm32g4xx_hal_adc.o
 .text.LL_ADC_SetOffsetState
                0x0000000008001f00       0x36 ./Drivers/STM32G4xx_HAL_Driver/Src/stm32g4xx_hal_adc.o
 .text.LL_ADC_SetOffsetSign
                0x0000000008001f36       0x36 ./Drivers/STM32G4xx_HAL_Driver/Src/stm32g4xx_hal_adc.o
 .text.LL_ADC_SetOffsetSaturation
                0x0000000008001f6c       0x36 ./Drivers/STM32G4xx_HAL_Driver/Src/stm32g4xx_hal_adc.o
 .text.LL_ADC_SetSamplingTimeCommonConfig
                0x0000000008001fa2       0x26 ./Drivers/STM32G4xx_HAL_Driver/Src/stm32g4xx_hal_adc.o
 .text.LL_ADC_REG_IsTriggerSourceSWStart
                0x0000000008001fc8       0x26 ./Drivers/STM32G4xx_HAL_Driver/Src/stm32g4xx_hal_adc.o
 .text.LL_ADC_REG_SetSequencerRanks
                0x0000000008001fee       0x58 ./Drivers/STM32G4xx_HAL_Driver/Src/stm32g4xx_hal_adc.o
 .text.LL_ADC_INJ_IsTriggerSourceSWStart
                0x0000000008002046       0x26 ./Drivers/STM32G4xx_HAL_Driver/Src/stm32g4xx_hal_adc.o
 .text.LL_ADC_SetChannelSamplingTime
                0x000000000800206c       0x56 ./Drivers/STM32G4xx_HAL_Driver/Src/stm32g4xx_hal_adc.o
 *fill*         0x00000000080020c2        0x2 
 .text.LL_ADC_SetChannelSingleDiff
                0x00000000080020c4       0x48 ./Drivers/STM32G4xx_HAL_Driver/Src/stm32g4xx_hal_adc.o
 .text.LL_ADC_GetMultimode
                0x000000000800210c       0x1c ./Drivers/STM32G4xx_HAL_Driver/Src/stm32g4xx_hal_adc.o
 .text.LL_ADC_GetMultiDMATransfer
                0x0000000008002128       0x1c ./Drivers/STM32G4xx_HAL_Driver/Src/stm32g4xx_hal_adc.o
 .text.LL_ADC_DisableDeepPowerDown
                0x0000000008002144       0x24 ./Drivers/STM32G4xx_HAL_Driver/Src/stm32g4xx_hal_adc.o
 .text.LL_ADC_IsDeepPowerDownEnabled
                0x0000000008002168       0x28 ./Drivers/STM32G4xx_HAL_Driver/Src/stm32g4xx_hal_adc.o
 .text.LL_ADC_EnableInternalRegulator
                0x0000000008002190       0x28 ./Drivers/STM32G4xx_HAL_Driver/Src/stm32g4xx_hal_adc.o
 .text.LL_ADC_IsInternalRegulatorEnabled
                0x00000000080021b8       0x28 ./Drivers/STM32G4xx_HAL_Driver/Src/stm32g4xx_hal_adc.o
 .text.LL_ADC_IsEnabled
                0x00000000080021e0       0x26 ./Drivers/STM32G4xx_HAL_Driver/Src/stm32g4xx_hal_adc.o
 .text.LL_ADC_REG_IsConversionOngoing
                0x0000000008002206       0x26 ./Drivers/STM32G4xx_HAL_Driver/Src/stm32g4xx_hal_adc.o
 .text.LL_ADC_INJ_IsConversionOngoing
                0x000000000800222c       0x26 ./Drivers/STM32G4xx_HAL_Driver/Src/stm32g4xx_hal_adc.o
 *fill*         0x0000000008002252        0x2 
 .text.HAL_ADC_Init
                0x0000000008002254      0x378 ./Drivers/STM32G4xx_HAL_Driver/Src/stm32g4xx_hal_adc.o
                0x0000000008002254                HAL_ADC_Init
 .text.HAL_ADC_IRQHandler
                0x00000000080025cc      0x4c0 ./Drivers/STM32G4xx_HAL_Driver/Src/stm32g4xx_hal_adc.o
                0x00000000080025cc                HAL_ADC_IRQHandler
 .text.HAL_ADC_ConvCpltCallback
                0x0000000008002a8c       0x14 ./Drivers/STM32G4xx_HAL_Driver/Src/stm32g4xx_hal_adc.o
                0x0000000008002a8c                HAL_ADC_ConvCpltCallback
 .text.HAL_ADC_LevelOutOfWindowCallback
                0x0000000008002aa0       0x14 ./Drivers/STM32G4xx_HAL_Driver/Src/stm32g4xx_hal_adc.o
                0x0000000008002aa0                HAL_ADC_LevelOutOfWindowCallback
 .text.HAL_ADC_ErrorCallback
                0x0000000008002ab4       0x14 ./Drivers/STM32G4xx_HAL_Driver/Src/stm32g4xx_hal_adc.o
                0x0000000008002ab4                HAL_ADC_ErrorCallback
 .text.HAL_ADC_ConfigChannel
                0x0000000008002ac8      0x880 ./Drivers/STM32G4xx_HAL_Driver/Src/stm32g4xx_hal_adc.o
                0x0000000008002ac8                HAL_ADC_ConfigChannel
 .text.LL_ADC_IsEnabled
                0x0000000008003348       0x26 ./Drivers/STM32G4xx_HAL_Driver/Src/stm32g4xx_hal_adc_ex.o
 .text.LL_ADC_REG_IsConversionOngoing
                0x000000000800336e       0x26 ./Drivers/STM32G4xx_HAL_Driver/Src/stm32g4xx_hal_adc_ex.o
 .text.HAL_ADCEx_InjectedConvCpltCallback
                0x0000000008003394       0x14 ./Drivers/STM32G4xx_HAL_Driver/Src/stm32g4xx_hal_adc_ex.o
                0x0000000008003394                HAL_ADCEx_InjectedConvCpltCallback
 .text.HAL_ADCEx_InjectedQueueOverflowCallback
                0x00000000080033a8       0x14 ./Drivers/STM32G4xx_HAL_Driver/Src/stm32g4xx_hal_adc_ex.o
                0x00000000080033a8                HAL_ADCEx_InjectedQueueOverflowCallback
 .text.HAL_ADCEx_LevelOutOfWindow2Callback
                0x00000000080033bc       0x14 ./Drivers/STM32G4xx_HAL_Driver/Src/stm32g4xx_hal_adc_ex.o
                0x00000000080033bc                HAL_ADCEx_LevelOutOfWindow2Callback
 .text.HAL_ADCEx_LevelOutOfWindow3Callback
                0x00000000080033d0       0x14 ./Drivers/STM32G4xx_HAL_Driver/Src/stm32g4xx_hal_adc_ex.o
                0x00000000080033d0                HAL_ADCEx_LevelOutOfWindow3Callback
 .text.HAL_ADCEx_EndOfSamplingCallback
                0x00000000080033e4       0x14 ./Drivers/STM32G4xx_HAL_Driver/Src/stm32g4xx_hal_adc_ex.o
                0x00000000080033e4                HAL_ADCEx_EndOfSamplingCallback
 .text.HAL_ADCEx_MultiModeConfigChannel
                0x00000000080033f8      0x210 ./Drivers/STM32G4xx_HAL_Driver/Src/stm32g4xx_hal_adc_ex.o
                0x00000000080033f8                HAL_ADCEx_MultiModeConfigChannel
 .text.__NVIC_SetPriorityGrouping
                0x0000000008003608       0x48 ./Drivers/STM32G4xx_HAL_Driver/Src/stm32g4xx_hal_cortex.o
 .text.__NVIC_GetPriorityGrouping
                0x0000000008003650       0x1c ./Drivers/STM32G4xx_HAL_Driver/Src/stm32g4xx_hal_cortex.o
 .text.__NVIC_EnableIRQ
                0x000000000800366c       0x3c ./Drivers/STM32G4xx_HAL_Driver/Src/stm32g4xx_hal_cortex.o
 .text.__NVIC_SetPriority
                0x00000000080036a8       0x54 ./Drivers/STM32G4xx_HAL_Driver/Src/stm32g4xx_hal_cortex.o
 .text.NVIC_EncodePriority
                0x00000000080036fc       0x66 ./Drivers/STM32G4xx_HAL_Driver/Src/stm32g4xx_hal_cortex.o
 *fill*         0x0000000008003762        0x2 
 .text.SysTick_Config
                0x0000000008003764       0x44 ./Drivers/STM32G4xx_HAL_Driver/Src/stm32g4xx_hal_cortex.o
 .text.HAL_NVIC_SetPriorityGrouping
                0x00000000080037a8       0x16 ./Drivers/STM32G4xx_HAL_Driver/Src/stm32g4xx_hal_cortex.o
                0x00000000080037a8                HAL_NVIC_SetPriorityGrouping
 .text.HAL_NVIC_SetPriority
                0x00000000080037be       0x34 ./Drivers/STM32G4xx_HAL_Driver/Src/stm32g4xx_hal_cortex.o
                0x00000000080037be                HAL_NVIC_SetPriority
 .text.HAL_NVIC_EnableIRQ
                0x00000000080037f2       0x1c ./Drivers/STM32G4xx_HAL_Driver/Src/stm32g4xx_hal_cortex.o
                0x00000000080037f2                HAL_NVIC_EnableIRQ
 .text.HAL_SYSTICK_Config
                0x000000000800380e       0x18 ./Drivers/STM32G4xx_HAL_Driver/Src/stm32g4xx_hal_cortex.o
                0x000000000800380e                HAL_SYSTICK_Config
 *fill*         0x0000000008003826        0x2 
 .text.HAL_DMA_Init
                0x0000000008003828      0x150 ./Drivers/STM32G4xx_HAL_Driver/Src/stm32g4xx_hal_dma.o
                0x0000000008003828                HAL_DMA_Init
 .text.HAL_DMA_IRQHandler
                0x0000000008003978      0x15e ./Drivers/STM32G4xx_HAL_Driver/Src/stm32g4xx_hal_dma.o
                0x0000000008003978                HAL_DMA_IRQHandler
 *fill*         0x0000000008003ad6        0x2 
 .text.DMA_CalcDMAMUXChannelBaseAndMask
                0x0000000008003ad8       0x7c ./Drivers/STM32G4xx_HAL_Driver/Src/stm32g4xx_hal_dma.o
 .text.DMA_CalcDMAMUXRequestGenBaseAndMask
                0x0000000008003b54       0x48 ./Drivers/STM32G4xx_HAL_Driver/Src/stm32g4xx_hal_dma.o
 .text.HAL_GPIO_Init
                0x0000000008003b9c      0x304 ./Drivers/STM32G4xx_HAL_Driver/Src/stm32g4xx_hal_gpio.o
                0x0000000008003b9c                HAL_GPIO_Init
 .text.HAL_GPIO_WritePin
                0x0000000008003ea0       0x30 ./Drivers/STM32G4xx_HAL_Driver/Src/stm32g4xx_hal_gpio.o
                0x0000000008003ea0                HAL_GPIO_WritePin
 .text.HAL_GPIO_EXTI_IRQHandler
                0x0000000008003ed0       0x30 ./Drivers/STM32G4xx_HAL_Driver/Src/stm32g4xx_hal_gpio.o
                0x0000000008003ed0                HAL_GPIO_EXTI_IRQHandler
 .text.HAL_PWREx_ControlVoltageScaling
                0x0000000008003f00      0x148 ./Drivers/STM32G4xx_HAL_Driver/Src/stm32g4xx_hal_pwr_ex.o
                0x0000000008003f00                HAL_PWREx_ControlVoltageScaling
 .text.HAL_PWREx_DisableUCPDDeadBattery
                0x0000000008004048       0x20 ./Drivers/STM32G4xx_HAL_Driver/Src/stm32g4xx_hal_pwr_ex.o
                0x0000000008004048                HAL_PWREx_DisableUCPDDeadBattery
 .text.HAL_RCC_OscConfig
                0x0000000008004068      0x624 ./Drivers/STM32G4xx_HAL_Driver/Src/stm32g4xx_hal_rcc.o
                0x0000000008004068                HAL_RCC_OscConfig
 .text.HAL_RCC_ClockConfig
                0x000000000800468c      0x278 ./Drivers/STM32G4xx_HAL_Driver/Src/stm32g4xx_hal_rcc.o
                0x000000000800468c                HAL_RCC_ClockConfig
 .text.HAL_RCC_GetSysClockFreq
                0x0000000008004904       0xc4 ./Drivers/STM32G4xx_HAL_Driver/Src/stm32g4xx_hal_rcc.o
                0x0000000008004904                HAL_RCC_GetSysClockFreq
 .text.HAL_RCC_GetHCLKFreq
                0x00000000080049c8       0x18 ./Drivers/STM32G4xx_HAL_Driver/Src/stm32g4xx_hal_rcc.o
                0x00000000080049c8                HAL_RCC_GetHCLKFreq
 .text.HAL_RCC_GetPCLK1Freq
                0x00000000080049e0       0x2c ./Drivers/STM32G4xx_HAL_Driver/Src/stm32g4xx_hal_rcc.o
                0x00000000080049e0                HAL_RCC_GetPCLK1Freq
 .text.HAL_RCC_GetPCLK2Freq
                0x0000000008004a0c       0x2c ./Drivers/STM32G4xx_HAL_Driver/Src/stm32g4xx_hal_rcc.o
                0x0000000008004a0c                HAL_RCC_GetPCLK2Freq
 .text.RCC_GetSysClockFreqFromPLLSource
                0x0000000008004a38       0x8c ./Drivers/STM32G4xx_HAL_Driver/Src/stm32g4xx_hal_rcc.o
 .text.HAL_RCCEx_PeriphCLKConfig
                0x0000000008004ac4      0x49c ./Drivers/STM32G4xx_HAL_Driver/Src/stm32g4xx_hal_rcc_ex.o
                0x0000000008004ac4                HAL_RCCEx_PeriphCLKConfig
 .text.HAL_TIM_Base_Init
                0x0000000008004f60       0xae ./Drivers/STM32G4xx_HAL_Driver/Src/stm32g4xx_hal_tim.o
                0x0000000008004f60                HAL_TIM_Base_Init
 *fill*         0x000000000800500e        0x2 
 .text.HAL_TIM_Base_Start
                0x0000000008005010       0xe0 ./Drivers/STM32G4xx_HAL_Driver/Src/stm32g4xx_hal_tim.o
                0x0000000008005010                HAL_TIM_Base_Start
 .text.HAL_TIM_Base_Start_IT
                0x00000000080050f0       0xf0 ./Drivers/STM32G4xx_HAL_Driver/Src/stm32g4xx_hal_tim.o
                0x00000000080050f0                HAL_TIM_Base_Start_IT
 .text.HAL_TIM_PWM_Init
                0x00000000080051e0       0xae ./Drivers/STM32G4xx_HAL_Driver/Src/stm32g4xx_hal_tim.o
                0x00000000080051e0                HAL_TIM_PWM_Init
 .text.HAL_TIM_PWM_MspInit
                0x000000000800528e       0x14 ./Drivers/STM32G4xx_HAL_Driver/Src/stm32g4xx_hal_tim.o
                0x000000000800528e                HAL_TIM_PWM_MspInit
 .text.HAL_TIM_Encoder_Init
                0x00000000080052a2      0x14c ./Drivers/STM32G4xx_HAL_Driver/Src/stm32g4xx_hal_tim.o
                0x00000000080052a2                HAL_TIM_Encoder_Init
 .text.HAL_TIM_Encoder_Start
                0x00000000080053ee      0x11c ./Drivers/STM32G4xx_HAL_Driver/Src/stm32g4xx_hal_tim.o
                0x00000000080053ee                HAL_TIM_Encoder_Start
 *fill*         0x000000000800550a        0x2 
 .text.HAL_TIM_PWM_ConfigChannel
                0x000000000800550c      0x228 ./Drivers/STM32G4xx_HAL_Driver/Src/stm32g4xx_hal_tim.o
                0x000000000800550c                HAL_TIM_PWM_ConfigChannel
 .text.HAL_TIM_ConfigClockSource
                0x0000000008005734      0x22c ./Drivers/STM32G4xx_HAL_Driver/Src/stm32g4xx_hal_tim.o
                0x0000000008005734                HAL_TIM_ConfigClockSource
 .text.TIM_Base_SetConfig
                0x0000000008005960      0x168 ./Drivers/STM32G4xx_HAL_Driver/Src/stm32g4xx_hal_tim.o
                0x0000000008005960                TIM_Base_SetConfig
 .text.TIM_OC1_SetConfig
                0x0000000008005ac8      0x134 ./Drivers/STM32G4xx_HAL_Driver/Src/stm32g4xx_hal_tim.o
 .text.TIM_OC2_SetConfig
                0x0000000008005bfc      0x128 ./Drivers/STM32G4xx_HAL_Driver/Src/stm32g4xx_hal_tim.o
                0x0000000008005bfc                TIM_OC2_SetConfig
 .text.TIM_OC3_SetConfig
                0x0000000008005d24      0x124 ./Drivers/STM32G4xx_HAL_Driver/Src/stm32g4xx_hal_tim.o
 .text.TIM_OC4_SetConfig
                0x0000000008005e48      0x128 ./Drivers/STM32G4xx_HAL_Driver/Src/stm32g4xx_hal_tim.o
 .text.TIM_OC5_SetConfig
                0x0000000008005f70       0xd4 ./Drivers/STM32G4xx_HAL_Driver/Src/stm32g4xx_hal_tim.o
 .text.TIM_OC6_SetConfig
                0x0000000008006044       0xd8 ./Drivers/STM32G4xx_HAL_Driver/Src/stm32g4xx_hal_tim.o
 .text.TIM_TI1_ConfigInputStage
                0x000000000800611c       0x5e ./Drivers/STM32G4xx_HAL_Driver/Src/stm32g4xx_hal_tim.o
 .text.TIM_TI2_ConfigInputStage
                0x000000000800617a       0x60 ./Drivers/STM32G4xx_HAL_Driver/Src/stm32g4xx_hal_tim.o
 .text.TIM_ITRx_SetConfig
                0x00000000080061da       0x3a ./Drivers/STM32G4xx_HAL_Driver/Src/stm32g4xx_hal_tim.o
 .text.TIM_ETR_SetConfig
                0x0000000008006214       0x40 ./Drivers/STM32G4xx_HAL_Driver/Src/stm32g4xx_hal_tim.o
                0x0000000008006214                TIM_ETR_SetConfig
 .text.TIM_CCxChannelCmd
                0x0000000008006254       0x4a ./Drivers/STM32G4xx_HAL_Driver/Src/stm32g4xx_hal_tim.o
                0x0000000008006254                TIM_CCxChannelCmd
 *fill*         0x000000000800629e        0x2 
 .text.HAL_TIMEx_MasterConfigSynchronization
                0x00000000080062a0      0x12c ./Drivers/STM32G4xx_HAL_Driver/Src/stm32g4xx_hal_tim_ex.o
                0x00000000080062a0                HAL_TIMEx_MasterConfigSynchronization
 .text.HAL_UART_Init
                0x00000000080063cc       0xa0 ./Drivers/STM32G4xx_HAL_Driver/Src/stm32g4xx_hal_uart.o
                0x00000000080063cc                HAL_UART_Init
 .text.HAL_UART_Receive
                0x000000000800646c      0x190 ./Drivers/STM32G4xx_HAL_Driver/Src/stm32g4xx_hal_uart.o
                0x000000000800646c                HAL_UART_Receive
 .text.UART_SetConfig
                0x00000000080065fc      0x5f8 ./Drivers/STM32G4xx_HAL_Driver/Src/stm32g4xx_hal_uart.o
                0x00000000080065fc                UART_SetConfig
 .text.UART_AdvFeatureConfig
                0x0000000008006bf4      0x144 ./Drivers/STM32G4xx_HAL_Driver/Src/stm32g4xx_hal_uart.o
                0x0000000008006bf4                UART_AdvFeatureConfig
 .text.UART_CheckIdleState
                0x0000000008006d38      0x154 ./Drivers/STM32G4xx_HAL_Driver/Src/stm32g4xx_hal_uart.o
                0x0000000008006d38                UART_CheckIdleState
 .text.UART_WaitOnFlagUntilTimeout
                0x0000000008006e8c       0xda ./Drivers/STM32G4xx_HAL_Driver/Src/stm32g4xx_hal_uart.o
                0x0000000008006e8c                UART_WaitOnFlagUntilTimeout
 .text.UART_EndRxTransfer
                0x0000000008006f66       0xcc ./Drivers/STM32G4xx_HAL_Driver/Src/stm32g4xx_hal_uart.o
 .text.HAL_UARTEx_DisableFifoMode
                0x0000000008007032       0x72 ./Drivers/STM32G4xx_HAL_Driver/Src/stm32g4xx_hal_uart_ex.o
                0x0000000008007032                HAL_UARTEx_DisableFifoMode
 .text.HAL_UARTEx_SetTxFifoThreshold
                0x00000000080070a4       0x7c ./Drivers/STM32G4xx_HAL_Driver/Src/stm32g4xx_hal_uart_ex.o
                0x00000000080070a4                HAL_UARTEx_SetTxFifoThreshold
 .text.HAL_UARTEx_SetRxFifoThreshold
                0x0000000008007120       0x7c ./Drivers/STM32G4xx_HAL_Driver/Src/stm32g4xx_hal_uart_ex.o
                0x0000000008007120                HAL_UARTEx_SetRxFifoThreshold
 .text.UARTEx_SetNbDataToProcess
                0x000000000800719c       0x9c ./Drivers/STM32G4xx_HAL_Driver/Src/stm32g4xx_hal_uart_ex.o
 .text.arm_pid_init_f32
                0x0000000008007238       0x6c ./Middlewares/Third_Party/ARM_CMSIS/Source/ControllerFunctions/ControllerFunctions.o
                0x0000000008007238                arm_pid_init_f32
 .text.memset   0x00000000080072a4       0x10 C:/ST/STM32CubeIDE_1.14.1/STM32CubeIDE/plugins/com.st.stm32cube.ide.mcu.externaltools.gnu-tools-for-stm32.11.3.rel1.win32_1.1.100.202309141235/tools/bin/../lib/gcc/arm-none-eabi/11.3.1/../../../../arm-none-eabi/lib/thumb/v7e-m+fp/hard\libc_nano.a(libc_a-memset.o)
                0x00000000080072a4                memset
 .text.__libc_init_array
                0x00000000080072b4       0x48 C:/ST/STM32CubeIDE_1.14.1/STM32CubeIDE/plugins/com.st.stm32cube.ide.mcu.externaltools.gnu-tools-for-stm32.11.3.rel1.win32_1.1.100.202309141235/tools/bin/../lib/gcc/arm-none-eabi/11.3.1/../../../../arm-none-eabi/lib/thumb/v7e-m+fp/hard\libc_nano.a(libc_a-init.o)
                0x00000000080072b4                __libc_init_array
 *(.glue_7)
 .glue_7        0x00000000080072fc        0x0 linker stubs
 *(.glue_7t)
 .glue_7t       0x00000000080072fc        0x0 linker stubs
 *(.eh_frame)
 .eh_frame      0x00000000080072fc        0x0 C:/ST/STM32CubeIDE_1.14.1/STM32CubeIDE/plugins/com.st.stm32cube.ide.mcu.externaltools.gnu-tools-for-stm32.11.3.rel1.win32_1.1.100.202309141235/tools/bin/../lib/gcc/arm-none-eabi/11.3.1/thumb/v7e-m+fp/hard/crtbegin.o
 *(.init)
 .init          0x00000000080072fc        0x4 C:/ST/STM32CubeIDE_1.14.1/STM32CubeIDE/plugins/com.st.stm32cube.ide.mcu.externaltools.gnu-tools-for-stm32.11.3.rel1.win32_1.1.100.202309141235/tools/bin/../lib/gcc/arm-none-eabi/11.3.1/thumb/v7e-m+fp/hard/crti.o
                0x00000000080072fc                _init
 .init          0x0000000008007300        0x8 C:/ST/STM32CubeIDE_1.14.1/STM32CubeIDE/plugins/com.st.stm32cube.ide.mcu.externaltools.gnu-tools-for-stm32.11.3.rel1.win32_1.1.100.202309141235/tools/bin/../lib/gcc/arm-none-eabi/11.3.1/thumb/v7e-m+fp/hard/crtn.o
 *(.fini)
 .fini          0x0000000008007308        0x4 C:/ST/STM32CubeIDE_1.14.1/STM32CubeIDE/plugins/com.st.stm32cube.ide.mcu.externaltools.gnu-tools-for-stm32.11.3.rel1.win32_1.1.100.202309141235/tools/bin/../lib/gcc/arm-none-eabi/11.3.1/thumb/v7e-m+fp/hard/crti.o
                0x0000000008007308                _fini
 .fini          0x000000000800730c        0x8 C:/ST/STM32CubeIDE_1.14.1/STM32CubeIDE/plugins/com.st.stm32cube.ide.mcu.externaltools.gnu-tools-for-stm32.11.3.rel1.win32_1.1.100.202309141235/tools/bin/../lib/gcc/arm-none-eabi/11.3.1/thumb/v7e-m+fp/hard/crtn.o
                0x0000000008007314                . = ALIGN (0x4)
                0x0000000008007314                _etext = .

.vfp11_veneer   0x0000000008007314        0x0
 .vfp11_veneer  0x0000000008007314        0x0 linker stubs

.v4_bx          0x0000000008007314        0x0
 .v4_bx         0x0000000008007314        0x0 linker stubs

.iplt           0x0000000008007314        0x0
 .iplt          0x0000000008007314        0x0 C:/ST/STM32CubeIDE_1.14.1/STM32CubeIDE/plugins/com.st.stm32cube.ide.mcu.externaltools.gnu-tools-for-stm32.11.3.rel1.win32_1.1.100.202309141235/tools/bin/../lib/gcc/arm-none-eabi/11.3.1/thumb/v7e-m+fp/hard/crtbegin.o

.rodata         0x0000000008007314       0x40
                0x0000000008007314                . = ALIGN (0x4)
 *(.rodata)
 *(.rodata*)
 .rodata.AHBPrescTable
                0x0000000008007314       0x10 ./Core/Src/system_stm32g4xx.o
                0x0000000008007314                AHBPrescTable
 .rodata.APBPrescTable
                0x0000000008007324        0x8 ./Core/Src/system_stm32g4xx.o
                0x0000000008007324                APBPrescTable
 .rodata.UARTPrescTable
                0x000000000800732c       0x18 ./Drivers/STM32G4xx_HAL_Driver/Src/stm32g4xx_hal_uart.o
                0x000000000800732c                UARTPrescTable
 .rodata.numerator.1
                0x0000000008007344        0x8 ./Drivers/STM32G4xx_HAL_Driver/Src/stm32g4xx_hal_uart_ex.o
 .rodata.denominator.0
                0x000000000800734c        0x8 ./Drivers/STM32G4xx_HAL_Driver/Src/stm32g4xx_hal_uart_ex.o
                0x0000000008007354                . = ALIGN (0x4)

.ARM.extab      0x0000000008007354        0x0
                0x0000000008007354                . = ALIGN (0x4)
 *(.ARM.extab* .gnu.linkonce.armextab.*)
                0x0000000008007354                . = ALIGN (0x4)

.ARM            0x0000000008007354        0x8
                0x0000000008007354                . = ALIGN (0x4)
                0x0000000008007354                __exidx_start = .
 *(.ARM.exidx*)
 .ARM.exidx     0x0000000008007354        0x8 C:/ST/STM32CubeIDE_1.14.1/STM32CubeIDE/plugins/com.st.stm32cube.ide.mcu.externaltools.gnu-tools-for-stm32.11.3.rel1.win32_1.1.100.202309141235/tools/bin/../lib/gcc/arm-none-eabi/11.3.1/thumb/v7e-m+fp/hard\libgcc.a(_udivmoddi4.o)
                0x000000000800735c                __exidx_end = .
                0x000000000800735c                . = ALIGN (0x4)

.rel.dyn        0x000000000800735c        0x0
 .rel.iplt      0x000000000800735c        0x0 C:/ST/STM32CubeIDE_1.14.1/STM32CubeIDE/plugins/com.st.stm32cube.ide.mcu.externaltools.gnu-tools-for-stm32.11.3.rel1.win32_1.1.100.202309141235/tools/bin/../lib/gcc/arm-none-eabi/11.3.1/thumb/v7e-m+fp/hard/crtbegin.o

.preinit_array  0x000000000800735c        0x0
                0x000000000800735c                . = ALIGN (0x4)
                0x000000000800735c                PROVIDE (__preinit_array_start = .)
 *(.preinit_array*)
                0x000000000800735c                PROVIDE (__preinit_array_end = .)
                0x000000000800735c                . = ALIGN (0x4)

.init_array     0x000000000800735c        0x4
                0x000000000800735c                . = ALIGN (0x4)
                0x000000000800735c                PROVIDE (__init_array_start = .)
 *(SORT_BY_NAME(.init_array.*))
 *(.init_array*)
 .init_array    0x000000000800735c        0x4 C:/ST/STM32CubeIDE_1.14.1/STM32CubeIDE/plugins/com.st.stm32cube.ide.mcu.externaltools.gnu-tools-for-stm32.11.3.rel1.win32_1.1.100.202309141235/tools/bin/../lib/gcc/arm-none-eabi/11.3.1/thumb/v7e-m+fp/hard/crtbegin.o
                0x0000000008007360                PROVIDE (__init_array_end = .)
                0x0000000008007360                . = ALIGN (0x4)

.fini_array     0x0000000008007360        0x4
                0x0000000008007360                . = ALIGN (0x4)
                [!provide]                        PROVIDE (__fini_array_start = .)
 *(SORT_BY_NAME(.fini_array.*))
 *(.fini_array*)
 .fini_array    0x0000000008007360        0x4 C:/ST/STM32CubeIDE_1.14.1/STM32CubeIDE/plugins/com.st.stm32cube.ide.mcu.externaltools.gnu-tools-for-stm32.11.3.rel1.win32_1.1.100.202309141235/tools/bin/../lib/gcc/arm-none-eabi/11.3.1/thumb/v7e-m+fp/hard/crtbegin.o
                [!provide]                        PROVIDE (__fini_array_end = .)
                0x0000000008007364                . = ALIGN (0x4)
                0x0000000008007364                _sidata = LOADADDR (.data)

.data           0x0000000020000000       0x3c load address 0x0000000008007364
                0x0000000020000000                . = ALIGN (0x4)
                0x0000000020000000                _sdata = .
 *(.data)
 *(.data*)
 .data.mode     0x0000000020000000        0x4 ./Core/Src/main.o
                0x0000000020000000                mode
 .data.num      0x0000000020000004       0x28 ./Core/Src/main.o
                0x0000000020000004                num
 .data.pwm      0x000000002000002c        0x4 ./Core/Src/main.o
                0x000000002000002c                pwm
 .data.SystemCoreClock
                0x0000000020000030        0x4 ./Core/Src/system_stm32g4xx.o
                0x0000000020000030                SystemCoreClock
 .data.uwTickPrio
                0x0000000020000034        0x4 ./Drivers/STM32G4xx_HAL_Driver/Src/stm32g4xx_hal.o
                0x0000000020000034                uwTickPrio
 .data.uwTickFreq
                0x0000000020000038        0x4 ./Drivers/STM32G4xx_HAL_Driver/Src/stm32g4xx_hal.o
                0x0000000020000038                uwTickFreq
 *(.RamFunc)
 *(.RamFunc*)
                0x000000002000003c                . = ALIGN (0x4)
                0x000000002000003c                _edata = .

.igot.plt       0x000000002000003c        0x0 load address 0x00000000080073a0
 .igot.plt      0x000000002000003c        0x0 C:/ST/STM32CubeIDE_1.14.1/STM32CubeIDE/plugins/com.st.stm32cube.ide.mcu.externaltools.gnu-tools-for-stm32.11.3.rel1.win32_1.1.100.202309141235/tools/bin/../lib/gcc/arm-none-eabi/11.3.1/thumb/v7e-m+fp/hard/crtbegin.o
                0x000000002000003c                . = ALIGN (0x4)

.bss            0x000000002000003c      0x388 load address 0x00000000080073a0
                0x000000002000003c                _sbss = .
                0x000000002000003c                __bss_start__ = _sbss
 *(.bss)
 .bss           0x000000002000003c       0x1c C:/ST/STM32CubeIDE_1.14.1/STM32CubeIDE/plugins/com.st.stm32cube.ide.mcu.externaltools.gnu-tools-for-stm32.11.3.rel1.win32_1.1.100.202309141235/tools/bin/../lib/gcc/arm-none-eabi/11.3.1/thumb/v7e-m+fp/hard/crtbegin.o
 *(.bss*)
 .bss.hadc1     0x0000000020000058       0x6c ./Core/Src/main.o
                0x0000000020000058                hadc1
 .bss.hdma_adc1
                0x00000000200000c4       0x60 ./Core/Src/main.o
                0x00000000200000c4                hdma_adc1
 .bss.hlpuart1  0x0000000020000124       0x94 ./Core/Src/main.o
                0x0000000020000124                hlpuart1
 .bss.huart4    0x00000000200001b8       0x94 ./Core/Src/main.o
                0x00000000200001b8                huart4
 .bss.htim2     0x000000002000024c       0x4c ./Core/Src/main.o
                0x000000002000024c                htim2
 .bss.htim3     0x0000000020000298       0x4c ./Core/Src/main.o
                0x0000000020000298                htim3
 .bss.htim5     0x00000000200002e4       0x4c ./Core/Src/main.o
                0x00000000200002e4                htim5
 .bss.ps2rx     0x0000000020000330        0xa ./Core/Src/main.o
                0x0000000020000330                ps2rx
 *fill*         0x000000002000033a        0x2 
 .bss.on        0x000000002000033c        0x4 ./Core/Src/main.o
                0x000000002000033c                on
 .bss.v         0x0000000020000340        0xc ./Core/Src/main.o
                0x0000000020000340                v
 .bss.ps2vpos   0x000000002000034c        0x4 ./Core/Src/main.o
                0x000000002000034c                ps2vpos
 .bss.ps2v      0x0000000020000350        0x4 ./Core/Src/main.o
                0x0000000020000350                ps2v
 .bss.ps2hpos   0x0000000020000354        0x4 ./Core/Src/main.o
                0x0000000020000354                ps2hpos
 .bss.ps2h      0x0000000020000358        0x4 ./Core/Src/main.o
                0x0000000020000358                ps2h
 .bss.x         0x000000002000035c        0x4 ./Core/Src/main.o
                0x000000002000035c                x
 .bss.y         0x0000000020000360        0x4 ./Core/Src/main.o
                0x0000000020000360                y
 .bss.pwm1      0x0000000020000364        0x4 ./Core/Src/main.o
                0x0000000020000364                pwm1
 .bss.r         0x0000000020000368       0x18 ./Core/Src/main.o
                0x0000000020000368                r
 .bss.l         0x0000000020000380       0x18 ./Core/Src/main.o
                0x0000000020000380                l
 .bss.PID       0x0000000020000398       0x24 ./Core/Src/main.o
                0x0000000020000398                PID
 .bss.timestamp.0
                0x00000000200003bc        0x4 ./Core/Src/main.o
 .bss.uwTick    0x00000000200003c0        0x4 ./Drivers/STM32G4xx_HAL_Driver/Src/stm32g4xx_hal.o
                0x00000000200003c0                uwTick
 *(COMMON)
                0x00000000200003c4                . = ALIGN (0x4)
                0x00000000200003c4                _ebss = .
                0x00000000200003c4                __bss_end__ = _ebss

._user_heap_stack
                0x00000000200003c4      0x604 load address 0x00000000080073a0
                0x00000000200003c8                . = ALIGN (0x8)
 *fill*         0x00000000200003c4        0x4 
                [!provide]                        PROVIDE (end = .)
                0x00000000200003c8                PROVIDE (_end = .)
                0x00000000200005c8                . = (. + _Min_Heap_Size)
 *fill*         0x00000000200003c8      0x200 
                0x00000000200009c8                . = (. + _Min_Stack_Size)
 *fill*         0x00000000200005c8      0x400 
                0x00000000200009c8                . = ALIGN (0x8)

/DISCARD/
 libc.a(*)
 libm.a(*)
 libgcc.a(*)

.ARM.attributes
                0x0000000000000000       0x30
 *(.ARM.attributes)
 .ARM.attributes
                0x0000000000000000       0x1e C:/ST/STM32CubeIDE_1.14.1/STM32CubeIDE/plugins/com.st.stm32cube.ide.mcu.externaltools.gnu-tools-for-stm32.11.3.rel1.win32_1.1.100.202309141235/tools/bin/../lib/gcc/arm-none-eabi/11.3.1/thumb/v7e-m+fp/hard/crti.o
 .ARM.attributes
                0x000000000000001e       0x34 C:/ST/STM32CubeIDE_1.14.1/STM32CubeIDE/plugins/com.st.stm32cube.ide.mcu.externaltools.gnu-tools-for-stm32.11.3.rel1.win32_1.1.100.202309141235/tools/bin/../lib/gcc/arm-none-eabi/11.3.1/thumb/v7e-m+fp/hard/crtbegin.o
 .ARM.attributes
                0x0000000000000052       0x34 ./Core/Src/main.o
 .ARM.attributes
                0x0000000000000086       0x34 ./Core/Src/stm32g4xx_hal_msp.o
 .ARM.attributes
                0x00000000000000ba       0x34 ./Core/Src/stm32g4xx_it.o
 .ARM.attributes
                0x00000000000000ee       0x34 ./Core/Src/system_stm32g4xx.o
 .ARM.attributes
                0x0000000000000122       0x21 ./Core/Startup/startup_stm32g474retx.o
 .ARM.attributes
                0x0000000000000143       0x34 ./Drivers/STM32G4xx_HAL_Driver/Src/stm32g4xx_hal.o
 .ARM.attributes
                0x0000000000000177       0x34 ./Drivers/STM32G4xx_HAL_Driver/Src/stm32g4xx_hal_adc.o
 .ARM.attributes
                0x00000000000001ab       0x34 ./Drivers/STM32G4xx_HAL_Driver/Src/stm32g4xx_hal_adc_ex.o
 .ARM.attributes
                0x00000000000001df       0x34 ./Drivers/STM32G4xx_HAL_Driver/Src/stm32g4xx_hal_cortex.o
 .ARM.attributes
                0x0000000000000213       0x34 ./Drivers/STM32G4xx_HAL_Driver/Src/stm32g4xx_hal_dma.o
 .ARM.attributes
                0x0000000000000247       0x34 ./Drivers/STM32G4xx_HAL_Driver/Src/stm32g4xx_hal_gpio.o
 .ARM.attributes
                0x000000000000027b       0x34 ./Drivers/STM32G4xx_HAL_Driver/Src/stm32g4xx_hal_pwr_ex.o
 .ARM.attributes
                0x00000000000002af       0x34 ./Drivers/STM32G4xx_HAL_Driver/Src/stm32g4xx_hal_rcc.o
 .ARM.attributes
                0x00000000000002e3       0x34 ./Drivers/STM32G4xx_HAL_Driver/Src/stm32g4xx_hal_rcc_ex.o
 .ARM.attributes
                0x0000000000000317       0x34 ./Drivers/STM32G4xx_HAL_Driver/Src/stm32g4xx_hal_tim.o
 .ARM.attributes
                0x000000000000034b       0x34 ./Drivers/STM32G4xx_HAL_Driver/Src/stm32g4xx_hal_tim_ex.o
 .ARM.attributes
                0x000000000000037f       0x34 ./Drivers/STM32G4xx_HAL_Driver/Src/stm32g4xx_hal_uart.o
 .ARM.attributes
                0x00000000000003b3       0x34 ./Drivers/STM32G4xx_HAL_Driver/Src/stm32g4xx_hal_uart_ex.o
 .ARM.attributes
                0x00000000000003e7       0x34 ./Middlewares/Third_Party/ARM_CMSIS/Source/ControllerFunctions/ControllerFunctions.o
 .ARM.attributes
                0x000000000000041b       0x34 C:/ST/STM32CubeIDE_1.14.1/STM32CubeIDE/plugins/com.st.stm32cube.ide.mcu.externaltools.gnu-tools-for-stm32.11.3.rel1.win32_1.1.100.202309141235/tools/bin/../lib/gcc/arm-none-eabi/11.3.1/../../../../arm-none-eabi/lib/thumb/v7e-m+fp/hard\libc_nano.a(libc_a-memset.o)
 .ARM.attributes
                0x000000000000044f       0x34 C:/ST/STM32CubeIDE_1.14.1/STM32CubeIDE/plugins/com.st.stm32cube.ide.mcu.externaltools.gnu-tools-for-stm32.11.3.rel1.win32_1.1.100.202309141235/tools/bin/../lib/gcc/arm-none-eabi/11.3.1/../../../../arm-none-eabi/lib/thumb/v7e-m+fp/hard\libc_nano.a(libc_a-init.o)
 .ARM.attributes
                0x0000000000000483       0x1e C:/ST/STM32CubeIDE_1.14.1/STM32CubeIDE/plugins/com.st.stm32cube.ide.mcu.externaltools.gnu-tools-for-stm32.11.3.rel1.win32_1.1.100.202309141235/tools/bin/../lib/gcc/arm-none-eabi/11.3.1/thumb/v7e-m+fp/hard\libgcc.a(_arm_addsubdf3.o)
 .ARM.attributes
                0x00000000000004a1       0x1e C:/ST/STM32CubeIDE_1.14.1/STM32CubeIDE/plugins/com.st.stm32cube.ide.mcu.externaltools.gnu-tools-for-stm32.11.3.rel1.win32_1.1.100.202309141235/tools/bin/../lib/gcc/arm-none-eabi/11.3.1/thumb/v7e-m+fp/hard\libgcc.a(_arm_muldivdf3.o)
 .ARM.attributes
                0x00000000000004bf       0x1e C:/ST/STM32CubeIDE_1.14.1/STM32CubeIDE/plugins/com.st.stm32cube.ide.mcu.externaltools.gnu-tools-for-stm32.11.3.rel1.win32_1.1.100.202309141235/tools/bin/../lib/gcc/arm-none-eabi/11.3.1/thumb/v7e-m+fp/hard\libgcc.a(_arm_fixdfsi.o)
 .ARM.attributes
                0x00000000000004dd       0x1e C:/ST/STM32CubeIDE_1.14.1/STM32CubeIDE/plugins/com.st.stm32cube.ide.mcu.externaltools.gnu-tools-for-stm32.11.3.rel1.win32_1.1.100.202309141235/tools/bin/../lib/gcc/arm-none-eabi/11.3.1/thumb/v7e-m+fp/hard\libgcc.a(_aeabi_uldivmod.o)
 .ARM.attributes
                0x00000000000004fb       0x34 C:/ST/STM32CubeIDE_1.14.1/STM32CubeIDE/plugins/com.st.stm32cube.ide.mcu.externaltools.gnu-tools-for-stm32.11.3.rel1.win32_1.1.100.202309141235/tools/bin/../lib/gcc/arm-none-eabi/11.3.1/thumb/v7e-m+fp/hard\libgcc.a(_udivmoddi4.o)
 .ARM.attributes
                0x000000000000052f       0x1e C:/ST/STM32CubeIDE_1.14.1/STM32CubeIDE/plugins/com.st.stm32cube.ide.mcu.externaltools.gnu-tools-for-stm32.11.3.rel1.win32_1.1.100.202309141235/tools/bin/../lib/gcc/arm-none-eabi/11.3.1/thumb/v7e-m+fp/hard\libgcc.a(_dvmd_tls.o)
 .ARM.attributes
                0x000000000000054d       0x1e C:/ST/STM32CubeIDE_1.14.1/STM32CubeIDE/plugins/com.st.stm32cube.ide.mcu.externaltools.gnu-tools-for-stm32.11.3.rel1.win32_1.1.100.202309141235/tools/bin/../lib/gcc/arm-none-eabi/11.3.1/thumb/v7e-m+fp/hard/crtn.o
OUTPUT(FUFU.elf elf32-littlearm)
LOAD linker stubs
LOAD C:/ST/STM32CubeIDE_1.14.1/STM32CubeIDE/plugins/com.st.stm32cube.ide.mcu.externaltools.gnu-tools-for-stm32.11.3.rel1.win32_1.1.100.202309141235/tools/bin/../lib/gcc/arm-none-eabi/11.3.1/../../../../arm-none-eabi/lib/thumb/v7e-m+fp/hard\libc.a
LOAD C:/ST/STM32CubeIDE_1.14.1/STM32CubeIDE/plugins/com.st.stm32cube.ide.mcu.externaltools.gnu-tools-for-stm32.11.3.rel1.win32_1.1.100.202309141235/tools/bin/../lib/gcc/arm-none-eabi/11.3.1/../../../../arm-none-eabi/lib/thumb/v7e-m+fp/hard\libm.a
LOAD C:/ST/STM32CubeIDE_1.14.1/STM32CubeIDE/plugins/com.st.stm32cube.ide.mcu.externaltools.gnu-tools-for-stm32.11.3.rel1.win32_1.1.100.202309141235/tools/bin/../lib/gcc/arm-none-eabi/11.3.1/thumb/v7e-m+fp/hard\libgcc.a

.comment        0x0000000000000000       0x43
 .comment       0x0000000000000000       0x43 C:/ST/STM32CubeIDE_1.14.1/STM32CubeIDE/plugins/com.st.stm32cube.ide.mcu.externaltools.gnu-tools-for-stm32.11.3.rel1.win32_1.1.100.202309141235/tools/bin/../lib/gcc/arm-none-eabi/11.3.1/thumb/v7e-m+fp/hard/crtbegin.o
                                         0x44 (size before relaxing)
 .comment       0x0000000000000043       0x44 ./Core/Src/main.o
 .comment       0x0000000000000043       0x44 ./Core/Src/stm32g4xx_hal_msp.o
 .comment       0x0000000000000043       0x44 ./Core/Src/stm32g4xx_it.o
 .comment       0x0000000000000043       0x44 ./Core/Src/system_stm32g4xx.o
 .comment       0x0000000000000043       0x44 ./Drivers/STM32G4xx_HAL_Driver/Src/stm32g4xx_hal.o
 .comment       0x0000000000000043       0x44 ./Drivers/STM32G4xx_HAL_Driver/Src/stm32g4xx_hal_adc.o
 .comment       0x0000000000000043       0x44 ./Drivers/STM32G4xx_HAL_Driver/Src/stm32g4xx_hal_adc_ex.o
 .comment       0x0000000000000043       0x44 ./Drivers/STM32G4xx_HAL_Driver/Src/stm32g4xx_hal_cortex.o
 .comment       0x0000000000000043       0x44 ./Drivers/STM32G4xx_HAL_Driver/Src/stm32g4xx_hal_dma.o
 .comment       0x0000000000000043       0x44 ./Drivers/STM32G4xx_HAL_Driver/Src/stm32g4xx_hal_gpio.o
 .comment       0x0000000000000043       0x44 ./Drivers/STM32G4xx_HAL_Driver/Src/stm32g4xx_hal_pwr_ex.o
 .comment       0x0000000000000043       0x44 ./Drivers/STM32G4xx_HAL_Driver/Src/stm32g4xx_hal_rcc.o
 .comment       0x0000000000000043       0x44 ./Drivers/STM32G4xx_HAL_Driver/Src/stm32g4xx_hal_rcc_ex.o
 .comment       0x0000000000000043       0x44 ./Drivers/STM32G4xx_HAL_Driver/Src/stm32g4xx_hal_tim.o
 .comment       0x0000000000000043       0x44 ./Drivers/STM32G4xx_HAL_Driver/Src/stm32g4xx_hal_tim_ex.o
 .comment       0x0000000000000043       0x44 ./Drivers/STM32G4xx_HAL_Driver/Src/stm32g4xx_hal_uart.o
 .comment       0x0000000000000043       0x44 ./Drivers/STM32G4xx_HAL_Driver/Src/stm32g4xx_hal_uart_ex.o
 .comment       0x0000000000000043       0x44 ./Middlewares/Third_Party/ARM_CMSIS/Source/ControllerFunctions/ControllerFunctions.o

.debug_info     0x0000000000000000    0x180b9
 .debug_info    0x0000000000000000     0x2483 ./Core/Src/main.o
 .debug_info    0x0000000000002483     0x1b02 ./Core/Src/stm32g4xx_hal_msp.o
 .debug_info    0x0000000000003f85      0x969 ./Core/Src/stm32g4xx_it.o
 .debug_info    0x00000000000048ee      0x58e ./Core/Src/system_stm32g4xx.o
 .debug_info    0x0000000000004e7c       0x23 ./Core/Startup/startup_stm32g474retx.o
 .debug_info    0x0000000000004e9f      0xb95 ./Drivers/STM32G4xx_HAL_Driver/Src/stm32g4xx_hal.o
 .debug_info    0x0000000000005a34     0x2063 ./Drivers/STM32G4xx_HAL_Driver/Src/stm32g4xx_hal_adc.o
 .debug_info    0x0000000000007a97     0x1d80 ./Drivers/STM32G4xx_HAL_Driver/Src/stm32g4xx_hal_adc_ex.o
 .debug_info    0x0000000000009817      0xdad ./Drivers/STM32G4xx_HAL_Driver/Src/stm32g4xx_hal_cortex.o
 .debug_info    0x000000000000a5c4      0x85f ./Drivers/STM32G4xx_HAL_Driver/Src/stm32g4xx_hal_dma.o
 .debug_info    0x000000000000ae23      0x763 ./Drivers/STM32G4xx_HAL_Driver/Src/stm32g4xx_hal_gpio.o
 .debug_info    0x000000000000b586      0x93f ./Drivers/STM32G4xx_HAL_Driver/Src/stm32g4xx_hal_pwr_ex.o
 .debug_info    0x000000000000bec5      0xbe0 ./Drivers/STM32G4xx_HAL_Driver/Src/stm32g4xx_hal_rcc.o
 .debug_info    0x000000000000caa5      0xc45 ./Drivers/STM32G4xx_HAL_Driver/Src/stm32g4xx_hal_rcc_ex.o
 .debug_info    0x000000000000d6ea     0x2c52 ./Drivers/STM32G4xx_HAL_Driver/Src/stm32g4xx_hal_tim.o
 .debug_info    0x000000000001033c     0x1d95 ./Drivers/STM32G4xx_HAL_Driver/Src/stm32g4xx_hal_tim_ex.o
 .debug_info    0x00000000000120d1     0x481e ./Drivers/STM32G4xx_HAL_Driver/Src/stm32g4xx_hal_uart.o
 .debug_info    0x00000000000168ef      0xfdd ./Drivers/STM32G4xx_HAL_Driver/Src/stm32g4xx_hal_uart_ex.o
 .debug_info    0x00000000000178cc      0x7ed ./Middlewares/Third_Party/ARM_CMSIS/Source/ControllerFunctions/ControllerFunctions.o

.debug_abbrev   0x0000000000000000     0x2c49
 .debug_abbrev  0x0000000000000000      0x342 ./Core/Src/main.o
 .debug_abbrev  0x0000000000000342      0x2a3 ./Core/Src/stm32g4xx_hal_msp.o
 .debug_abbrev  0x00000000000005e5      0x1a7 ./Core/Src/stm32g4xx_it.o
 .debug_abbrev  0x000000000000078c      0x11a ./Core/Src/system_stm32g4xx.o
 .debug_abbrev  0x00000000000008a6       0x12 ./Core/Startup/startup_stm32g474retx.o
 .debug_abbrev  0x00000000000008b8      0x271 ./Drivers/STM32G4xx_HAL_Driver/Src/stm32g4xx_hal.o
 .debug_abbrev  0x0000000000000b29      0x2d3 ./Drivers/STM32G4xx_HAL_Driver/Src/stm32g4xx_hal_adc.o
 .debug_abbrev  0x0000000000000dfc      0x2ee ./Drivers/STM32G4xx_HAL_Driver/Src/stm32g4xx_hal_adc_ex.o
 .debug_abbrev  0x00000000000010ea      0x31c ./Drivers/STM32G4xx_HAL_Driver/Src/stm32g4xx_hal_cortex.o
 .debug_abbrev  0x0000000000001406      0x1e2 ./Drivers/STM32G4xx_HAL_Driver/Src/stm32g4xx_hal_dma.o
 .debug_abbrev  0x00000000000015e8      0x1cb ./Drivers/STM32G4xx_HAL_Driver/Src/stm32g4xx_hal_gpio.o
 .debug_abbrev  0x00000000000017b3      0x22c ./Drivers/STM32G4xx_HAL_Driver/Src/stm32g4xx_hal_pwr_ex.o
 .debug_abbrev  0x00000000000019df      0x2c9 ./Drivers/STM32G4xx_HAL_Driver/Src/stm32g4xx_hal_rcc.o
 .debug_abbrev  0x0000000000001ca8      0x258 ./Drivers/STM32G4xx_HAL_Driver/Src/stm32g4xx_hal_rcc_ex.o
 .debug_abbrev  0x0000000000001f00      0x2a7 ./Drivers/STM32G4xx_HAL_Driver/Src/stm32g4xx_hal_tim.o
 .debug_abbrev  0x00000000000021a7      0x2c5 ./Drivers/STM32G4xx_HAL_Driver/Src/stm32g4xx_hal_tim_ex.o
 .debug_abbrev  0x000000000000246c      0x304 ./Drivers/STM32G4xx_HAL_Driver/Src/stm32g4xx_hal_uart.o
 .debug_abbrev  0x0000000000002770      0x2d2 ./Drivers/STM32G4xx_HAL_Driver/Src/stm32g4xx_hal_uart_ex.o
 .debug_abbrev  0x0000000000002a42      0x207 ./Middlewares/Third_Party/ARM_CMSIS/Source/ControllerFunctions/ControllerFunctions.o

.debug_aranges  0x0000000000000000     0x1510
 .debug_aranges
                0x0000000000000000       0x90 ./Core/Src/main.o
 .debug_aranges
                0x0000000000000090       0x68 ./Core/Src/stm32g4xx_hal_msp.o
 .debug_aranges
                0x00000000000000f8       0x88 ./Core/Src/stm32g4xx_it.o
 .debug_aranges
                0x0000000000000180       0x28 ./Core/Src/system_stm32g4xx.o
 .debug_aranges
                0x00000000000001a8       0x28 ./Core/Startup/startup_stm32g474retx.o
 .debug_aranges
                0x00000000000001d0      0x148 ./Drivers/STM32G4xx_HAL_Driver/Src/stm32g4xx_hal.o
 .debug_aranges
                0x0000000000000318      0x248 ./Drivers/STM32G4xx_HAL_Driver/Src/stm32g4xx_hal_adc.o
 .debug_aranges
                0x0000000000000560      0x1c0 ./Drivers/STM32G4xx_HAL_Driver/Src/stm32g4xx_hal_adc_ex.o
 .debug_aranges
                0x0000000000000720      0x118 ./Drivers/STM32G4xx_HAL_Driver/Src/stm32g4xx_hal_cortex.o
 .debug_aranges
                0x0000000000000838       0x90 ./Drivers/STM32G4xx_HAL_Driver/Src/stm32g4xx_hal_dma.o
 .debug_aranges
                0x00000000000008c8       0x58 ./Drivers/STM32G4xx_HAL_Driver/Src/stm32g4xx_hal_gpio.o
 .debug_aranges
                0x0000000000000920      0x140 ./Drivers/STM32G4xx_HAL_Driver/Src/stm32g4xx_hal_pwr_ex.o
 .debug_aranges
                0x0000000000000a60       0x98 ./Drivers/STM32G4xx_HAL_Driver/Src/stm32g4xx_hal_rcc.o
 .debug_aranges
                0x0000000000000af8       0xb0 ./Drivers/STM32G4xx_HAL_Driver/Src/stm32g4xx_hal_rcc_ex.o
 .debug_aranges
                0x0000000000000ba8      0x3e0 ./Drivers/STM32G4xx_HAL_Driver/Src/stm32g4xx_hal_tim.o
 .debug_aranges
                0x0000000000000f88      0x240 ./Drivers/STM32G4xx_HAL_Driver/Src/stm32g4xx_hal_tim_ex.o
 .debug_aranges
                0x00000000000011c8      0x248 ./Drivers/STM32G4xx_HAL_Driver/Src/stm32g4xx_hal_uart.o
 .debug_aranges
                0x0000000000001410       0xa8 ./Drivers/STM32G4xx_HAL_Driver/Src/stm32g4xx_hal_uart_ex.o
 .debug_aranges
                0x00000000000014b8       0x58 ./Middlewares/Third_Party/ARM_CMSIS/Source/ControllerFunctions/ControllerFunctions.o

.debug_rnglists
                0x0000000000000000     0x1074
 .debug_rnglists
                0x0000000000000000       0x71 ./Core/Src/main.o
 .debug_rnglists
                0x0000000000000071       0x4c ./Core/Src/stm32g4xx_hal_msp.o
 .debug_rnglists
                0x00000000000000bd       0x61 ./Core/Src/stm32g4xx_it.o
 .debug_rnglists
                0x000000000000011e       0x1a ./Core/Src/system_stm32g4xx.o
 .debug_rnglists
                0x0000000000000138       0x19 ./Core/Startup/startup_stm32g474retx.o
 .debug_rnglists
                0x0000000000000151       0xf1 ./Drivers/STM32G4xx_HAL_Driver/Src/stm32g4xx_hal.o
 .debug_rnglists
                0x0000000000000242      0x1c0 ./Drivers/STM32G4xx_HAL_Driver/Src/stm32g4xx_hal_adc.o
 .debug_rnglists
                0x0000000000000402      0x15a ./Drivers/STM32G4xx_HAL_Driver/Src/stm32g4xx_hal_adc_ex.o
 .debug_rnglists
                0x000000000000055c       0xce ./Drivers/STM32G4xx_HAL_Driver/Src/stm32g4xx_hal_cortex.o
 .debug_rnglists
                0x000000000000062a       0x71 ./Drivers/STM32G4xx_HAL_Driver/Src/stm32g4xx_hal_dma.o
 .debug_rnglists
                0x000000000000069b       0x3f ./Drivers/STM32G4xx_HAL_Driver/Src/stm32g4xx_hal_gpio.o
 .debug_rnglists
                0x00000000000006da       0xf1 ./Drivers/STM32G4xx_HAL_Driver/Src/stm32g4xx_hal_pwr_ex.o
 .debug_rnglists
                0x00000000000007cb       0x74 ./Drivers/STM32G4xx_HAL_Driver/Src/stm32g4xx_hal_rcc.o
 .debug_rnglists
                0x000000000000083f       0x87 ./Drivers/STM32G4xx_HAL_Driver/Src/stm32g4xx_hal_rcc_ex.o
 .debug_rnglists
                0x00000000000008c6      0x328 ./Drivers/STM32G4xx_HAL_Driver/Src/stm32g4xx_hal_tim.o
 .debug_rnglists
                0x0000000000000bee      0x1cc ./Drivers/STM32G4xx_HAL_Driver/Src/stm32g4xx_hal_tim_ex.o
 .debug_rnglists
                0x0000000000000dba      0x1fa ./Drivers/STM32G4xx_HAL_Driver/Src/stm32g4xx_hal_uart.o
 .debug_rnglists
                0x0000000000000fb4       0x7f ./Drivers/STM32G4xx_HAL_Driver/Src/stm32g4xx_hal_uart_ex.o
 .debug_rnglists
                0x0000000000001033       0x41 ./Middlewares/Third_Party/ARM_CMSIS/Source/ControllerFunctions/ControllerFunctions.o

.debug_macro    0x0000000000000000    0x28db5
 .debug_macro   0x0000000000000000      0x452 ./Core/Src/main.o
 .debug_macro   0x0000000000000452      0xaa8 ./Core/Src/main.o
 .debug_macro   0x0000000000000efa      0x161 ./Core/Src/main.o
 .debug_macro   0x000000000000105b       0x2e ./Core/Src/main.o
 .debug_macro   0x0000000000001089       0x28 ./Core/Src/main.o
 .debug_macro   0x00000000000010b1       0x22 ./Core/Src/main.o
 .debug_macro   0x00000000000010d3       0x8e ./Core/Src/main.o
 .debug_macro   0x0000000000001161       0x51 ./Core/Src/main.o
 .debug_macro   0x00000000000011b2      0x103 ./Core/Src/main.o
 .debug_macro   0x00000000000012b5       0x6a ./Core/Src/main.o
 .debug_macro   0x000000000000131f      0x1df ./Core/Src/main.o
 .debug_macro   0x00000000000014fe       0x1c ./Core/Src/main.o
 .debug_macro   0x000000000000151a       0x22 ./Core/Src/main.o
 .debug_macro   0x000000000000153c       0xfb ./Core/Src/main.o
 .debug_macro   0x0000000000001637     0x1011 ./Core/Src/main.o
 .debug_macro   0x0000000000002648      0x11f ./Core/Src/main.o
 .debug_macro   0x0000000000002767    0x18b45 ./Core/Src/main.o
 .debug_macro   0x000000000001b2ac       0x6d ./Core/Src/main.o
 .debug_macro   0x000000000001b319     0x354d ./Core/Src/main.o
 .debug_macro   0x000000000001e866      0x174 ./Core/Src/main.o
 .debug_macro   0x000000000001e9da       0x5c ./Core/Src/main.o
 .debug_macro   0x000000000001ea36     0x171f ./Core/Src/main.o
 .debug_macro   0x0000000000020155      0x600 ./Core/Src/main.o
 .debug_macro   0x0000000000020755      0x1b6 ./Core/Src/main.o
 .debug_macro   0x000000000002090b      0x34a ./Core/Src/main.o
 .debug_macro   0x0000000000020c55      0x53c ./Core/Src/main.o
 .debug_macro   0x0000000000021191      0x18b ./Core/Src/main.o
 .debug_macro   0x000000000002131c       0x43 ./Core/Src/main.o
 .debug_macro   0x000000000002135f      0x23d ./Core/Src/main.o
 .debug_macro   0x000000000002159c     0x1112 ./Core/Src/main.o
 .debug_macro   0x00000000000226ae      0x72e ./Core/Src/main.o
 .debug_macro   0x0000000000022ddc      0x391 ./Core/Src/main.o
 .debug_macro   0x000000000002316d      0x211 ./Core/Src/main.o
 .debug_macro   0x000000000002337e      0x45c ./Core/Src/main.o
 .debug_macro   0x00000000000237da      0x11c ./Core/Src/main.o
 .debug_macro   0x00000000000238f6      0x122 ./Core/Src/main.o
 .debug_macro   0x0000000000023a18      0x3d1 ./Core/Src/main.o
 .debug_macro   0x0000000000023de9      0xc0b ./Core/Src/main.o
 .debug_macro   0x00000000000249f4      0x718 ./Core/Src/main.o
 .debug_macro   0x000000000002510c      0x693 ./Core/Src/main.o
 .debug_macro   0x000000000002579f       0xa6 ./Core/Src/main.o
 .debug_macro   0x0000000000025845      0x358 ./Core/Src/main.o
 .debug_macro   0x0000000000025b9d       0x5e ./Core/Src/main.o
 .debug_macro   0x0000000000025bfb       0x61 ./Core/Src/main.o
 .debug_macro   0x0000000000025c5c       0x2a ./Core/Src/main.o
 .debug_macro   0x0000000000025c86       0x43 ./Core/Src/main.o
 .debug_macro   0x0000000000025cc9       0x34 ./Core/Src/main.o
 .debug_macro   0x0000000000025cfd       0x16 ./Core/Src/main.o
 .debug_macro   0x0000000000025d13       0x43 ./Core/Src/main.o
 .debug_macro   0x0000000000025d56       0x34 ./Core/Src/main.o
 .debug_macro   0x0000000000025d8a       0x10 ./Core/Src/main.o
 .debug_macro   0x0000000000025d9a       0x58 ./Core/Src/main.o
 .debug_macro   0x0000000000025df2       0x8e ./Core/Src/main.o
 .debug_macro   0x0000000000025e80       0x1c ./Core/Src/main.o
 .debug_macro   0x0000000000025e9c      0x177 ./Core/Src/main.o
 .debug_macro   0x0000000000026013      0x369 ./Core/Src/main.o
 .debug_macro   0x000000000002637c       0x10 ./Core/Src/main.o
 .debug_macro   0x000000000002638c       0x35 ./Core/Src/main.o
 .debug_macro   0x00000000000263c1       0x20 ./Core/Src/main.o
 .debug_macro   0x00000000000263e1      0x19b ./Core/Src/main.o
 .debug_macro   0x000000000002657c      0x201 ./Core/Src/main.o
 .debug_macro   0x000000000002677d       0x7c ./Core/Src/main.o
 .debug_macro   0x00000000000267f9       0x17 ./Core/Src/main.o
 .debug_macro   0x0000000000026810      0x118 ./Core/Src/main.o
 .debug_macro   0x0000000000026928       0xb9 ./Core/Src/main.o
 .debug_macro   0x00000000000269e1       0x42 ./Core/Src/main.o
 .debug_macro   0x0000000000026a23       0x35 ./Core/Src/main.o
 .debug_macro   0x0000000000026a58       0x22 ./Core/Src/main.o
 .debug_macro   0x0000000000026a7a       0x28 ./Core/Src/main.o
 .debug_macro   0x0000000000026aa2       0x16 ./Core/Src/main.o
 .debug_macro   0x0000000000026ab8       0x16 ./Core/Src/main.o
 .debug_macro   0x0000000000026ace       0x10 ./Core/Src/main.o
 .debug_macro   0x0000000000026ade      0x200 ./Core/Src/stm32g4xx_hal_msp.o
 .debug_macro   0x0000000000026cde      0x20a ./Core/Src/stm32g4xx_it.o
 .debug_macro   0x0000000000026ee8      0x1f1 ./Core/Src/system_stm32g4xx.o
 .debug_macro   0x00000000000270d9      0x23f ./Drivers/STM32G4xx_HAL_Driver/Src/stm32g4xx_hal.o
 .debug_macro   0x0000000000027318      0x20e ./Drivers/STM32G4xx_HAL_Driver/Src/stm32g4xx_hal_adc.o
 .debug_macro   0x0000000000027526      0x1fd ./Drivers/STM32G4xx_HAL_Driver/Src/stm32g4xx_hal_adc_ex.o
 .debug_macro   0x0000000000027723      0x1f1 ./Drivers/STM32G4xx_HAL_Driver/Src/stm32g4xx_hal_cortex.o
 .debug_macro   0x0000000000027914      0x1f1 ./Drivers/STM32G4xx_HAL_Driver/Src/stm32g4xx_hal_dma.o
 .debug_macro   0x0000000000027b05      0x1f8 ./Drivers/STM32G4xx_HAL_Driver/Src/stm32g4xx_hal_gpio.o
 .debug_macro   0x0000000000027cfd      0x21b ./Drivers/STM32G4xx_HAL_Driver/Src/stm32g4xx_hal_pwr_ex.o
 .debug_macro   0x0000000000027f18      0x233 ./Drivers/STM32G4xx_HAL_Driver/Src/stm32g4xx_hal_rcc.o
 .debug_macro   0x000000000002814b      0x21b ./Drivers/STM32G4xx_HAL_Driver/Src/stm32g4xx_hal_rcc_ex.o
 .debug_macro   0x0000000000028366      0x1f9 ./Drivers/STM32G4xx_HAL_Driver/Src/stm32g4xx_hal_tim.o
 .debug_macro   0x000000000002855f      0x1f7 ./Drivers/STM32G4xx_HAL_Driver/Src/stm32g4xx_hal_tim_ex.o
 .debug_macro   0x0000000000028756      0x21c ./Drivers/STM32G4xx_HAL_Driver/Src/stm32g4xx_hal_uart.o
 .debug_macro   0x0000000000028972      0x1fd ./Drivers/STM32G4xx_HAL_Driver/Src/stm32g4xx_hal_uart_ex.o
 .debug_macro   0x0000000000028b6f      0x236 ./Middlewares/Third_Party/ARM_CMSIS/Source/ControllerFunctions/ControllerFunctions.o
 .debug_macro   0x0000000000028da5       0x10 ./Middlewares/Third_Party/ARM_CMSIS/Source/ControllerFunctions/ControllerFunctions.o

.debug_line     0x0000000000000000    0x189ae
 .debug_line    0x0000000000000000     0x120c ./Core/Src/main.o
 .debug_line    0x000000000000120c      0x9ac ./Core/Src/stm32g4xx_hal_msp.o
 .debug_line    0x0000000000001bb8      0x8eb ./Core/Src/stm32g4xx_it.o
 .debug_line    0x00000000000024a3      0x81a ./Core/Src/system_stm32g4xx.o
 .debug_line    0x0000000000002cbd       0x7b ./Core/Startup/startup_stm32g474retx.o
 .debug_line    0x0000000000002d38      0xbd9 ./Drivers/STM32G4xx_HAL_Driver/Src/stm32g4xx_hal.o
 .debug_line    0x0000000000003911     0x22ee ./Drivers/STM32G4xx_HAL_Driver/Src/stm32g4xx_hal_adc.o
 .debug_line    0x0000000000005bff     0x1c90 ./Drivers/STM32G4xx_HAL_Driver/Src/stm32g4xx_hal_adc_ex.o
 .debug_line    0x000000000000788f      0xd44 ./Drivers/STM32G4xx_HAL_Driver/Src/stm32g4xx_hal_cortex.o
 .debug_line    0x00000000000085d3      0xefd ./Drivers/STM32G4xx_HAL_Driver/Src/stm32g4xx_hal_dma.o
 .debug_line    0x00000000000094d0      0xbd4 ./Drivers/STM32G4xx_HAL_Driver/Src/stm32g4xx_hal_gpio.o
 .debug_line    0x000000000000a0a4      0xd48 ./Drivers/STM32G4xx_HAL_Driver/Src/stm32g4xx_hal_pwr_ex.o
 .debug_line    0x000000000000adec      0xfa1 ./Drivers/STM32G4xx_HAL_Driver/Src/stm32g4xx_hal_rcc.o
 .debug_line    0x000000000000bd8d     0x12b4 ./Drivers/STM32G4xx_HAL_Driver/Src/stm32g4xx_hal_rcc_ex.o
 .debug_line    0x000000000000d041     0x4075 ./Drivers/STM32G4xx_HAL_Driver/Src/stm32g4xx_hal_tim.o
 .debug_line    0x00000000000110b6     0x21dc ./Drivers/STM32G4xx_HAL_Driver/Src/stm32g4xx_hal_tim_ex.o
 .debug_line    0x0000000000013292     0x3c21 ./Drivers/STM32G4xx_HAL_Driver/Src/stm32g4xx_hal_uart.o
 .debug_line    0x0000000000016eb3      0xdfc ./Drivers/STM32G4xx_HAL_Driver/Src/stm32g4xx_hal_uart_ex.o
 .debug_line    0x0000000000017caf      0xcff ./Middlewares/Third_Party/ARM_CMSIS/Source/ControllerFunctions/ControllerFunctions.o

.debug_str      0x0000000000000000   0x11413d
 .debug_str     0x0000000000000000   0x10e609 ./Core/Src/main.o
                                     0x10eea0 (size before relaxing)
 .debug_str     0x000000000010e609      0x332 ./Core/Src/stm32g4xx_hal_msp.o
                                     0x109a34 (size before relaxing)
 .debug_str     0x000000000010e93b      0x16c ./Core/Src/stm32g4xx_it.o
                                     0x108ab3 (size before relaxing)
 .debug_str     0x000000000010eaa7       0xdb ./Core/Src/system_stm32g4xx.o
                                     0x108437 (size before relaxing)
 .debug_str     0x000000000010eb82       0x34 ./Core/Startup/startup_stm32g474retx.o
                                         0x82 (size before relaxing)
 .debug_str     0x000000000010ebb6      0x5db ./Drivers/STM32G4xx_HAL_Driver/Src/stm32g4xx_hal.o
                                     0x109149 (size before relaxing)
 .debug_str     0x000000000010f191      0xaf1 ./Drivers/STM32G4xx_HAL_Driver/Src/stm32g4xx_hal_adc.o
                                     0x109464 (size before relaxing)
 .debug_str     0x000000000010fc82      0x691 ./Drivers/STM32G4xx_HAL_Driver/Src/stm32g4xx_hal_adc_ex.o
                                     0x10940a (size before relaxing)
 .debug_str     0x0000000000110313      0x313 ./Drivers/STM32G4xx_HAL_Driver/Src/stm32g4xx_hal_cortex.o
                                     0x108dcd (size before relaxing)
 .debug_str     0x0000000000110626      0x280 ./Drivers/STM32G4xx_HAL_Driver/Src/stm32g4xx_hal_dma.o
                                     0x108811 (size before relaxing)
 .debug_str     0x00000000001108a6       0xe1 ./Drivers/STM32G4xx_HAL_Driver/Src/stm32g4xx_hal_gpio.o
                                     0x1085c2 (size before relaxing)
 .debug_str     0x0000000000110987      0x495 ./Drivers/STM32G4xx_HAL_Driver/Src/stm32g4xx_hal_pwr_ex.o
                                     0x108925 (size before relaxing)
 .debug_str     0x0000000000110e1c      0x506 ./Drivers/STM32G4xx_HAL_Driver/Src/stm32g4xx_hal_rcc.o
                                     0x108b56 (size before relaxing)
 .debug_str     0x0000000000111322      0x40b ./Drivers/STM32G4xx_HAL_Driver/Src/stm32g4xx_hal_rcc_ex.o
                                     0x108b80 (size before relaxing)
 .debug_str     0x000000000011172d      0xd6d ./Drivers/STM32G4xx_HAL_Driver/Src/stm32g4xx_hal_tim.o
                                     0x109935 (size before relaxing)
 .debug_str     0x000000000011249a      0x8ee ./Drivers/STM32G4xx_HAL_Driver/Src/stm32g4xx_hal_tim_ex.o
                                     0x1095a9 (size before relaxing)
 .debug_str     0x0000000000112d88      0x999 ./Drivers/STM32G4xx_HAL_Driver/Src/stm32g4xx_hal_uart.o
                                     0x1093f2 (size before relaxing)
 .debug_str     0x0000000000113721      0x264 ./Drivers/STM32G4xx_HAL_Driver/Src/stm32g4xx_hal_uart_ex.o
                                     0x108bf0 (size before relaxing)
 .debug_str     0x0000000000113985      0x7b8 ./Middlewares/Third_Party/ARM_CMSIS/Source/ControllerFunctions/ControllerFunctions.o
                                       0x9e7e (size before relaxing)

.debug_frame    0x0000000000000000     0x5c84
 .debug_frame   0x0000000000000000      0x21c ./Core/Src/main.o
 .debug_frame   0x000000000000021c      0x188 ./Core/Src/stm32g4xx_hal_msp.o
 .debug_frame   0x00000000000003a4      0x190 ./Core/Src/stm32g4xx_it.o
 .debug_frame   0x0000000000000534       0x58 ./Core/Src/system_stm32g4xx.o
 .debug_frame   0x000000000000058c      0x500 ./Drivers/STM32G4xx_HAL_Driver/Src/stm32g4xx_hal.o
 .debug_frame   0x0000000000000a8c      0xacc ./Drivers/STM32G4xx_HAL_Driver/Src/stm32g4xx_hal_adc.o
 .debug_frame   0x0000000000001558      0x81c ./Drivers/STM32G4xx_HAL_Driver/Src/stm32g4xx_hal_adc_ex.o
 .debug_frame   0x0000000000001d74      0x498 ./Drivers/STM32G4xx_HAL_Driver/Src/stm32g4xx_hal_cortex.o
 .debug_frame   0x000000000000220c      0x24c ./Drivers/STM32G4xx_HAL_Driver/Src/stm32g4xx_hal_dma.o
 .debug_frame   0x0000000000002458      0x14c ./Drivers/STM32G4xx_HAL_Driver/Src/stm32g4xx_hal_gpio.o
 .debug_frame   0x00000000000025a4      0x4fc ./Drivers/STM32G4xx_HAL_Driver/Src/stm32g4xx_hal_pwr_ex.o
 .debug_frame   0x0000000000002aa0      0x23c ./Drivers/STM32G4xx_HAL_Driver/Src/stm32g4xx_hal_rcc.o
 .debug_frame   0x0000000000002cdc      0x2ac ./Drivers/STM32G4xx_HAL_Driver/Src/stm32g4xx_hal_rcc_ex.o
 .debug_frame   0x0000000000002f88     0x1220 ./Drivers/STM32G4xx_HAL_Driver/Src/stm32g4xx_hal_tim.o
 .debug_frame   0x00000000000041a8      0xa70 ./Drivers/STM32G4xx_HAL_Driver/Src/stm32g4xx_hal_tim_ex.o
 .debug_frame   0x0000000000004c18      0xa94 ./Drivers/STM32G4xx_HAL_Driver/Src/stm32g4xx_hal_uart.o
 .debug_frame   0x00000000000056ac      0x2c0 ./Drivers/STM32G4xx_HAL_Driver/Src/stm32g4xx_hal_uart_ex.o
 .debug_frame   0x000000000000596c      0x14c ./Middlewares/Third_Party/ARM_CMSIS/Source/ControllerFunctions/ControllerFunctions.o
 .debug_frame   0x0000000000005ab8       0x20 C:/ST/STM32CubeIDE_1.14.1/STM32CubeIDE/plugins/com.st.stm32cube.ide.mcu.externaltools.gnu-tools-for-stm32.11.3.rel1.win32_1.1.100.202309141235/tools/bin/../lib/gcc/arm-none-eabi/11.3.1/../../../../arm-none-eabi/lib/thumb/v7e-m+fp/hard\libc_nano.a(libc_a-memset.o)
 .debug_frame   0x0000000000005ad8       0x2c C:/ST/STM32CubeIDE_1.14.1/STM32CubeIDE/plugins/com.st.stm32cube.ide.mcu.externaltools.gnu-tools-for-stm32.11.3.rel1.win32_1.1.100.202309141235/tools/bin/../lib/gcc/arm-none-eabi/11.3.1/../../../../arm-none-eabi/lib/thumb/v7e-m+fp/hard\libc_nano.a(libc_a-init.o)
 .debug_frame   0x0000000000005b04       0xac C:/ST/STM32CubeIDE_1.14.1/STM32CubeIDE/plugins/com.st.stm32cube.ide.mcu.externaltools.gnu-tools-for-stm32.11.3.rel1.win32_1.1.100.202309141235/tools/bin/../lib/gcc/arm-none-eabi/11.3.1/thumb/v7e-m+fp/hard\libgcc.a(_arm_addsubdf3.o)
 .debug_frame   0x0000000000005bb0       0x50 C:/ST/STM32CubeIDE_1.14.1/STM32CubeIDE/plugins/com.st.stm32cube.ide.mcu.externaltools.gnu-tools-for-stm32.11.3.rel1.win32_1.1.100.202309141235/tools/bin/../lib/gcc/arm-none-eabi/11.3.1/thumb/v7e-m+fp/hard\libgcc.a(_arm_muldivdf3.o)
 .debug_frame   0x0000000000005c00       0x24 C:/ST/STM32CubeIDE_1.14.1/STM32CubeIDE/plugins/com.st.stm32cube.ide.mcu.externaltools.gnu-tools-for-stm32.11.3.rel1.win32_1.1.100.202309141235/tools/bin/../lib/gcc/arm-none-eabi/11.3.1/thumb/v7e-m+fp/hard\libgcc.a(_arm_fixdfsi.o)
 .debug_frame   0x0000000000005c24       0x2c C:/ST/STM32CubeIDE_1.14.1/STM32CubeIDE/plugins/com.st.stm32cube.ide.mcu.externaltools.gnu-tools-for-stm32.11.3.rel1.win32_1.1.100.202309141235/tools/bin/../lib/gcc/arm-none-eabi/11.3.1/thumb/v7e-m+fp/hard\libgcc.a(_aeabi_uldivmod.o)
 .debug_frame   0x0000000000005c50       0x34 C:/ST/STM32CubeIDE_1.14.1/STM32CubeIDE/plugins/com.st.stm32cube.ide.mcu.externaltools.gnu-tools-for-stm32.11.3.rel1.win32_1.1.100.202309141235/tools/bin/../lib/gcc/arm-none-eabi/11.3.1/thumb/v7e-m+fp/hard\libgcc.a(_udivmoddi4.o)

.debug_line_str
                0x0000000000000000       0x76
 .debug_line_str
                0x0000000000000000       0x76 ./Core/Startup/startup_stm32g474retx.o
                                         0x8e (size before relaxing)
