Archive member included to satisfy reference by file (symbol)

C:/ST/STM32CubeIDE_1.14.1/STM32CubeIDE/plugins/com.st.stm32cube.ide.mcu.externaltools.gnu-tools-for-stm32.11.3.rel1.win32_1.1.100.202309141235/tools/bin/../lib/gcc/arm-none-eabi/11.3.1/../../../../arm-none-eabi/lib/thumb/v7e-m+fp/hard\libc_nano.a(libc_a-exit.o)
                              C:/ST/STM32CubeIDE_1.14.1/STM32CubeIDE/plugins/com.st.stm32cube.ide.mcu.externaltools.gnu-tools-for-stm32.11.3.rel1.win32_1.1.100.202309141235/tools/bin/../lib/gcc/arm-none-eabi/11.3.1/../../../../arm-none-eabi/lib/thumb/v7e-m+fp/hard/crt0.o (exit)
C:/ST/STM32CubeIDE_1.14.1/STM32CubeIDE/plugins/com.st.stm32cube.ide.mcu.externaltools.gnu-tools-for-stm32.11.3.rel1.win32_1.1.100.202309141235/tools/bin/../lib/gcc/arm-none-eabi/11.3.1/../../../../arm-none-eabi/lib/thumb/v7e-m+fp/hard\libc_nano.a(libc_a-findfp.o)
                              C:/ST/STM32CubeIDE_1.14.1/STM32CubeIDE/plugins/com.st.stm32cube.ide.mcu.externaltools.gnu-tools-for-stm32.11.3.rel1.win32_1.1.100.202309141235/tools/bin/../lib/gcc/arm-none-eabi/11.3.1/../../../../arm-none-eabi/lib/thumb/v7e-m+fp/hard\libc_nano.a(libc_a-exit.o) (__stdio_exit_handler)
C:/ST/STM32CubeIDE_1.14.1/STM32CubeIDE/plugins/com.st.stm32cube.ide.mcu.externaltools.gnu-tools-for-stm32.11.3.rel1.win32_1.1.100.202309141235/tools/bin/../lib/gcc/arm-none-eabi/11.3.1/../../../../arm-none-eabi/lib/thumb/v7e-m+fp/hard\libc_nano.a(libc_a-fwalk.o)
                              C:/ST/STM32CubeIDE_1.14.1/STM32CubeIDE/plugins/com.st.stm32cube.ide.mcu.externaltools.gnu-tools-for-stm32.11.3.rel1.win32_1.1.100.202309141235/tools/bin/../lib/gcc/arm-none-eabi/11.3.1/../../../../arm-none-eabi/lib/thumb/v7e-m+fp/hard\libc_nano.a(libc_a-findfp.o) (_fwalk_sglue)
C:/ST/STM32CubeIDE_1.14.1/STM32CubeIDE/plugins/com.st.stm32cube.ide.mcu.externaltools.gnu-tools-for-stm32.11.3.rel1.win32_1.1.100.202309141235/tools/bin/../lib/gcc/arm-none-eabi/11.3.1/../../../../arm-none-eabi/lib/thumb/v7e-m+fp/hard\libc_nano.a(libc_a-stdio.o)
                              C:/ST/STM32CubeIDE_1.14.1/STM32CubeIDE/plugins/com.st.stm32cube.ide.mcu.externaltools.gnu-tools-for-stm32.11.3.rel1.win32_1.1.100.202309141235/tools/bin/../lib/gcc/arm-none-eabi/11.3.1/../../../../arm-none-eabi/lib/thumb/v7e-m+fp/hard\libc_nano.a(libc_a-findfp.o) (__sread)
C:/ST/STM32CubeIDE_1.14.1/STM32CubeIDE/plugins/com.st.stm32cube.ide.mcu.externaltools.gnu-tools-for-stm32.11.3.rel1.win32_1.1.100.202309141235/tools/bin/../lib/gcc/arm-none-eabi/11.3.1/../../../../arm-none-eabi/lib/thumb/v7e-m+fp/hard\libc_nano.a(libc_a-memset.o)
                              C:/ST/STM32CubeIDE_1.14.1/STM32CubeIDE/plugins/com.st.stm32cube.ide.mcu.externaltools.gnu-tools-for-stm32.11.3.rel1.win32_1.1.100.202309141235/tools/bin/../lib/gcc/arm-none-eabi/11.3.1/../../../../arm-none-eabi/lib/thumb/v7e-m+fp/hard/crt0.o (memset)
C:/ST/STM32CubeIDE_1.14.1/STM32CubeIDE/plugins/com.st.stm32cube.ide.mcu.externaltools.gnu-tools-for-stm32.11.3.rel1.win32_1.1.100.202309141235/tools/bin/../lib/gcc/arm-none-eabi/11.3.1/../../../../arm-none-eabi/lib/thumb/v7e-m+fp/hard\libc_nano.a(libc_a-closer.o)
                              C:/ST/STM32CubeIDE_1.14.1/STM32CubeIDE/plugins/com.st.stm32cube.ide.mcu.externaltools.gnu-tools-for-stm32.11.3.rel1.win32_1.1.100.202309141235/tools/bin/../lib/gcc/arm-none-eabi/11.3.1/../../../../arm-none-eabi/lib/thumb/v7e-m+fp/hard\libc_nano.a(libc_a-stdio.o) (_close_r)
C:/ST/STM32CubeIDE_1.14.1/STM32CubeIDE/plugins/com.st.stm32cube.ide.mcu.externaltools.gnu-tools-for-stm32.11.3.rel1.win32_1.1.100.202309141235/tools/bin/../lib/gcc/arm-none-eabi/11.3.1/../../../../arm-none-eabi/lib/thumb/v7e-m+fp/hard\libc_nano.a(libc_a-reent.o)
                              C:/ST/STM32CubeIDE_1.14.1/STM32CubeIDE/plugins/com.st.stm32cube.ide.mcu.externaltools.gnu-tools-for-stm32.11.3.rel1.win32_1.1.100.202309141235/tools/bin/../lib/gcc/arm-none-eabi/11.3.1/../../../../arm-none-eabi/lib/thumb/v7e-m+fp/hard\libc_nano.a(libc_a-closer.o) (errno)
C:/ST/STM32CubeIDE_1.14.1/STM32CubeIDE/plugins/com.st.stm32cube.ide.mcu.externaltools.gnu-tools-for-stm32.11.3.rel1.win32_1.1.100.202309141235/tools/bin/../lib/gcc/arm-none-eabi/11.3.1/../../../../arm-none-eabi/lib/thumb/v7e-m+fp/hard\libc_nano.a(libc_a-impure.o)
                              C:/ST/STM32CubeIDE_1.14.1/STM32CubeIDE/plugins/com.st.stm32cube.ide.mcu.externaltools.gnu-tools-for-stm32.11.3.rel1.win32_1.1.100.202309141235/tools/bin/../lib/gcc/arm-none-eabi/11.3.1/../../../../arm-none-eabi/lib/thumb/v7e-m+fp/hard\libc_nano.a(libc_a-reent.o) (_impure_ptr)
C:/ST/STM32CubeIDE_1.14.1/STM32CubeIDE/plugins/com.st.stm32cube.ide.mcu.externaltools.gnu-tools-for-stm32.11.3.rel1.win32_1.1.100.202309141235/tools/bin/../lib/gcc/arm-none-eabi/11.3.1/../../../../arm-none-eabi/lib/thumb/v7e-m+fp/hard\libc_nano.a(libc_a-lseekr.o)
[...]
Memory Configuration

Name             Origin             Length             Attributes
RAM              0x0000000020000000 0x0000000000020000 xrw
FLASH            0x0000000008000000 0x0000000000080000 xr
*default*        0x0000000000000000 0xffffffffffffffff

Linker script and memory map

LOAD C:/ST/STM32CubeIDE_1.14.1/STM32CubeIDE/plugins/com.st.stm32cube.ide.mcu.externaltools.gnu-tools-for-stm32.11.3.rel1.win32_1.1.100.202309141235/tools/bin/../lib/gcc/arm-none-eabi/11.3.1/thumb/v7e-m+fp/hard/crti.o
LOAD C:/ST/STM32CubeIDE_1.14.1/STM32CubeIDE/plugins/com.st.stm32cube.ide.mcu.externaltools.gnu-tools-for-stm32.11.3.rel1.win32_1.1.100.202309141235/tools/bin/../lib/gcc/arm-none-eabi/11.3.1/thumb/v7e-m+fp/hard/crtbegin.o
LOAD C:/ST/STM32CubeIDE_1.14.1/STM32CubeIDE/plugins/com.st.stm32cube.ide.mcu.externaltools.gnu-tools-for-stm32.11.3.rel1.win32_1.1.100.202309141235/tools/bin/../lib/gcc/arm-none-eabi/11.3.1/../../../../arm-none-eabi/lib/thumb/v7e-m+fp/hard/crt0.o
LOAD ./Core/Src/main.o
LOAD ./Core/Src/stm32g4xx_hal_msp.o
LOAD ./Core/Src/stm32g4xx_it.o
LOAD ./Core/Src/syscalls.o
LOAD ./Core/Src/sysmem.o
LOAD ./Core/Src/system_stm32g4xx.o
LOAD ./Core/Startup/startup_stm32g474retx.o
LOAD ./Drivers/STM32G4xx_HAL_Driver/Src/stm32g4xx_hal.o
LOAD ./Drivers/STM32G4xx_HAL_Driver/Src/stm32g4xx_hal_adc.o
LOAD ./Drivers/STM32G4xx_HAL_Driver/Src/stm32g4xx_hal_adc_ex.o
LOAD ./Drivers/STM32G4xx_HAL_Driver/Src/stm32g4xx_hal_cortex.o
LOAD ./Drivers/STM32G4xx_HAL_Driver/Src/stm32g4xx_hal_dma.o
LOAD ./Drivers/STM32G4xx_HAL_Driver/Src/stm32g4xx_hal_dma_ex.o
LOAD ./Drivers/STM32G4xx_HAL_Driver/Src/stm32g4xx_hal_exti.o
LOAD ./Drivers/STM32G4xx_HAL_Driver/Src/stm32g4xx_hal_flash.o
LOAD ./Drivers/STM32G4xx_HAL_Driver/Src/stm32g4xx_hal_flash_ex.o
LOAD ./Drivers/STM32G4xx_HAL_Driver/Src/stm32g4xx_hal_flash_ramfunc.o
LOAD ./Drivers/STM32G4xx_HAL_Driver/Src/stm32g4xx_hal_gpio.o
LOAD ./Drivers/STM32G4xx_HAL_Driver/Src/stm32g4xx_hal_pwr.o
LOAD ./Drivers/STM32G4xx_HAL_Driver/Src/stm32g4xx_hal_pwr_ex.o
LOAD ./Drivers/STM32G4xx_HAL_Driver/Src/stm32g4xx_hal_rcc.o
LOAD ./Drivers/STM32G4xx_HAL_Driver/Src/stm32g4xx_hal_rcc_ex.o
LOAD ./Drivers/STM32G4xx_HAL_Driver/Src/stm32g4xx_hal_tim.o
LOAD ./Drivers/STM32G4xx_HAL_Driver/Src/stm32g4xx_hal_tim_ex.o
LOAD ./Drivers/STM32G4xx_HAL_Driver/Src/stm32g4xx_hal_uart.o
LOAD ./Drivers/STM32G4xx_HAL_Driver/Src/stm32g4xx_hal_uart_ex.o
LOAD ./Drivers/STM32G4xx_HAL_Driver/Src/stm32g4xx_ll_adc.o
LOAD ./Middlewares/Third_Party/ARM_CMSIS/Source/BasicMathFunctions/BasicMathFunctions.o
LOAD ./Middlewares/Third_Party/ARM_CMSIS/Source/BasicMathFunctions/BasicMathFunctionsF16.o
LOAD ./Middlewares/Third_Party/ARM_CMSIS/Source/BayesFunctions/BayesFunctions.o
LOAD ./Middlewares/Third_Party/ARM_CMSIS/Source/BayesFunctions/BayesFunctionsF16.o
LOAD ./Middlewares/Third_Party/ARM_CMSIS/Source/CommonTables/CommonTables.o
LOAD ./Middlewares/Third_Party/ARM_CMSIS/Source/CommonTables/CommonTablesF16.o
LOAD ./Middlewares/Third_Party/ARM_CMSIS/Source/ComplexMathFunctions/ComplexMathFunctions.o
LOAD ./Middlewares/Third_Party/ARM_CMSIS/Source/ComplexMathFunctions/ComplexMathFunctionsF16.o
LOAD ./Middlewares/Third_Party/ARM_CMSIS/Source/ControllerFunctions/ControllerFunctions.o
LOAD ./Middlewares/Third_Party/ARM_CMSIS/Source/DistanceFunctions/DistanceFunctions.o
LOAD ./Middlewares/Third_Party/ARM_CMSIS/Source/DistanceFunctions/DistanceFunctionsF16.o
LOAD ./Middlewares/Third_Party/ARM_CMSIS/Source/FastMathFunctions/FastMathFunctions.o
LOAD ./Middlewares/Third_Party/ARM_CMSIS/Source/FastMathFunctions/FastMathFunctionsF16.o
LOAD ./Middlewares/Third_Party/ARM_CMSIS/Source/FilteringFunctions/FilteringFunctions.o
LOAD ./Middlewares/Third_Party/ARM_CMSIS/Source/FilteringFunctions/FilteringFunctionsF16.o
LOAD ./Middlewares/Third_Party/ARM_CMSIS/Source/InterpolationFunctions/InterpolationFunctions.o
LOAD ./Middlewares/Third_Party/ARM_CMSIS/Source/InterpolationFunctions/InterpolationFunctionsF16.o
LOAD ./Middlewares/Third_Party/ARM_CMSIS/Source/MatrixFunctions/MatrixFunctions.o
LOAD ./Middlewares/Third_Party/ARM_CMSIS/Source/MatrixFunctions/MatrixFunctionsF16.o
LOAD ./Middlewares/Third_Party/ARM_CMSIS/Source/QuaternionMathFunctions/QuaternionMathFunctions.o
LOAD ./Middlewares/Third_Party/ARM_CMSIS/Source/SVMFunctions/SVMFunctions.o
LOAD ./Middlewares/Third_Party/ARM_CMSIS/Source/SVMFunctions/SVMFunctionsF16.o
LOAD ./Middlewares/Third_Party/ARM_CMSIS/Source/StatisticsFunctions/StatisticsFunctions.o
LOAD ./Middlewares/Third_Party/ARM_CMSIS/Source/StatisticsFunctions/StatisticsFunctionsF16.o
LOAD ./Middlewares/Third_Party/ARM_CMSIS/Source/SupportFunctions/SupportFunctions.o
LOAD ./Middlewares/Third_Party/ARM_CMSIS/Source/SupportFunctions/SupportFunctionsF16.o
LOAD ./Middlewares/Third_Party/ARM_CMSIS/Source/TransformFunctions/TransformFunctions.o
LOAD ./Middlewares/Third_Party/ARM_CMSIS/Source/TransformFunctions/TransformFunctionsF16.o
START GROUP
LOAD C:/ST/STM32CubeIDE_1.14.1/STM32CubeIDE/plugins/com.st.stm32cube.ide.mcu.externaltools.gnu-tools-for-stm32.11.3.rel1.win32_1.1.100.202309141235/tools/bin/../lib/gcc/arm-none-eabi/11.3.1/../../../../arm-none-eabi/lib/thumb/v7e-m+fp/hard\libc_nano.a
LOAD C:/ST/STM32CubeIDE_1.14.1/STM32CubeIDE/plugins/com.st.stm32cube.ide.mcu.externaltools.gnu-tools-for-stm32.11.3.rel1.win32_1.1.100.202309141235/tools/bin/../lib/gcc/arm-none-eabi/11.3.1/../../../../arm-none-eabi/lib/thumb/v7e-m+fp/hard\libm.a
END GROUP
START GROUP
LOAD C:/ST/STM32CubeIDE_1.14.1/STM32CubeIDE/plugins/com.st.stm32cube.ide.mcu.externaltools.gnu-tools-for-stm32.11.3.rel1.win32_1.1.100.202309141235/tools/bin/../lib/gcc/arm-none-eabi/11.3.1/thumb/v7e-m+fp/hard\libgcc.a
LOAD C:/ST/STM32CubeIDE_1.14.1/STM32CubeIDE/plugins/com.st.stm32cube.ide.mcu.externaltools.gnu-tools-for-stm32.11.3.rel1.win32_1.1.100.202309141235/tools/bin/../lib/gcc/arm-none-eabi/11.3.1/../../../../arm-none-eabi/lib/thumb/v7e-m+fp/hard\libc_nano.a
END GROUP
START GROUP
LOAD C:/ST/STM32CubeIDE_1.14.1/STM32CubeIDE/plugins/com.st.stm32cube.ide.mcu.externaltools.gnu-tools-for-stm32.11.3.rel1.win32_1.1.100.202309141235/tools/bin/../lib/gcc/arm-none-eabi/11.3.1/thumb/v7e-m+fp/hard\libgcc.a
LOAD C:/ST/STM32CubeIDE_1.14.1/STM32CubeIDE/plugins/com.st.stm32cube.ide.mcu.externaltools.gnu-tools-for-stm32.11.3.rel1.win32_1.1.100.202309141235/tools/bin/../lib/gcc/arm-none-eabi/11.3.1/../../../../arm-none-eabi/lib/thumb/v7e-m+fp/hard\libc_nano.a
LOAD C:/ST/STM32CubeIDE_1.14.1/STM32CubeIDE/plugins/com.st.stm32cube.ide.mcu.externaltools.gnu-tools-for-stm32.11.3.rel1.win32_1.1.100.202309141235/tools/bin/../lib/gcc/arm-none-eabi/11.3.1/../../../../arm-none-eabi/lib/thumb/v7e-m+fp/hard\libnosys.a
END GROUP
START GROUP
LOAD C:/ST/STM32CubeIDE_1.14.1/STM32CubeIDE/plugins/com.st.stm32cube.ide.mcu.externaltools.gnu-tools-for-stm32.11.3.rel1.win32_1.1.100.202309141235/tools/bin/../lib/gcc/arm-none-eabi/11.3.1/thumb/v7e-m+fp/hard\libgcc.a
LOAD C:/ST/STM32CubeIDE_1.14.1/STM32CubeIDE/plugins/com.st.stm32cube.ide.mcu.externaltools.gnu-tools-for-stm32.11.3.rel1.win32_1.1.100.202309141235/tools/bin/../lib/gcc/arm-none-eabi/11.3.1/../../../../arm-none-eabi/lib/thumb/v7e-m+fp/hard\libc_nano.a
LOAD C:/ST/STM32CubeIDE_1.14.1/STM32CubeIDE/plugins/com.st.stm32cube.ide.mcu.externaltools.gnu-tools-for-stm32.11.3.rel1.win32_1.1.100.202309141235/tools/bin/../lib/gcc/arm-none-eabi/11.3.1/../../../../arm-none-eabi/lib/thumb/v7e-m+fp/hard\libnosys.a
END GROUP
LOAD C:/ST/STM32CubeIDE_1.14.1/STM32CubeIDE/plugins/com.st.stm32cube.ide.mcu.externaltools.gnu-tools-for-stm32.11.3.rel1.win32_1.1.100.202309141235/tools/bin/../lib/gcc/arm-none-eabi/11.3.1/thumb/v7e-m+fp/hard/crtend.o
LOAD C:/ST/STM32CubeIDE_1.14.1/STM32CubeIDE/plugins/com.st.stm32cube.ide.mcu.externaltools.gnu-tools-for-stm32.11.3.rel1.win32_1.1.100.202309141235/tools/bin/../lib/gcc/arm-none-eabi/11.3.1/thumb/v7e-m+fp/hard/crtn.o
                0x0000000020020000                _estack = (ORIGIN (RAM) + LENGTH (RAM))
                0x0000000000000200                _Min_Heap_Size = 0x200
                0x0000000000000400                _Min_Stack_Size = 0x400

.isr_vector     0x0000000008000000      0x1d8
                0x0000000008000000                . = ALIGN (0x4)
 *(.isr_vector)
 .isr_vector    0x0000000008000000      0x1d8 ./Core/Startup/startup_stm32g474retx.o
                0x0000000008000000                g_pfnVectors
                0x00000000080001d8                . = ALIGN (0x4)

.text           0x00000000080001d8     0x76ec
                0x00000000080001d8                . = ALIGN (0x4)
 *(.text)
 .text          0x00000000080001d8       0x40 C:/ST/STM32CubeIDE_1.14.1/STM32CubeIDE/plugins/com.st.stm32cube.ide.mcu.externaltools.gnu-tools-for-stm32.11.3.rel1.win32_1.1.100.202309141235/tools/bin/../lib/gcc/arm-none-eabi/11.3.1/thumb/v7e-m+fp/hard/crtbegin.o
 .text          0x0000000008000218      0x378 C:/ST/STM32CubeIDE_1.14.1/STM32CubeIDE/plugins/com.st.stm32cube.ide.mcu.externaltools.gnu-tools-for-stm32.11.3.rel1.win32_1.1.100.202309141235/tools/bin/../lib/gcc/arm-none-eabi/11.3.1/thumb/v7e-m+fp/hard\libgcc.a(_arm_addsubdf3.o)
                0x0000000008000218                __aeabi_drsub
                0x0000000008000220                __aeabi_dsub
                0x0000000008000220                __subdf3
                0x0000000008000224                __aeabi_dadd
                0x0000000008000224                __adddf3
                0x000000000800049c                __floatunsidf
                0x000000000800049c                __aeabi_ui2d
                0x00000000080004bc                __floatsidf
                0x00000000080004bc                __aeabi_i2d
                0x00000000080004e0                __aeabi_f2d
                0x00000000080004e0                __extendsfdf2
                0x0000000008000524                __floatundidf
                0x0000000008000524                __aeabi_ul2d
                0x0000000008000534                __floatdidf
                0x0000000008000534                __aeabi_l2d
 .text          0x0000000008000590      0x424 C:/ST/STM32CubeIDE_1.14.1/STM32CubeIDE/plugins/com.st.stm32cube.ide.mcu.externaltools.gnu-tools-for-stm32.11.3.rel1.win32_1.1.100.202309141235/tools/bin/../lib/gcc/arm-none-eabi/11.3.1/thumb/v7e-m+fp/hard\libgcc.a(_arm_muldivdf3.o)
                0x0000000008000590                __aeabi_dmul
                0x0000000008000590                __muldf3
                0x00000000080007e4                __divdf3
                0x00000000080007e4                __aeabi_ddiv
 .text          0x00000000080009b4       0x50 C:/ST/STM32CubeIDE_1.14.1/STM32CubeIDE/plugins/com.st.stm32cube.ide.mcu.externaltools.gnu-tools-for-stm32.11.3.rel1.win32_1.1.100.202309141235/tools/bin/../lib/gcc/arm-none-eabi/11.3.1/thumb/v7e-m+fp/hard\libgcc.a(_arm_fixdfsi.o)
                0x00000000080009b4                __aeabi_d2iz
                0x00000000080009b4                __fixdfsi
 .text          0x0000000008000a04       0x40 C:/ST/STM32CubeIDE_1.14.1/STM32CubeIDE/plugins/com.st.stm32cube.ide.mcu.externaltools.gnu-tools-for-stm32.11.3.rel1.win32_1.1.100.202309141235/tools/bin/../lib/gcc/arm-none-eabi/11.3.1/thumb/v7e-m+fp/hard\libgcc.a(_arm_fixunsdfsi.o)
                0x0000000008000a04                __aeabi_d2uiz
                0x0000000008000a04                __fixunsdfsi
 .text          0x0000000008000a44       0xa0 C:/ST/STM32CubeIDE_1.14.1/STM32CubeIDE/plugins/com.st.stm32cube.ide.mcu.externaltools.gnu-tools-for-stm32.11.3.rel1.win32_1.1.100.202309141235/tools/bin/../lib/gcc/arm-none-eabi/11.3.1/thumb/v7e-m+fp/hard\libgcc.a(_arm_truncdfsf2.o)
                0x0000000008000a44                __truncdfsf2
                0x0000000008000a44                __aeabi_d2f
 .text          0x0000000008000ae4       0x30 C:/ST/STM32CubeIDE_1.14.1/STM32CubeIDE/plugins/com.st.stm32cube.ide.mcu.externaltools.gnu-tools-for-stm32.11.3.rel1.win32_1.1.100.202309141235/tools/bin/../lib/gcc/arm-none-eabi/11.3.1/thumb/v7e-m+fp/hard\libgcc.a(_aeabi_uldivmod.o)
                0x0000000008000ae4                __aeabi_uldivmod
 .text          0x0000000008000b14      0x2c8 C:/ST/STM32CubeIDE_1.14.1/STM32CubeIDE/plugins/com.st.stm32cube.ide.mcu.externaltools.gnu-tools-for-stm32.11.3.rel1.win32_1.1.100.202309141235/tools/bin/../lib/gcc/arm-none-eabi/11.3.1/thumb/v7e-m+fp/hard\libgcc.a(_udivmoddi4.o)
                0x0000000008000b14                __udivmoddi4
 .text          0x0000000008000ddc        0x4 C:/ST/STM32CubeIDE_1.14.1/STM32CubeIDE/plugins/com.st.stm32cube.ide.mcu.externaltools.gnu-tools-for-stm32.11.3.rel1.win32_1.1.100.202309141235/tools/bin/../lib/gcc/arm-none-eabi/11.3.1/thumb/v7e-m+fp/hard\libgcc.a(_dvmd_tls.o)
                0x0000000008000ddc                __aeabi_idiv0
                0x0000000008000ddc                __aeabi_ldiv0
 *(.text*)
 .text.main     0x0000000008000de0      0x27c ./Core/Src/main.o
                0x0000000008000de0                main
 .text.SystemClock_Config
                0x000000000800105c       0x96 ./Core/Src/main.o
                0x000000000800105c                SystemClock_Config
 *fill*         0x00000000080010f2        0x2 
 .text.MX_ADC1_Init
                0x00000000080010f4       0xf0 ./Core/Src/main.o
 .text.MX_LPUART1_UART_Init
                0x00000000080011e4       0x94 ./Core/Src/main.o
 .text.MX_UART4_Init
                0x0000000008001278       0x9c ./Core/Src/main.o
 .text.MX_TIM2_Init
                0x0000000008001314       0xa8 ./Core/Src/main.o
 .text.MX_TIM3_Init
                0x00000000080013bc      0x104 ./Core/Src/main.o
 .text.MX_TIM5_Init
                0x00000000080014c0       0x9c ./Core/Src/main.o
 .text.MX_DMA_Init
                0x000000000800155c       0x54 ./Core/Src/main.o
 .text.MX_GPIO_Init
                0x00000000080015b0      0x118 ./Core/Src/main.o
 .text.micros   0x00000000080016c8       0x34 ./Core/Src/main.o
                0x00000000080016c8                micros
 *fill*         0x00000000080016fc        0x4 
 .text.QEIEncoderPosVel_Update
                0x0000000008001700      0x118 ./Core/Src/main.o
                0x0000000008001700                QEIEncoderPosVel_Update
 .text.PS2X_Reader
                0x0000000008001818      0x440 ./Core/Src/main.o
                0x0000000008001818                PS2X_Reader
 .text.HAL_GPIO_EXTI_Callback
                0x0000000008001c58       0x68 ./Core/Src/main.o
                0x0000000008001c58                HAL_GPIO_EXTI_Callback
 .text.Error_Handler
                0x0000000008001cc0        0xa ./Core/Src/main.o
                0x0000000008001cc0                Error_Handler
 *fill*         0x0000000008001cca        0x2 
 .text.HAL_MspInit
                0x0000000008001ccc       0x48 ./Core/Src/stm32g4xx_hal_msp.o
                0x0000000008001ccc                HAL_MspInit
 .text.HAL_ADC_MspInit
                0x0000000008001d14      0x118 ./Core/Src/stm32g4xx_hal_msp.o
                0x0000000008001d14                HAL_ADC_MspInit
 .text.HAL_UART_MspInit
                0x0000000008001e2c      0x130 ./Core/Src/stm32g4xx_hal_msp.o
                0x0000000008001e2c                HAL_UART_MspInit
 .text.HAL_TIM_Encoder_MspInit
                0x0000000008001f5c       0x80 ./Core/Src/stm32g4xx_hal_msp.o
                0x0000000008001f5c                HAL_TIM_Encoder_MspInit
 .text.HAL_TIM_Base_MspInit
                0x0000000008001fdc       0x68 ./Core/Src/stm32g4xx_hal_msp.o
                0x0000000008001fdc                HAL_TIM_Base_MspInit
 .text.HAL_TIM_MspPostInit
                0x0000000008002044       0x70 ./Core/Src/stm32g4xx_hal_msp.o
                0x0000000008002044                HAL_TIM_MspPostInit
 .text.NMI_Handler
                0x00000000080020b4        0x6 ./Core/Src/stm32g4xx_it.o
                0x00000000080020b4                NMI_Handler
 .text.HardFault_Handler
                0x00000000080020ba        0x6 ./Core/Src/stm32g4xx_it.o
                0x00000000080020ba                HardFault_Handler
 .text.MemManage_Handler
                0x00000000080020c0        0x6 ./Core/Src/stm32g4xx_it.o
                0x00000000080020c0                MemManage_Handler
 .text.BusFault_Handler
                0x00000000080020c6        0x6 ./Core/Src/stm32g4xx_it.o
                0x00000000080020c6                BusFault_Handler
 .text.UsageFault_Handler
                0x00000000080020cc        0x6 ./Core/Src/stm32g4xx_it.o
                0x00000000080020cc                UsageFault_Handler
 .text.SVC_Handler
                0x00000000080020d2        0xe ./Core/Src/stm32g4xx_it.o
                0x00000000080020d2                SVC_Handler
 .text.DebugMon_Handler
                0x00000000080020e0        0xe ./Core/Src/stm32g4xx_it.o
                0x00000000080020e0                DebugMon_Handler
 .text.PendSV_Handler
                0x00000000080020ee        0xe ./Core/Src/stm32g4xx_it.o
                0x00000000080020ee                PendSV_Handler
 .text.SysTick_Handler
                0x00000000080020fc        0xc ./Core/Src/stm32g4xx_it.o
                0x00000000080020fc                SysTick_Handler
 .text.EXTI4_IRQHandler
                0x0000000008002108        0xe ./Core/Src/stm32g4xx_it.o
                0x0000000008002108                EXTI4_IRQHandler
 *fill*         0x0000000008002116        0x2 
 .text.DMA1_Channel1_IRQHandler
                0x0000000008002118       0x14 ./Core/Src/stm32g4xx_it.o
                0x0000000008002118                DMA1_Channel1_IRQHandler
 .text.ADC1_2_IRQHandler
                0x000000000800212c       0x14 ./Core/Src/stm32g4xx_it.o
                0x000000000800212c                ADC1_2_IRQHandler
 .text.EXTI9_5_IRQHandler
                0x0000000008002140        0xe ./Core/Src/stm32g4xx_it.o
                0x0000000008002140                EXTI9_5_IRQHandler
 .text.EXTI15_10_IRQHandler
                0x000000000800214e       0x10 ./Core/Src/stm32g4xx_it.o
                0x000000000800214e                EXTI15_10_IRQHandler
 *fill*         0x000000000800215e        0x2 
 .text.SystemInit
                0x0000000008002160       0x24 ./Core/Src/system_stm32g4xx.o
                0x0000000008002160                SystemInit
 .text.Reset_Handler
                0x0000000008002184       0x50 ./Core/Startup/startup_stm32g474retx.o
                0x0000000008002184                Reset_Handler
 .text.Default_Handler
                0x00000000080021d4        0x2 ./Core/Startup/startup_stm32g474retx.o
                0x00000000080021d4                RTC_Alarm_IRQHandler
                0x00000000080021d4                EXTI2_IRQHandler
                0x00000000080021d4                TIM8_TRG_COM_IRQHandler
                0x00000000080021d4                TIM8_CC_IRQHandler
                0x00000000080021d4                HRTIM1_Master_IRQHandler
                0x00000000080021d4                SPI4_IRQHandler
                0x00000000080021d4                FDCAN3_IT0_IRQHandler
                0x00000000080021d4                TIM1_CC_IRQHandler
                0x00000000080021d4                HRTIM1_FLT_IRQHandler
                0x00000000080021d4                HRTIM1_TIMF_IRQHandler
                0x00000000080021d4                USB_HP_IRQHandler
                0x00000000080021d4                CORDIC_IRQHandler
                0x00000000080021d4                HRTIM1_TIMD_IRQHandler
                0x00000000080021d4                DMA2_Channel8_IRQHandler
                0x00000000080021d4                EXTI3_IRQHandler
                0x00000000080021d4                I2C3_ER_IRQHandler
                0x00000000080021d4                EXTI0_IRQHandler
                0x00000000080021d4                I2C2_EV_IRQHandler
                0x00000000080021d4                FPU_IRQHandler
                0x00000000080021d4                FDCAN1_IT1_IRQHandler
                0x00000000080021d4                TIM1_UP_TIM16_IRQHandler
                0x00000000080021d4                HRTIM1_TIME_IRQHandler
                0x00000000080021d4                SPI1_IRQHandler
                0x00000000080021d4                TIM6_DAC_IRQHandler
                0x00000000080021d4                HRTIM1_TIMC_IRQHandler
                0x00000000080021d4                TIM8_UP_IRQHandler
                0x00000000080021d4                DMA2_Channel2_IRQHandler
                0x00000000080021d4                DMA1_Channel4_IRQHandler
                0x00000000080021d4                TIM20_TRG_COM_IRQHandler
                0x00000000080021d4                USART3_IRQHandler
                0x00000000080021d4                DMA1_Channel7_IRQHandler
                0x00000000080021d4                UART5_IRQHandler
                0x00000000080021d4                ADC3_IRQHandler
                0x00000000080021d4                TIM4_IRQHandler
                0x00000000080021d4                DMA2_Channel1_IRQHandler
                0x00000000080021d4                QUADSPI_IRQHandler
                0x00000000080021d4                I2C1_EV_IRQHandler
                0x00000000080021d4                DMA1_Channel6_IRQHandler
                0x00000000080021d4                UART4_IRQHandler
                0x00000000080021d4                DMA2_Channel4_IRQHandler
                0x00000000080021d4                TIM3_IRQHandler
                0x00000000080021d4                RCC_IRQHandler
                0x00000000080021d4                TIM20_UP_IRQHandler
                0x00000000080021d4                Default_Handler
                0x00000000080021d4                DMA2_Channel7_IRQHandler
                0x00000000080021d4                RTC_TAMP_LSECSS_IRQHandler
                0x00000000080021d4                FMAC_IRQHandler
                0x00000000080021d4                DMA1_Channel8_IRQHandler
                0x00000000080021d4                HRTIM1_TIMA_IRQHandler
                0x00000000080021d4                TIM7_DAC_IRQHandler
                0x00000000080021d4                FDCAN3_IT1_IRQHandler
                0x00000000080021d4                TIM5_IRQHandler
                0x00000000080021d4                UCPD1_IRQHandler
                0x00000000080021d4                I2C3_EV_IRQHandler
                0x00000000080021d4                RTC_WKUP_IRQHandler
                0x00000000080021d4                PVD_PVM_IRQHandler
                0x00000000080021d4                SPI2_IRQHandler
                0x00000000080021d4                ADC5_IRQHandler
                0x00000000080021d4                DMA2_Channel5_IRQHandler
                0x00000000080021d4                CRS_IRQHandler
                0x00000000080021d4                DMA1_Channel5_IRQHandler
                0x00000000080021d4                USB_LP_IRQHandler
                0x00000000080021d4                RNG_IRQHandler
                0x00000000080021d4                HRTIM1_TIMB_IRQHandler
                0x00000000080021d4                TIM1_TRG_COM_TIM17_IRQHandler
                0x00000000080021d4                FDCAN2_IT1_IRQHandler
                0x00000000080021d4                DMA1_Channel3_IRQHandler
                0x00000000080021d4                ADC4_IRQHandler
                0x00000000080021d4                WWDG_IRQHandler
                0x00000000080021d4                I2C4_EV_IRQHandler
                0x00000000080021d4                FDCAN2_IT0_IRQHandler
                0x00000000080021d4                LPUART1_IRQHandler
                0x00000000080021d4                DMA2_Channel6_IRQHandler
                0x00000000080021d4                FDCAN1_IT0_IRQHandler
                0x00000000080021d4                TIM2_IRQHandler
                0x00000000080021d4                COMP7_IRQHandler
                0x00000000080021d4                COMP1_2_3_IRQHandler
                0x00000000080021d4                EXTI1_IRQHandler
                0x00000000080021d4                USART2_IRQHandler
                0x00000000080021d4                COMP4_5_6_IRQHandler
                0x00000000080021d4                TIM20_BRK_IRQHandler
                0x00000000080021d4                I2C2_ER_IRQHandler
                0x00000000080021d4                DMA1_Channel2_IRQHandler
                0x00000000080021d4                TIM8_BRK_IRQHandler
                0x00000000080021d4                FLASH_IRQHandler
                0x00000000080021d4                TIM20_CC_IRQHandler
                0x00000000080021d4                USART1_IRQHandler
                0x00000000080021d4                SPI3_IRQHandler
                0x00000000080021d4                I2C1_ER_IRQHandler
                0x00000000080021d4                FMC_IRQHandler
                0x00000000080021d4                LPTIM1_IRQHandler
                0x00000000080021d4                DMAMUX_OVR_IRQHandler
                0x00000000080021d4                I2C4_ER_IRQHandler
                0x00000000080021d4                USBWakeUp_IRQHandler
                0x00000000080021d4                SAI1_IRQHandler
                0x00000000080021d4                DMA2_Channel3_IRQHandler
                0x00000000080021d4                TIM1_BRK_TIM15_IRQHandler
 .text.HAL_Init
                0x00000000080021d6       0x30 ./Drivers/STM32G4xx_HAL_Driver/Src/stm32g4xx_hal.o
                0x00000000080021d6                HAL_Init
 *fill*         0x0000000008002206        0x2 
 .text.HAL_InitTick
                0x0000000008002208       0x74 ./Drivers/STM32G4xx_HAL_Driver/Src/stm32g4xx_hal.o
                0x0000000008002208                HAL_InitTick
 .text.HAL_IncTick
                0x000000000800227c       0x24 ./Drivers/STM32G4xx_HAL_Driver/Src/stm32g4xx_hal.o
                0x000000000800227c                HAL_IncTick
 .text.HAL_GetTick
                0x00000000080022a0       0x18 ./Drivers/STM32G4xx_HAL_Driver/Src/stm32g4xx_hal.o
                0x00000000080022a0                HAL_GetTick
 .text.LL_ADC_SetCommonClock
                0x00000000080022b8       0x26 ./Drivers/STM32G4xx_HAL_Driver/Src/stm32g4xx_hal_adc.o
 .text.LL_ADC_SetCommonPathInternalCh
                0x00000000080022de       0x26 ./Drivers/STM32G4xx_HAL_Driver/Src/stm32g4xx_hal_adc.o
 .text.LL_ADC_GetCommonPathInternalCh
                0x0000000008002304       0x1c ./Drivers/STM32G4xx_HAL_Driver/Src/stm32g4xx_hal_adc.o
 .text.LL_ADC_SetOffset
                0x0000000008002320       0x48 ./Drivers/STM32G4xx_HAL_Driver/Src/stm32g4xx_hal_adc.o
 .text.LL_ADC_GetOffsetChannel
                0x0000000008002368       0x2c ./Drivers/STM32G4xx_HAL_Driver/Src/stm32g4xx_hal_adc.o
 .text.LL_ADC_SetOffsetState
                0x0000000008002394       0x36 ./Drivers/STM32G4xx_HAL_Driver/Src/stm32g4xx_hal_adc.o
 .text.LL_ADC_SetOffsetSign
                0x00000000080023ca       0x36 ./Drivers/STM32G4xx_HAL_Driver/Src/stm32g4xx_hal_adc.o
 .text.LL_ADC_SetOffsetSaturation
                0x0000000008002400       0x36 ./Drivers/STM32G4xx_HAL_Driver/Src/stm32g4xx_hal_adc.o
 .text.LL_ADC_SetSamplingTimeCommonConfig
                0x0000000008002436       0x26 ./Drivers/STM32G4xx_HAL_Driver/Src/stm32g4xx_hal_adc.o
 .text.LL_ADC_REG_IsTriggerSourceSWStart
                0x000000000800245c       0x26 ./Drivers/STM32G4xx_HAL_Driver/Src/stm32g4xx_hal_adc.o
 .text.LL_ADC_REG_SetSequencerRanks
                0x0000000008002482       0x58 ./Drivers/STM32G4xx_HAL_Driver/Src/stm32g4xx_hal_adc.o
 .text.LL_ADC_INJ_IsTriggerSourceSWStart
                0x00000000080024da       0x26 ./Drivers/STM32G4xx_HAL_Driver/Src/stm32g4xx_hal_adc.o
 .text.LL_ADC_SetChannelSamplingTime
                0x0000000008002500       0x56 ./Drivers/STM32G4xx_HAL_Driver/Src/stm32g4xx_hal_adc.o
 *fill*         0x0000000008002556        0x2 
 .text.LL_ADC_SetChannelSingleDiff
                0x0000000008002558       0x48 ./Drivers/STM32G4xx_HAL_Driver/Src/stm32g4xx_hal_adc.o
 .text.LL_ADC_GetMultimode
                0x00000000080025a0       0x1c ./Drivers/STM32G4xx_HAL_Driver/Src/stm32g4xx_hal_adc.o
 .text.LL_ADC_GetMultiDMATransfer
                0x00000000080025bc       0x1c ./Drivers/STM32G4xx_HAL_Driver/Src/stm32g4xx_hal_adc.o
 .text.LL_ADC_DisableDeepPowerDown
                0x00000000080025d8       0x24 ./Drivers/STM32G4xx_HAL_Driver/Src/stm32g4xx_hal_adc.o
 .text.LL_ADC_IsDeepPowerDownEnabled
                0x00000000080025fc       0x28 ./Drivers/STM32G4xx_HAL_Driver/Src/stm32g4xx_hal_adc.o
 .text.LL_ADC_EnableInternalRegulator
                0x0000000008002624       0x28 ./Drivers/STM32G4xx_HAL_Driver/Src/stm32g4xx_hal_adc.o
 .text.LL_ADC_IsInternalRegulatorEnabled
                0x000000000800264c       0x28 ./Drivers/STM32G4xx_HAL_Driver/Src/stm32g4xx_hal_adc.o
 .text.LL_ADC_IsEnabled
                0x0000000008002674       0x26 ./Drivers/STM32G4xx_HAL_Driver/Src/stm32g4xx_hal_adc.o
 .text.LL_ADC_REG_IsConversionOngoing
                0x000000000800269a       0x26 ./Drivers/STM32G4xx_HAL_Driver/Src/stm32g4xx_hal_adc.o
 .text.LL_ADC_INJ_IsConversionOngoing
                0x00000000080026c0       0x26 ./Drivers/STM32G4xx_HAL_Driver/Src/stm32g4xx_hal_adc.o
 *fill*         0x00000000080026e6        0x2 
 .text.HAL_ADC_Init
                0x00000000080026e8      0x378 ./Drivers/STM32G4xx_HAL_Driver/Src/stm32g4xx_hal_adc.o
                0x00000000080026e8                HAL_ADC_Init
 .text.HAL_ADC_IRQHandler
                0x0000000008002a60      0x4c0 ./Drivers/STM32G4xx_HAL_Driver/Src/stm32g4xx_hal_adc.o
                0x0000000008002a60                HAL_ADC_IRQHandler
 .text.HAL_ADC_ConvCpltCallback
                0x0000000008002f20       0x14 ./Drivers/STM32G4xx_HAL_Driver/Src/stm32g4xx_hal_adc.o
                0x0000000008002f20                HAL_ADC_ConvCpltCallback
 .text.HAL_ADC_LevelOutOfWindowCallback
                0x0000000008002f34       0x14 ./Drivers/STM32G4xx_HAL_Driver/Src/stm32g4xx_hal_adc.o
                0x0000000008002f34                HAL_ADC_LevelOutOfWindowCallback
 .text.HAL_ADC_ErrorCallback
                0x0000000008002f48       0x14 ./Drivers/STM32G4xx_HAL_Driver/Src/stm32g4xx_hal_adc.o
                0x0000000008002f48                HAL_ADC_ErrorCallback
 .text.HAL_ADC_ConfigChannel
                0x0000000008002f5c      0x880 ./Drivers/STM32G4xx_HAL_Driver/Src/stm32g4xx_hal_adc.o
                0x0000000008002f5c                HAL_ADC_ConfigChannel
 .text.LL_ADC_IsEnabled
                0x00000000080037dc       0x26 ./Drivers/STM32G4xx_HAL_Driver/Src/stm32g4xx_hal_adc_ex.o
 .text.LL_ADC_REG_IsConversionOngoing
                0x0000000008003802       0x26 ./Drivers/STM32G4xx_HAL_Driver/Src/stm32g4xx_hal_adc_ex.o
 .text.HAL_ADCEx_InjectedConvCpltCallback
                0x0000000008003828       0x14 ./Drivers/STM32G4xx_HAL_Driver/Src/stm32g4xx_hal_adc_ex.o
                0x0000000008003828                HAL_ADCEx_InjectedConvCpltCallback
 .text.HAL_ADCEx_InjectedQueueOverflowCallback
                0x000000000800383c       0x14 ./Drivers/STM32G4xx_HAL_Driver/Src/stm32g4xx_hal_adc_ex.o
                0x000000000800383c                HAL_ADCEx_InjectedQueueOverflowCallback
 .text.HAL_ADCEx_LevelOutOfWindow2Callback
                0x0000000008003850       0x14 ./Drivers/STM32G4xx_HAL_Driver/Src/stm32g4xx_hal_adc_ex.o
                0x0000000008003850                HAL_ADCEx_LevelOutOfWindow2Callback
 .text.HAL_ADCEx_LevelOutOfWindow3Callback
                0x0000000008003864       0x14 ./Drivers/STM32G4xx_HAL_Driver/Src/stm32g4xx_hal_adc_ex.o
                0x0000000008003864                HAL_ADCEx_LevelOutOfWindow3Callback
 .text.HAL_ADCEx_EndOfSamplingCallback
                0x0000000008003878       0x14 ./Drivers/STM32G4xx_HAL_Driver/Src/stm32g4xx_hal_adc_ex.o
                0x0000000008003878                HAL_ADCEx_EndOfSamplingCallback
 .text.HAL_ADCEx_MultiModeConfigChannel
                0x000000000800388c      0x210 ./Drivers/STM32G4xx_HAL_Driver/Src/stm32g4xx_hal_adc_ex.o
                0x000000000800388c                HAL_ADCEx_MultiModeConfigChannel
 .text.__NVIC_SetPriorityGrouping
                0x0000000008003a9c       0x48 ./Drivers/STM32G4xx_HAL_Driver/Src/stm32g4xx_hal_cortex.o
 .text.__NVIC_GetPriorityGrouping
                0x0000000008003ae4       0x1c ./Drivers/STM32G4xx_HAL_Driver/Src/stm32g4xx_hal_cortex.o
 .text.__NVIC_EnableIRQ
                0x0000000008003b00       0x3c ./Drivers/STM32G4xx_HAL_Driver/Src/stm32g4xx_hal_cortex.o
 .text.__NVIC_SetPriority
                0x0000000008003b3c       0x54 ./Drivers/STM32G4xx_HAL_Driver/Src/stm32g4xx_hal_cortex.o
 .text.NVIC_EncodePriority
                0x0000000008003b90       0x66 ./Drivers/STM32G4xx_HAL_Driver/Src/stm32g4xx_hal_cortex.o
 *fill*         0x0000000008003bf6        0x2 
 .text.SysTick_Config
                0x0000000008003bf8       0x44 ./Drivers/STM32G4xx_HAL_Driver/Src/stm32g4xx_hal_cortex.o
 .text.HAL_NVIC_SetPriorityGrouping
                0x0000000008003c3c       0x16 ./Drivers/STM32G4xx_HAL_Driver/Src/stm32g4xx_hal_cortex.o
                0x0000000008003c3c                HAL_NVIC_SetPriorityGrouping
 .text.HAL_NVIC_SetPriority
                0x0000000008003c52       0x34 ./Drivers/STM32G4xx_HAL_Driver/Src/stm32g4xx_hal_cortex.o
                0x0000000008003c52                HAL_NVIC_SetPriority
 .text.HAL_NVIC_EnableIRQ
                0x0000000008003c86       0x1c ./Drivers/STM32G4xx_HAL_Driver/Src/stm32g4xx_hal_cortex.o
                0x0000000008003c86                HAL_NVIC_EnableIRQ
 .text.HAL_SYSTICK_Config
                0x0000000008003ca2       0x18 ./Drivers/STM32G4xx_HAL_Driver/Src/stm32g4xx_hal_cortex.o
                0x0000000008003ca2                HAL_SYSTICK_Config
 *fill*         0x0000000008003cba        0x2 
 .text.HAL_DMA_Init
                0x0000000008003cbc      0x150 ./Drivers/STM32G4xx_HAL_Driver/Src/stm32g4xx_hal_dma.o
                0x0000000008003cbc                HAL_DMA_Init
 .text.HAL_DMA_IRQHandler
                0x0000000008003e0c      0x15e ./Drivers/STM32G4xx_HAL_Driver/Src/stm32g4xx_hal_dma.o
                0x0000000008003e0c                HAL_DMA_IRQHandler
 *fill*         0x0000000008003f6a        0x2 
 .text.DMA_CalcDMAMUXChannelBaseAndMask
                0x0000000008003f6c       0x7c ./Drivers/STM32G4xx_HAL_Driver/Src/stm32g4xx_hal_dma.o
 .text.DMA_CalcDMAMUXRequestGenBaseAndMask
                0x0000000008003fe8       0x48 ./Drivers/STM32G4xx_HAL_Driver/Src/stm32g4xx_hal_dma.o
 .text.HAL_GPIO_Init
                0x0000000008004030      0x304 ./Drivers/STM32G4xx_HAL_Driver/Src/stm32g4xx_hal_gpio.o
                0x0000000008004030                HAL_GPIO_Init
 .text.HAL_GPIO_WritePin
                0x0000000008004334       0x30 ./Drivers/STM32G4xx_HAL_Driver/Src/stm32g4xx_hal_gpio.o
                0x0000000008004334                HAL_GPIO_WritePin
 .text.HAL_GPIO_EXTI_IRQHandler
                0x0000000008004364       0x30 ./Drivers/STM32G4xx_HAL_Driver/Src/stm32g4xx_hal_gpio.o
                0x0000000008004364                HAL_GPIO_EXTI_IRQHandler
 .text.HAL_PWREx_ControlVoltageScaling
                0x0000000008004394      0x148 ./Drivers/STM32G4xx_HAL_Driver/Src/stm32g4xx_hal_pwr_ex.o
                0x0000000008004394                HAL_PWREx_ControlVoltageScaling
 .text.HAL_PWREx_DisableUCPDDeadBattery
                0x00000000080044dc       0x20 ./Drivers/STM32G4xx_HAL_Driver/Src/stm32g4xx_hal_pwr_ex.o
                0x00000000080044dc                HAL_PWREx_DisableUCPDDeadBattery
 .text.HAL_RCC_OscConfig
                0x00000000080044fc      0x624 ./Drivers/STM32G4xx_HAL_Driver/Src/stm32g4xx_hal_rcc.o
                0x00000000080044fc                HAL_RCC_OscConfig
 .text.HAL_RCC_ClockConfig
                0x0000000008004b20      0x278 ./Drivers/STM32G4xx_HAL_Driver/Src/stm32g4xx_hal_rcc.o
                0x0000000008004b20                HAL_RCC_ClockConfig
 .text.HAL_RCC_GetSysClockFreq
                0x0000000008004d98       0xc4 ./Drivers/STM32G4xx_HAL_Driver/Src/stm32g4xx_hal_rcc.o
                0x0000000008004d98                HAL_RCC_GetSysClockFreq
 .text.HAL_RCC_GetHCLKFreq
                0x0000000008004e5c       0x18 ./Drivers/STM32G4xx_HAL_Driver/Src/stm32g4xx_hal_rcc.o
                0x0000000008004e5c                HAL_RCC_GetHCLKFreq
 .text.HAL_RCC_GetPCLK1Freq
                0x0000000008004e74       0x2c ./Drivers/STM32G4xx_HAL_Driver/Src/stm32g4xx_hal_rcc.o
                0x0000000008004e74                HAL_RCC_GetPCLK1Freq
 .text.HAL_RCC_GetPCLK2Freq
                0x0000000008004ea0       0x2c ./Drivers/STM32G4xx_HAL_Driver/Src/stm32g4xx_hal_rcc.o
                0x0000000008004ea0                HAL_RCC_GetPCLK2Freq
 .text.RCC_GetSysClockFreqFromPLLSource
                0x0000000008004ecc       0x8c ./Drivers/STM32G4xx_HAL_Driver/Src/stm32g4xx_hal_rcc.o
 .text.HAL_RCCEx_PeriphCLKConfig
                0x0000000008004f58      0x49c ./Drivers/STM32G4xx_HAL_Driver/Src/stm32g4xx_hal_rcc_ex.o
                0x0000000008004f58                HAL_RCCEx_PeriphCLKConfig
 .text.HAL_TIM_Base_Init
                0x00000000080053f4       0xae ./Drivers/STM32G4xx_HAL_Driver/Src/stm32g4xx_hal_tim.o
                0x00000000080053f4                HAL_TIM_Base_Init
 *fill*         0x00000000080054a2        0x2 
 .text.HAL_TIM_Base_Start
                0x00000000080054a4       0xe0 ./Drivers/STM32G4xx_HAL_Driver/Src/stm32g4xx_hal_tim.o
                0x00000000080054a4                HAL_TIM_Base_Start
 .text.HAL_TIM_Base_Start_IT
                0x0000000008005584       0xf0 ./Drivers/STM32G4xx_HAL_Driver/Src/stm32g4xx_hal_tim.o
                0x0000000008005584                HAL_TIM_Base_Start_IT
 .text.HAL_TIM_PWM_Init
                0x0000000008005674       0xae ./Drivers/STM32G4xx_HAL_Driver/Src/stm32g4xx_hal_tim.o
                0x0000000008005674                HAL_TIM_PWM_Init
 .text.HAL_TIM_PWM_MspInit
                0x0000000008005722       0x14 ./Drivers/STM32G4xx_HAL_Driver/Src/stm32g4xx_hal_tim.o
                0x0000000008005722                HAL_TIM_PWM_MspInit
 .text.HAL_TIM_Encoder_Init
                0x0000000008005736      0x14c ./Drivers/STM32G4xx_HAL_Driver/Src/stm32g4xx_hal_tim.o
                0x0000000008005736                HAL_TIM_Encoder_Init
 .text.HAL_TIM_Encoder_Start
                0x0000000008005882      0x11c ./Drivers/STM32G4xx_HAL_Driver/Src/stm32g4xx_hal_tim.o
                0x0000000008005882                HAL_TIM_Encoder_Start
 *fill*         0x000000000800599e        0x2 
 .text.HAL_TIM_PWM_ConfigChannel
                0x00000000080059a0      0x228 ./Drivers/STM32G4xx_HAL_Driver/Src/stm32g4xx_hal_tim.o
                0x00000000080059a0                HAL_TIM_PWM_ConfigChannel
 .text.HAL_TIM_ConfigClockSource
                0x0000000008005bc8      0x22c ./Drivers/STM32G4xx_HAL_Driver/Src/stm32g4xx_hal_tim.o
                0x0000000008005bc8                HAL_TIM_ConfigClockSource
 .text.TIM_Base_SetConfig
                0x0000000008005df4      0x168 ./Drivers/STM32G4xx_HAL_Driver/Src/stm32g4xx_hal_tim.o
                0x0000000008005df4                TIM_Base_SetConfig
 .text.TIM_OC1_SetConfig
                0x0000000008005f5c      0x134 ./Drivers/STM32G4xx_HAL_Driver/Src/stm32g4xx_hal_tim.o
 .text.TIM_OC2_SetConfig
                0x0000000008006090      0x128 ./Drivers/STM32G4xx_HAL_Driver/Src/stm32g4xx_hal_tim.o
                0x0000000008006090                TIM_OC2_SetConfig
 .text.TIM_OC3_SetConfig
                0x00000000080061b8      0x124 ./Drivers/STM32G4xx_HAL_Driver/Src/stm32g4xx_hal_tim.o
 .text.TIM_OC4_SetConfig
                0x00000000080062dc      0x128 ./Drivers/STM32G4xx_HAL_Driver/Src/stm32g4xx_hal_tim.o
 .text.TIM_OC5_SetConfig
                0x0000000008006404       0xd4 ./Drivers/STM32G4xx_HAL_Driver/Src/stm32g4xx_hal_tim.o
 .text.TIM_OC6_SetConfig
                0x00000000080064d8       0xd8 ./Drivers/STM32G4xx_HAL_Driver/Src/stm32g4xx_hal_tim.o
 .text.TIM_TI1_ConfigInputStage
                0x00000000080065b0       0x5e ./Drivers/STM32G4xx_HAL_Driver/Src/stm32g4xx_hal_tim.o
 .text.TIM_TI2_ConfigInputStage
                0x000000000800660e       0x60 ./Drivers/STM32G4xx_HAL_Driver/Src/stm32g4xx_hal_tim.o
 .text.TIM_ITRx_SetConfig
                0x000000000800666e       0x3a ./Drivers/STM32G4xx_HAL_Driver/Src/stm32g4xx_hal_tim.o
 .text.TIM_ETR_SetConfig
                0x00000000080066a8       0x40 ./Drivers/STM32G4xx_HAL_Driver/Src/stm32g4xx_hal_tim.o
                0x00000000080066a8                TIM_ETR_SetConfig
 .text.TIM_CCxChannelCmd
                0x00000000080066e8       0x4a ./Drivers/STM32G4xx_HAL_Driver/Src/stm32g4xx_hal_tim.o
                0x00000000080066e8                TIM_CCxChannelCmd
 *fill*         0x0000000008006732        0x2 
 .text.HAL_TIMEx_MasterConfigSynchronization
                0x0000000008006734      0x12c ./Drivers/STM32G4xx_HAL_Driver/Src/stm32g4xx_hal_tim_ex.o
                0x0000000008006734                HAL_TIMEx_MasterConfigSynchronization
 .text.HAL_UART_Init
                0x0000000008006860       0xa0 ./Drivers/STM32G4xx_HAL_Driver/Src/stm32g4xx_hal_uart.o
                0x0000000008006860                HAL_UART_Init
 .text.HAL_UART_Transmit
                0x0000000008006900      0x11c ./Drivers/STM32G4xx_HAL_Driver/Src/stm32g4xx_hal_uart.o
                0x0000000008006900                HAL_UART_Transmit
 .text.HAL_UART_Receive
                0x0000000008006a1c      0x190 ./Drivers/STM32G4xx_HAL_Driver/Src/stm32g4xx_hal_uart.o
                0x0000000008006a1c                HAL_UART_Receive
 .text.UART_SetConfig
                0x0000000008006bac      0x5f8 ./Drivers/STM32G4xx_HAL_Driver/Src/stm32g4xx_hal_uart.o
                0x0000000008006bac                UART_SetConfig
 .text.UART_AdvFeatureConfig
                0x00000000080071a4      0x144 ./Drivers/STM32G4xx_HAL_Driver/Src/stm32g4xx_hal_uart.o
                0x00000000080071a4                UART_AdvFeatureConfig
 .text.UART_CheckIdleState
                0x00000000080072e8      0x154 ./Drivers/STM32G4xx_HAL_Driver/Src/stm32g4xx_hal_uart.o
                0x00000000080072e8                UART_CheckIdleState
 .text.UART_WaitOnFlagUntilTimeout
                0x000000000800743c       0xda ./Drivers/STM32G4xx_HAL_Driver/Src/stm32g4xx_hal_uart.o
                0x000000000800743c                UART_WaitOnFlagUntilTimeout
 .text.UART_EndRxTransfer
                0x0000000008007516       0xcc ./Drivers/STM32G4xx_HAL_Driver/Src/stm32g4xx_hal_uart.o
 .text.HAL_UARTEx_DisableFifoMode
                0x00000000080075e2       0x72 ./Drivers/STM32G4xx_HAL_Driver/Src/stm32g4xx_hal_uart_ex.o
                0x00000000080075e2                HAL_UARTEx_DisableFifoMode
 .text.HAL_UARTEx_SetTxFifoThreshold
                0x0000000008007654       0x7c ./Drivers/STM32G4xx_HAL_Driver/Src/stm32g4xx_hal_uart_ex.o
                0x0000000008007654                HAL_UARTEx_SetTxFifoThreshold
 .text.HAL_UARTEx_SetRxFifoThreshold
                0x00000000080076d0       0x7c ./Drivers/STM32G4xx_HAL_Driver/Src/stm32g4xx_hal_uart_ex.o
                0x00000000080076d0                HAL_UARTEx_SetRxFifoThreshold
 .text.UARTEx_SetNbDataToProcess
                0x000000000800774c       0x9c ./Drivers/STM32G4xx_HAL_Driver/Src/stm32g4xx_hal_uart_ex.o
 .text.arm_pid_init_f32
                0x00000000080077e8       0x6c ./Middlewares/Third_Party/ARM_CMSIS/Source/ControllerFunctions/ControllerFunctions.o
                0x00000000080077e8                arm_pid_init_f32
 .text.memset   0x0000000008007854       0x10 C:/ST/STM32CubeIDE_1.14.1/STM32CubeIDE/plugins/com.st.stm32cube.ide.mcu.externaltools.gnu-tools-for-stm32.11.3.rel1.win32_1.1.100.202309141235/tools/bin/../lib/gcc/arm-none-eabi/11.3.1/../../../../arm-none-eabi/lib/thumb/v7e-m+fp/hard\libc_nano.a(libc_a-memset.o)
                0x0000000008007854                memset
 .text.__libc_init_array
                0x0000000008007864       0x48 C:/ST/STM32CubeIDE_1.14.1/STM32CubeIDE/plugins/com.st.stm32cube.ide.mcu.externaltools.gnu-tools-for-stm32.11.3.rel1.win32_1.1.100.202309141235/tools/bin/../lib/gcc/arm-none-eabi/11.3.1/../../../../arm-none-eabi/lib/thumb/v7e-m+fp/hard\libc_nano.a(libc_a-init.o)
                0x0000000008007864                __libc_init_array
 *(.glue_7)
 .glue_7        0x00000000080078ac        0x0 linker stubs
 *(.glue_7t)
 .glue_7t       0x00000000080078ac        0x0 linker stubs
 *(.eh_frame)
 .eh_frame      0x00000000080078ac        0x0 C:/ST/STM32CubeIDE_1.14.1/STM32CubeIDE/plugins/com.st.stm32cube.ide.mcu.externaltools.gnu-tools-for-stm32.11.3.rel1.win32_1.1.100.202309141235/tools/bin/../lib/gcc/arm-none-eabi/11.3.1/thumb/v7e-m+fp/hard/crtbegin.o
 *(.init)
 .init          0x00000000080078ac        0x4 C:/ST/STM32CubeIDE_1.14.1/STM32CubeIDE/plugins/com.st.stm32cube.ide.mcu.externaltools.gnu-tools-for-stm32.11.3.rel1.win32_1.1.100.202309141235/tools/bin/../lib/gcc/arm-none-eabi/11.3.1/thumb/v7e-m+fp/hard/crti.o
                0x00000000080078ac                _init
 .init          0x00000000080078b0        0x8 C:/ST/STM32CubeIDE_1.14.1/STM32CubeIDE/plugins/com.st.stm32cube.ide.mcu.externaltools.gnu-tools-for-stm32.11.3.rel1.win32_1.1.100.202309141235/tools/bin/../lib/gcc/arm-none-eabi/11.3.1/thumb/v7e-m+fp/hard/crtn.o
 *(.fini)
 .fini          0x00000000080078b8        0x4 C:/ST/STM32CubeIDE_1.14.1/STM32CubeIDE/plugins/com.st.stm32cube.ide.mcu.externaltools.gnu-tools-for-stm32.11.3.rel1.win32_1.1.100.202309141235/tools/bin/../lib/gcc/arm-none-eabi/11.3.1/thumb/v7e-m+fp/hard/crti.o
                0x00000000080078b8                _fini
 .fini          0x00000000080078bc        0x8 C:/ST/STM32CubeIDE_1.14.1/STM32CubeIDE/plugins/com.st.stm32cube.ide.mcu.externaltools.gnu-tools-for-stm32.11.3.rel1.win32_1.1.100.202309141235/tools/bin/../lib/gcc/arm-none-eabi/11.3.1/thumb/v7e-m+fp/hard/crtn.o
                0x00000000080078c4                . = ALIGN (0x4)
                0x00000000080078c4                _etext = .

.vfp11_veneer   0x00000000080078c4        0x0
 .vfp11_veneer  0x00000000080078c4        0x0 linker stubs

.v4_bx          0x00000000080078c4        0x0
 .v4_bx         0x00000000080078c4        0x0 linker stubs

.iplt           0x00000000080078c4        0x0
 .iplt          0x00000000080078c4        0x0 C:/ST/STM32CubeIDE_1.14.1/STM32CubeIDE/plugins/com.st.stm32cube.ide.mcu.externaltools.gnu-tools-for-stm32.11.3.rel1.win32_1.1.100.202309141235/tools/bin/../lib/gcc/arm-none-eabi/11.3.1/thumb/v7e-m+fp/hard/crtbegin.o

.rodata         0x00000000080078c4       0x40
                0x00000000080078c4                . = ALIGN (0x4)
 *(.rodata)
 *(.rodata*)
 .rodata.AHBPrescTable
                0x00000000080078c4       0x10 ./Core/Src/system_stm32g4xx.o
                0x00000000080078c4                AHBPrescTable
 .rodata.APBPrescTable
                0x00000000080078d4        0x8 ./Core/Src/system_stm32g4xx.o
                0x00000000080078d4                APBPrescTable
 .rodata.UARTPrescTable
                0x00000000080078dc       0x18 ./Drivers/STM32G4xx_HAL_Driver/Src/stm32g4xx_hal_uart.o
                0x00000000080078dc                UARTPrescTable
 .rodata.numerator.1
                0x00000000080078f4        0x8 ./Drivers/STM32G4xx_HAL_Driver/Src/stm32g4xx_hal_uart_ex.o
 .rodata.denominator.0
                0x00000000080078fc        0x8 ./Drivers/STM32G4xx_HAL_Driver/Src/stm32g4xx_hal_uart_ex.o
                0x0000000008007904                . = ALIGN (0x4)

.ARM.extab      0x0000000008007904        0x0
                0x0000000008007904                . = ALIGN (0x4)
 *(.ARM.extab* .gnu.linkonce.armextab.*)
                0x0000000008007904                . = ALIGN (0x4)

.ARM            0x0000000008007904        0x8
                0x0000000008007904                . = ALIGN (0x4)
                0x0000000008007904                __exidx_start = .
 *(.ARM.exidx*)
 .ARM.exidx     0x0000000008007904        0x8 C:/ST/STM32CubeIDE_1.14.1/STM32CubeIDE/plugins/com.st.stm32cube.ide.mcu.externaltools.gnu-tools-for-stm32.11.3.rel1.win32_1.1.100.202309141235/tools/bin/../lib/gcc/arm-none-eabi/11.3.1/thumb/v7e-m+fp/hard\libgcc.a(_udivmoddi4.o)
                0x000000000800790c                __exidx_end = .
                0x000000000800790c                . = ALIGN (0x4)

.rel.dyn        0x000000000800790c        0x0
 .rel.iplt      0x000000000800790c        0x0 C:/ST/STM32CubeIDE_1.14.1/STM32CubeIDE/plugins/com.st.stm32cube.ide.mcu.externaltools.gnu-tools-for-stm32.11.3.rel1.win32_1.1.100.202309141235/tools/bin/../lib/gcc/arm-none-eabi/11.3.1/thumb/v7e-m+fp/hard/crtbegin.o

.preinit_array  0x000000000800790c        0x0
                0x000000000800790c                . = ALIGN (0x4)
                0x000000000800790c                PROVIDE (__preinit_array_start = .)
 *(.preinit_array*)
                0x000000000800790c                PROVIDE (__preinit_array_end = .)
                0x000000000800790c                . = ALIGN (0x4)

.init_array     0x000000000800790c        0x4
                0x000000000800790c                . = ALIGN (0x4)
                0x000000000800790c                PROVIDE (__init_array_start = .)
 *(SORT_BY_NAME(.init_array.*))
 *(.init_array*)
 .init_array    0x000000000800790c        0x4 C:/ST/STM32CubeIDE_1.14.1/STM32CubeIDE/plugins/com.st.stm32cube.ide.mcu.externaltools.gnu-tools-for-stm32.11.3.rel1.win32_1.1.100.202309141235/tools/bin/../lib/gcc/arm-none-eabi/11.3.1/thumb/v7e-m+fp/hard/crtbegin.o
                0x0000000008007910                PROVIDE (__init_array_end = .)
                0x0000000008007910                . = ALIGN (0x4)

.fini_array     0x0000000008007910        0x4
                0x0000000008007910                . = ALIGN (0x4)
                [!provide]                        PROVIDE (__fini_array_start = .)
 *(SORT_BY_NAME(.fini_array.*))
 *(.fini_array*)
 .fini_array    0x0000000008007910        0x4 C:/ST/STM32CubeIDE_1.14.1/STM32CubeIDE/plugins/com.st.stm32cube.ide.mcu.externaltools.gnu-tools-for-stm32.11.3.rel1.win32_1.1.100.202309141235/tools/bin/../lib/gcc/arm-none-eabi/11.3.1/thumb/v7e-m+fp/hard/crtbegin.o
                [!provide]                        PROVIDE (__fini_array_end = .)
                0x0000000008007914                . = ALIGN (0x4)
                0x0000000008007914                _sidata = LOADADDR (.data)

.data           0x0000000020000000       0x44 load address 0x0000000008007914
                0x0000000020000000                . = ALIGN (0x4)
                0x0000000020000000                _sdata = .
 *(.data)
 *(.data*)
 .data.x        0x0000000020000000        0x1 ./Core/Src/main.o
                0x0000000020000000                x
 *fill*         0x0000000020000001        0x3 
 .data.num      0x0000000020000004       0x28 ./Core/Src/main.o
                0x0000000020000004                num
 .data.data_packet
                0x000000002000002c        0x4 ./Core/Src/main.o
                0x000000002000002c                data_packet
 .data.j        0x0000000020000030        0x4 ./Core/Src/main.o
                0x0000000020000030                j
 .data.pwm      0x0000000020000034        0x4 ./Core/Src/main.o
                0x0000000020000034                pwm
 .data.SystemCoreClock
                0x0000000020000038        0x4 ./Core/Src/system_stm32g4xx.o
                0x0000000020000038                SystemCoreClock
 .data.uwTickPrio
                0x000000002000003c        0x4 ./Drivers/STM32G4xx_HAL_Driver/Src/stm32g4xx_hal.o
                0x000000002000003c                uwTickPrio
 .data.uwTickFreq
                0x0000000020000040        0x4 ./Drivers/STM32G4xx_HAL_Driver/Src/stm32g4xx_hal.o
                0x0000000020000040                uwTickFreq
 *(.RamFunc)
 *(.RamFunc*)
                0x0000000020000044                . = ALIGN (0x4)
                0x0000000020000044                _edata = .

.igot.plt       0x0000000020000044        0x0 load address 0x0000000008007958
 .igot.plt      0x0000000020000044        0x0 C:/ST/STM32CubeIDE_1.14.1/STM32CubeIDE/plugins/com.st.stm32cube.ide.mcu.externaltools.gnu-tools-for-stm32.11.3.rel1.win32_1.1.100.202309141235/tools/bin/../lib/gcc/arm-none-eabi/11.3.1/thumb/v7e-m+fp/hard/crtbegin.o
                0x0000000020000044                . = ALIGN (0x4)

.bss            0x0000000020000048    0x10d84 load address 0x0000000008007958
                0x0000000020000048                _sbss = .
                0x0000000020000048                __bss_start__ = _sbss
 *(.bss)
 .bss           0x0000000020000048       0x1c C:/ST/STM32CubeIDE_1.14.1/STM32CubeIDE/plugins/com.st.stm32cube.ide.mcu.externaltools.gnu-tools-for-stm32.11.3.rel1.win32_1.1.100.202309141235/tools/bin/../lib/gcc/arm-none-eabi/11.3.1/thumb/v7e-m+fp/hard/crtbegin.o
 *(.bss*)
 .bss.hadc1     0x0000000020000064       0x6c ./Core/Src/main.o
                0x0000000020000064                hadc1
 .bss.hdma_adc1
                0x00000000200000d0       0x60 ./Core/Src/main.o
                0x00000000200000d0                hdma_adc1
 .bss.hlpuart1  0x0000000020000130       0x94 ./Core/Src/main.o
                0x0000000020000130                hlpuart1
 .bss.huart4    0x00000000200001c4       0x94 ./Core/Src/main.o
                0x00000000200001c4                huart4
 .bss.htim2     0x0000000020000258       0x4c ./Core/Src/main.o
                0x0000000020000258                htim2
 .bss.htim3     0x00000000200002a4       0x4c ./Core/Src/main.o
                0x00000000200002a4                htim3
 .bss.htim5     0x00000000200002f0       0x4c ./Core/Src/main.o
                0x00000000200002f0                htim5
 .bss.mode      0x000000002000033c        0x4 ./Core/Src/main.o
                0x000000002000033c                mode
 .bss.stop      0x0000000020000340        0x4 ./Core/Src/main.o
                0x0000000020000340                stop
 .bss.motor     0x0000000020000344        0x4 ./Core/Src/main.o
                0x0000000020000344                motor
 .bss.ps2rx     0x0000000020000348        0xa ./Core/Src/main.o
                0x0000000020000348                ps2rx
 *fill*         0x0000000020000352        0x2 
 .bss.f         0x0000000020000354        0xa ./Core/Src/main.o
                0x0000000020000354                f
 *fill*         0x000000002000035e        0x2 
 .bss.on        0x0000000020000360        0x4 ./Core/Src/main.o
                0x0000000020000360                on
 .bss.v         0x0000000020000364        0xc ./Core/Src/main.o
                0x0000000020000364                v
 .bss.fuck      0x0000000020000370        0x4 ./Core/Src/main.o
                0x0000000020000370                fuck
 .bss.ps2vpos   0x0000000020000374        0x4 ./Core/Src/main.o
                0x0000000020000374                ps2vpos
 .bss.ps2v      0x0000000020000378        0x4 ./Core/Src/main.o
                0x0000000020000378                ps2v
 .bss.ps2hpos   0x000000002000037c        0x4 ./Core/Src/main.o
                0x000000002000037c                ps2hpos
 .bss.ps2h      0x0000000020000380        0x4 ./Core/Src/main.o
                0x0000000020000380                ps2h
 .bss.y         0x0000000020000384        0x4 ./Core/Src/main.o
                0x0000000020000384                y
 .bss.pwm1      0x0000000020000388        0x4 ./Core/Src/main.o
                0x0000000020000388                pwm1
 .bss.r         0x000000002000038c       0x18 ./Core/Src/main.o
                0x000000002000038c                r
 .bss.l         0x00000000200003a4       0x18 ./Core/Src/main.o
                0x00000000200003a4                l
 .bss.velo      0x00000000200003bc    0x109a0 ./Core/Src/main.o
                0x00000000200003bc                velo
 .bss.start     0x0000000020010d5c        0x4 ./Core/Src/main.o
                0x0000000020010d5c                start
 .bss.i         0x0000000020010d60        0x4 ./Core/Src/main.o
                0x0000000020010d60                i
 .bss.QEIReadRaw
                0x0000000020010d64        0x4 ./Core/Src/main.o
                0x0000000020010d64                QEIReadRaw
 .bss.PID       0x0000000020010d68       0x24 ./Core/Src/main.o
                0x0000000020010d68                PID
 *fill*         0x0000000020010d8c        0x4 
 .bss.QEIdata   0x0000000020010d90       0x20 ./Core/Src/main.o
                0x0000000020010d90                QEIdata
 .bss._micros   0x0000000020010db0        0x8 ./Core/Src/main.o
                0x0000000020010db0                _micros
 .bss.timestamps.4
                0x0000000020010db8        0x8 ./Core/Src/main.o
 .bss.timestamp.3
                0x0000000020010dc0        0x4 ./Core/Src/main.o
 .bss.timestamp.2
                0x0000000020010dc4        0x4 ./Core/Src/main.o
 .bss.uwTick    0x0000000020010dc8        0x4 ./Drivers/STM32G4xx_HAL_Driver/Src/stm32g4xx_hal.o
                0x0000000020010dc8                uwTick
 *(COMMON)
                0x0000000020010dcc                . = ALIGN (0x4)
                0x0000000020010dcc                _ebss = .
                0x0000000020010dcc                __bss_end__ = _ebss

._user_heap_stack
                0x0000000020010dcc      0x604 load address 0x0000000008007958
                0x0000000020010dd0                . = ALIGN (0x8)
 *fill*         0x0000000020010dcc        0x4 
                [!provide]                        PROVIDE (end = .)
                0x0000000020010dd0                PROVIDE (_end = .)
                0x0000000020010fd0                . = (. + _Min_Heap_Size)
 *fill*         0x0000000020010dd0      0x200 
                0x00000000200113d0                . = (. + _Min_Stack_Size)
 *fill*         0x0000000020010fd0      0x400 
                0x00000000200113d0                . = ALIGN (0x8)

/DISCARD/
 libc.a(*)
 libm.a(*)
 libgcc.a(*)

.ARM.attributes
                0x0000000000000000       0x30
 *(.ARM.attributes)
 .ARM.attributes
                0x0000000000000000       0x1e C:/ST/STM32CubeIDE_1.14.1/STM32CubeIDE/plugins/com.st.stm32cube.ide.mcu.externaltools.gnu-tools-for-stm32.11.3.rel1.win32_1.1.100.202309141235/tools/bin/../lib/gcc/arm-none-eabi/11.3.1/thumb/v7e-m+fp/hard/crti.o
 .ARM.attributes
                0x000000000000001e       0x34 C:/ST/STM32CubeIDE_1.14.1/STM32CubeIDE/plugins/com.st.stm32cube.ide.mcu.externaltools.gnu-tools-for-stm32.11.3.rel1.win32_1.1.100.202309141235/tools/bin/../lib/gcc/arm-none-eabi/11.3.1/thumb/v7e-m+fp/hard/crtbegin.o
 .ARM.attributes
                0x0000000000000052       0x34 ./Core/Src/main.o
 .ARM.attributes
                0x0000000000000086       0x34 ./Core/Src/stm32g4xx_hal_msp.o
 .ARM.attributes
                0x00000000000000ba       0x34 ./Core/Src/stm32g4xx_it.o
 .ARM.attributes
                0x00000000000000ee       0x34 ./Core/Src/system_stm32g4xx.o
 .ARM.attributes
                0x0000000000000122       0x21 ./Core/Startup/startup_stm32g474retx.o
 .ARM.attributes
                0x0000000000000143       0x34 ./Drivers/STM32G4xx_HAL_Driver/Src/stm32g4xx_hal.o
 .ARM.attributes
                0x0000000000000177       0x34 ./Drivers/STM32G4xx_HAL_Driver/Src/stm32g4xx_hal_adc.o
 .ARM.attributes
                0x00000000000001ab       0x34 ./Drivers/STM32G4xx_HAL_Driver/Src/stm32g4xx_hal_adc_ex.o
 .ARM.attributes
                0x00000000000001df       0x34 ./Drivers/STM32G4xx_HAL_Driver/Src/stm32g4xx_hal_cortex.o
 .ARM.attributes
                0x0000000000000213       0x34 ./Drivers/STM32G4xx_HAL_Driver/Src/stm32g4xx_hal_dma.o
 .ARM.attributes
                0x0000000000000247       0x34 ./Drivers/STM32G4xx_HAL_Driver/Src/stm32g4xx_hal_gpio.o
 .ARM.attributes
                0x000000000000027b       0x34 ./Drivers/STM32G4xx_HAL_Driver/Src/stm32g4xx_hal_pwr_ex.o
 .ARM.attributes
                0x00000000000002af       0x34 ./Drivers/STM32G4xx_HAL_Driver/Src/stm32g4xx_hal_rcc.o
 .ARM.attributes
                0x00000000000002e3       0x34 ./Drivers/STM32G4xx_HAL_Driver/Src/stm32g4xx_hal_rcc_ex.o
 .ARM.attributes
                0x0000000000000317       0x34 ./Drivers/STM32G4xx_HAL_Driver/Src/stm32g4xx_hal_tim.o
 .ARM.attributes
                0x000000000000034b       0x34 ./Drivers/STM32G4xx_HAL_Driver/Src/stm32g4xx_hal_tim_ex.o
 .ARM.attributes
                0x000000000000037f       0x34 ./Drivers/STM32G4xx_HAL_Driver/Src/stm32g4xx_hal_uart.o
 .ARM.attributes
                0x00000000000003b3       0x34 ./Drivers/STM32G4xx_HAL_Driver/Src/stm32g4xx_hal_uart_ex.o
 .ARM.attributes
                0x00000000000003e7       0x34 ./Middlewares/Third_Party/ARM_CMSIS/Source/ControllerFunctions/ControllerFunctions.o
 .ARM.attributes
                0x000000000000041b       0x34 C:/ST/STM32CubeIDE_1.14.1/STM32CubeIDE/plugins/com.st.stm32cube.ide.mcu.externaltools.gnu-tools-for-stm32.11.3.rel1.win32_1.1.100.202309141235/tools/bin/../lib/gcc/arm-none-eabi/11.3.1/../../../../arm-none-eabi/lib/thumb/v7e-m+fp/hard\libc_nano.a(libc_a-memset.o)
 .ARM.attributes
                0x000000000000044f       0x34 C:/ST/STM32CubeIDE_1.14.1/STM32CubeIDE/plugins/com.st.stm32cube.ide.mcu.externaltools.gnu-tools-for-stm32.11.3.rel1.win32_1.1.100.202309141235/tools/bin/../lib/gcc/arm-none-eabi/11.3.1/../../../../arm-none-eabi/lib/thumb/v7e-m+fp/hard\libc_nano.a(libc_a-init.o)
 .ARM.attributes
                0x0000000000000483       0x1e C:/ST/STM32CubeIDE_1.14.1/STM32CubeIDE/plugins/com.st.stm32cube.ide.mcu.externaltools.gnu-tools-for-stm32.11.3.rel1.win32_1.1.100.202309141235/tools/bin/../lib/gcc/arm-none-eabi/11.3.1/thumb/v7e-m+fp/hard\libgcc.a(_arm_addsubdf3.o)
 .ARM.attributes
                0x00000000000004a1       0x1e C:/ST/STM32CubeIDE_1.14.1/STM32CubeIDE/plugins/com.st.stm32cube.ide.mcu.externaltools.gnu-tools-for-stm32.11.3.rel1.win32_1.1.100.202309141235/tools/bin/../lib/gcc/arm-none-eabi/11.3.1/thumb/v7e-m+fp/hard\libgcc.a(_arm_muldivdf3.o)
 .ARM.attributes
                0x00000000000004bf       0x1e C:/ST/STM32CubeIDE_1.14.1/STM32CubeIDE/plugins/com.st.stm32cube.ide.mcu.externaltools.gnu-tools-for-stm32.11.3.rel1.win32_1.1.100.202309141235/tools/bin/../lib/gcc/arm-none-eabi/11.3.1/thumb/v7e-m+fp/hard\libgcc.a(_arm_fixdfsi.o)
 .ARM.attributes
                0x00000000000004dd       0x1e C:/ST/STM32CubeIDE_1.14.1/STM32CubeIDE/plugins/com.st.stm32cube.ide.mcu.externaltools.gnu-tools-for-stm32.11.3.rel1.win32_1.1.100.202309141235/tools/bin/../lib/gcc/arm-none-eabi/11.3.1/thumb/v7e-m+fp/hard\libgcc.a(_arm_fixunsdfsi.o)
 .ARM.attributes
                0x00000000000004fb       0x1e C:/ST/STM32CubeIDE_1.14.1/STM32CubeIDE/plugins/com.st.stm32cube.ide.mcu.externaltools.gnu-tools-for-stm32.11.3.rel1.win32_1.1.100.202309141235/tools/bin/../lib/gcc/arm-none-eabi/11.3.1/thumb/v7e-m+fp/hard\libgcc.a(_arm_truncdfsf2.o)
 .ARM.attributes
                0x0000000000000519       0x1e C:/ST/STM32CubeIDE_1.14.1/STM32CubeIDE/plugins/com.st.stm32cube.ide.mcu.externaltools.gnu-tools-for-stm32.11.3.rel1.win32_1.1.100.202309141235/tools/bin/../lib/gcc/arm-none-eabi/11.3.1/thumb/v7e-m+fp/hard\libgcc.a(_aeabi_uldivmod.o)
 .ARM.attributes
                0x0000000000000537       0x34 C:/ST/STM32CubeIDE_1.14.1/STM32CubeIDE/plugins/com.st.stm32cube.ide.mcu.externaltools.gnu-tools-for-stm32.11.3.rel1.win32_1.1.100.202309141235/tools/bin/../lib/gcc/arm-none-eabi/11.3.1/thumb/v7e-m+fp/hard\libgcc.a(_udivmoddi4.o)
 .ARM.attributes
                0x000000000000056b       0x1e C:/ST/STM32CubeIDE_1.14.1/STM32CubeIDE/plugins/com.st.stm32cube.ide.mcu.externaltools.gnu-tools-for-stm32.11.3.rel1.win32_1.1.100.202309141235/tools/bin/../lib/gcc/arm-none-eabi/11.3.1/thumb/v7e-m+fp/hard\libgcc.a(_dvmd_tls.o)
 .ARM.attributes
                0x0000000000000589       0x1e C:/ST/STM32CubeIDE_1.14.1/STM32CubeIDE/plugins/com.st.stm32cube.ide.mcu.externaltools.gnu-tools-for-stm32.11.3.rel1.win32_1.1.100.202309141235/tools/bin/../lib/gcc/arm-none-eabi/11.3.1/thumb/v7e-m+fp/hard/crtn.o
OUTPUT(FUFU.elf elf32-littlearm)
LOAD linker stubs
LOAD C:/ST/STM32CubeIDE_1.14.1/STM32CubeIDE/plugins/com.st.stm32cube.ide.mcu.externaltools.gnu-tools-for-stm32.11.3.rel1.win32_1.1.100.202309141235/tools/bin/../lib/gcc/arm-none-eabi/11.3.1/../../../../arm-none-eabi/lib/thumb/v7e-m+fp/hard\libc.a
LOAD C:/ST/STM32CubeIDE_1.14.1/STM32CubeIDE/plugins/com.st.stm32cube.ide.mcu.externaltools.gnu-tools-for-stm32.11.3.rel1.win32_1.1.100.202309141235/tools/bin/../lib/gcc/arm-none-eabi/11.3.1/../../../../arm-none-eabi/lib/thumb/v7e-m+fp/hard\libm.a
LOAD C:/ST/STM32CubeIDE_1.14.1/STM32CubeIDE/plugins/com.st.stm32cube.ide.mcu.externaltools.gnu-tools-for-stm32.11.3.rel1.win32_1.1.100.202309141235/tools/bin/../lib/gcc/arm-none-eabi/11.3.1/thumb/v7e-m+fp/hard\libgcc.a

.comment        0x0000000000000000       0x43
 .comment       0x0000000000000000       0x43 C:/ST/STM32CubeIDE_1.14.1/STM32CubeIDE/plugins/com.st.stm32cube.ide.mcu.externaltools.gnu-tools-for-stm32.11.3.rel1.win32_1.1.100.202309141235/tools/bin/../lib/gcc/arm-none-eabi/11.3.1/thumb/v7e-m+fp/hard/crtbegin.o
                                         0x44 (size before relaxing)
 .comment       0x0000000000000043       0x44 ./Core/Src/main.o
 .comment       0x0000000000000043       0x44 ./Core/Src/stm32g4xx_hal_msp.o
 .comment       0x0000000000000043       0x44 ./Core/Src/stm32g4xx_it.o
 .comment       0x0000000000000043       0x44 ./Core/Src/system_stm32g4xx.o
 .comment       0x0000000000000043       0x44 ./Drivers/STM32G4xx_HAL_Driver/Src/stm32g4xx_hal.o
 .comment       0x0000000000000043       0x44 ./Drivers/STM32G4xx_HAL_Driver/Src/stm32g4xx_hal_adc.o
 .comment       0x0000000000000043       0x44 ./Drivers/STM32G4xx_HAL_Driver/Src/stm32g4xx_hal_adc_ex.o
 .comment       0x0000000000000043       0x44 ./Drivers/STM32G4xx_HAL_Driver/Src/stm32g4xx_hal_cortex.o
 .comment       0x0000000000000043       0x44 ./Drivers/STM32G4xx_HAL_Driver/Src/stm32g4xx_hal_dma.o
 .comment       0x0000000000000043       0x44 ./Drivers/STM32G4xx_HAL_Driver/Src/stm32g4xx_hal_gpio.o
 .comment       0x0000000000000043       0x44 ./Drivers/STM32G4xx_HAL_Driver/Src/stm32g4xx_hal_pwr_ex.o
 .comment       0x0000000000000043       0x44 ./Drivers/STM32G4xx_HAL_Driver/Src/stm32g4xx_hal_rcc.o
 .comment       0x0000000000000043       0x44 ./Drivers/STM32G4xx_HAL_Driver/Src/stm32g4xx_hal_rcc_ex.o
 .comment       0x0000000000000043       0x44 ./Drivers/STM32G4xx_HAL_Driver/Src/stm32g4xx_hal_tim.o
 .comment       0x0000000000000043       0x44 ./Drivers/STM32G4xx_HAL_Driver/Src/stm32g4xx_hal_tim_ex.o
 .comment       0x0000000000000043       0x44 ./Drivers/STM32G4xx_HAL_Driver/Src/stm32g4xx_hal_uart.o
 .comment       0x0000000000000043       0x44 ./Drivers/STM32G4xx_HAL_Driver/Src/stm32g4xx_hal_uart_ex.o
 .comment       0x0000000000000043       0x44 ./Middlewares/Third_Party/ARM_CMSIS/Source/ControllerFunctions/ControllerFunctions.o

.debug_info     0x0000000000000000    0x181fc
 .debug_info    0x0000000000000000     0x25c6 ./Core/Src/main.o
 .debug_info    0x00000000000025c6     0x1b02 ./Core/Src/stm32g4xx_hal_msp.o
 .debug_info    0x00000000000040c8      0x969 ./Core/Src/stm32g4xx_it.o
 .debug_info    0x0000000000004a31      0x58e ./Core/Src/system_stm32g4xx.o
 .debug_info    0x0000000000004fbf       0x23 ./Core/Startup/startup_stm32g474retx.o
 .debug_info    0x0000000000004fe2      0xb95 ./Drivers/STM32G4xx_HAL_Driver/Src/stm32g4xx_hal.o
 .debug_info    0x0000000000005b77     0x2063 ./Drivers/STM32G4xx_HAL_Driver/Src/stm32g4xx_hal_adc.o
 .debug_info    0x0000000000007bda     0x1d80 ./Drivers/STM32G4xx_HAL_Driver/Src/stm32g4xx_hal_adc_ex.o
 .debug_info    0x000000000000995a      0xdad ./Drivers/STM32G4xx_HAL_Driver/Src/stm32g4xx_hal_cortex.o
 .debug_info    0x000000000000a707      0x85f ./Drivers/STM32G4xx_HAL_Driver/Src/stm32g4xx_hal_dma.o
 .debug_info    0x000000000000af66      0x763 ./Drivers/STM32G4xx_HAL_Driver/Src/stm32g4xx_hal_gpio.o
 .debug_info    0x000000000000b6c9      0x93f ./Drivers/STM32G4xx_HAL_Driver/Src/stm32g4xx_hal_pwr_ex.o
 .debug_info    0x000000000000c008      0xbe0 ./Drivers/STM32G4xx_HAL_Driver/Src/stm32g4xx_hal_rcc.o
 .debug_info    0x000000000000cbe8      0xc45 ./Drivers/STM32G4xx_HAL_Driver/Src/stm32g4xx_hal_rcc_ex.o
 .debug_info    0x000000000000d82d     0x2c52 ./Drivers/STM32G4xx_HAL_Driver/Src/stm32g4xx_hal_tim.o
 .debug_info    0x000000000001047f     0x1d95 ./Drivers/STM32G4xx_HAL_Driver/Src/stm32g4xx_hal_tim_ex.o
 .debug_info    0x0000000000012214     0x481e ./Drivers/STM32G4xx_HAL_Driver/Src/stm32g4xx_hal_uart.o
 .debug_info    0x0000000000016a32      0xfdd ./Drivers/STM32G4xx_HAL_Driver/Src/stm32g4xx_hal_uart_ex.o
 .debug_info    0x0000000000017a0f      0x7ed ./Middlewares/Third_Party/ARM_CMSIS/Source/ControllerFunctions/ControllerFunctions.o

.debug_abbrev   0x0000000000000000     0x2cc5
 .debug_abbrev  0x0000000000000000      0x3be ./Core/Src/main.o
 .debug_abbrev  0x00000000000003be      0x2a3 ./Core/Src/stm32g4xx_hal_msp.o
 .debug_abbrev  0x0000000000000661      0x1a7 ./Core/Src/stm32g4xx_it.o
 .debug_abbrev  0x0000000000000808      0x11a ./Core/Src/system_stm32g4xx.o
 .debug_abbrev  0x0000000000000922       0x12 ./Core/Startup/startup_stm32g474retx.o
 .debug_abbrev  0x0000000000000934      0x271 ./Drivers/STM32G4xx_HAL_Driver/Src/stm32g4xx_hal.o
 .debug_abbrev  0x0000000000000ba5      0x2d3 ./Drivers/STM32G4xx_HAL_Driver/Src/stm32g4xx_hal_adc.o
 .debug_abbrev  0x0000000000000e78      0x2ee ./Drivers/STM32G4xx_HAL_Driver/Src/stm32g4xx_hal_adc_ex.o
 .debug_abbrev  0x0000000000001166      0x31c ./Drivers/STM32G4xx_HAL_Driver/Src/stm32g4xx_hal_cortex.o
 .debug_abbrev  0x0000000000001482      0x1e2 ./Drivers/STM32G4xx_HAL_Driver/Src/stm32g4xx_hal_dma.o
 .debug_abbrev  0x0000000000001664      0x1cb ./Drivers/STM32G4xx_HAL_Driver/Src/stm32g4xx_hal_gpio.o
 .debug_abbrev  0x000000000000182f      0x22c ./Drivers/STM32G4xx_HAL_Driver/Src/stm32g4xx_hal_pwr_ex.o
 .debug_abbrev  0x0000000000001a5b      0x2c9 ./Drivers/STM32G4xx_HAL_Driver/Src/stm32g4xx_hal_rcc.o
 .debug_abbrev  0x0000000000001d24      0x258 ./Drivers/STM32G4xx_HAL_Driver/Src/stm32g4xx_hal_rcc_ex.o
 .debug_abbrev  0x0000000000001f7c      0x2a7 ./Drivers/STM32G4xx_HAL_Driver/Src/stm32g4xx_hal_tim.o
 .debug_abbrev  0x0000000000002223      0x2c5 ./Drivers/STM32G4xx_HAL_Driver/Src/stm32g4xx_hal_tim_ex.o
 .debug_abbrev  0x00000000000024e8      0x304 ./Drivers/STM32G4xx_HAL_Driver/Src/stm32g4xx_hal_uart.o
 .debug_abbrev  0x00000000000027ec      0x2d2 ./Drivers/STM32G4xx_HAL_Driver/Src/stm32g4xx_hal_uart_ex.o
 .debug_abbrev  0x0000000000002abe      0x207 ./Middlewares/Third_Party/ARM_CMSIS/Source/ControllerFunctions/ControllerFunctions.o

.debug_aranges  0x0000000000000000     0x1520
 .debug_aranges
                0x0000000000000000       0xa0 ./Core/Src/main.o
 .debug_aranges
                0x00000000000000a0       0x68 ./Core/Src/stm32g4xx_hal_msp.o
 .debug_aranges
                0x0000000000000108       0x88 ./Core/Src/stm32g4xx_it.o
 .debug_aranges
                0x0000000000000190       0x28 ./Core/Src/system_stm32g4xx.o
 .debug_aranges
                0x00000000000001b8       0x28 ./Core/Startup/startup_stm32g474retx.o
 .debug_aranges
                0x00000000000001e0      0x148 ./Drivers/STM32G4xx_HAL_Driver/Src/stm32g4xx_hal.o
 .debug_aranges
                0x0000000000000328      0x248 ./Drivers/STM32G4xx_HAL_Driver/Src/stm32g4xx_hal_adc.o
 .debug_aranges
                0x0000000000000570      0x1c0 ./Drivers/STM32G4xx_HAL_Driver/Src/stm32g4xx_hal_adc_ex.o
 .debug_aranges
                0x0000000000000730      0x118 ./Drivers/STM32G4xx_HAL_Driver/Src/stm32g4xx_hal_cortex.o
 .debug_aranges
                0x0000000000000848       0x90 ./Drivers/STM32G4xx_HAL_Driver/Src/stm32g4xx_hal_dma.o
 .debug_aranges
                0x00000000000008d8       0x58 ./Drivers/STM32G4xx_HAL_Driver/Src/stm32g4xx_hal_gpio.o
 .debug_aranges
                0x0000000000000930      0x140 ./Drivers/STM32G4xx_HAL_Driver/Src/stm32g4xx_hal_pwr_ex.o
 .debug_aranges
                0x0000000000000a70       0x98 ./Drivers/STM32G4xx_HAL_Driver/Src/stm32g4xx_hal_rcc.o
 .debug_aranges
                0x0000000000000b08       0xb0 ./Drivers/STM32G4xx_HAL_Driver/Src/stm32g4xx_hal_rcc_ex.o
 .debug_aranges
                0x0000000000000bb8      0x3e0 ./Drivers/STM32G4xx_HAL_Driver/Src/stm32g4xx_hal_tim.o
 .debug_aranges
                0x0000000000000f98      0x240 ./Drivers/STM32G4xx_HAL_Driver/Src/stm32g4xx_hal_tim_ex.o
 .debug_aranges
                0x00000000000011d8      0x248 ./Drivers/STM32G4xx_HAL_Driver/Src/stm32g4xx_hal_uart.o
 .debug_aranges
                0x0000000000001420       0xa8 ./Drivers/STM32G4xx_HAL_Driver/Src/stm32g4xx_hal_uart_ex.o
 .debug_aranges
                0x00000000000014c8       0x58 ./Middlewares/Third_Party/ARM_CMSIS/Source/ControllerFunctions/ControllerFunctions.o

.debug_rnglists
                0x0000000000000000     0x1082
 .debug_rnglists
                0x0000000000000000       0x7f ./Core/Src/main.o
 .debug_rnglists
                0x000000000000007f       0x4c ./Core/Src/stm32g4xx_hal_msp.o
 .debug_rnglists
                0x00000000000000cb       0x61 ./Core/Src/stm32g4xx_it.o
 .debug_rnglists
                0x000000000000012c       0x1a ./Core/Src/system_stm32g4xx.o
 .debug_rnglists
                0x0000000000000146       0x19 ./Core/Startup/startup_stm32g474retx.o
 .debug_rnglists
                0x000000000000015f       0xf1 ./Drivers/STM32G4xx_HAL_Driver/Src/stm32g4xx_hal.o
 .debug_rnglists
                0x0000000000000250      0x1c0 ./Drivers/STM32G4xx_HAL_Driver/Src/stm32g4xx_hal_adc.o
 .debug_rnglists
                0x0000000000000410      0x15a ./Drivers/STM32G4xx_HAL_Driver/Src/stm32g4xx_hal_adc_ex.o
 .debug_rnglists
                0x000000000000056a       0xce ./Drivers/STM32G4xx_HAL_Driver/Src/stm32g4xx_hal_cortex.o
 .debug_rnglists
                0x0000000000000638       0x71 ./Drivers/STM32G4xx_HAL_Driver/Src/stm32g4xx_hal_dma.o
 .debug_rnglists
                0x00000000000006a9       0x3f ./Drivers/STM32G4xx_HAL_Driver/Src/stm32g4xx_hal_gpio.o
 .debug_rnglists
                0x00000000000006e8       0xf1 ./Drivers/STM32G4xx_HAL_Driver/Src/stm32g4xx_hal_pwr_ex.o
 .debug_rnglists
                0x00000000000007d9       0x74 ./Drivers/STM32G4xx_HAL_Driver/Src/stm32g4xx_hal_rcc.o
 .debug_rnglists
                0x000000000000084d       0x87 ./Drivers/STM32G4xx_HAL_Driver/Src/stm32g4xx_hal_rcc_ex.o
 .debug_rnglists
                0x00000000000008d4      0x328 ./Drivers/STM32G4xx_HAL_Driver/Src/stm32g4xx_hal_tim.o
 .debug_rnglists
                0x0000000000000bfc      0x1cc ./Drivers/STM32G4xx_HAL_Driver/Src/stm32g4xx_hal_tim_ex.o
 .debug_rnglists
                0x0000000000000dc8      0x1fa ./Drivers/STM32G4xx_HAL_Driver/Src/stm32g4xx_hal_uart.o
 .debug_rnglists
                0x0000000000000fc2       0x7f ./Drivers/STM32G4xx_HAL_Driver/Src/stm32g4xx_hal_uart_ex.o
 .debug_rnglists
                0x0000000000001041       0x41 ./Middlewares/Third_Party/ARM_CMSIS/Source/ControllerFunctions/ControllerFunctions.o

.debug_macro    0x0000000000000000    0x28db5
 .debug_macro   0x0000000000000000      0x452 ./Core/Src/main.o
 .debug_macro   0x0000000000000452      0xaa8 ./Core/Src/main.o
 .debug_macro   0x0000000000000efa      0x161 ./Core/Src/main.o
 .debug_macro   0x000000000000105b       0x2e ./Core/Src/main.o
 .debug_macro   0x0000000000001089       0x28 ./Core/Src/main.o
 .debug_macro   0x00000000000010b1       0x22 ./Core/Src/main.o
 .debug_macro   0x00000000000010d3       0x8e ./Core/Src/main.o
 .debug_macro   0x0000000000001161       0x51 ./Core/Src/main.o
 .debug_macro   0x00000000000011b2      0x103 ./Core/Src/main.o
 .debug_macro   0x00000000000012b5       0x6a ./Core/Src/main.o
 .debug_macro   0x000000000000131f      0x1df ./Core/Src/main.o
 .debug_macro   0x00000000000014fe       0x1c ./Core/Src/main.o
 .debug_macro   0x000000000000151a       0x22 ./Core/Src/main.o
 .debug_macro   0x000000000000153c       0xfb ./Core/Src/main.o
 .debug_macro   0x0000000000001637     0x1011 ./Core/Src/main.o
 .debug_macro   0x0000000000002648      0x11f ./Core/Src/main.o
 .debug_macro   0x0000000000002767    0x18b45 ./Core/Src/main.o
 .debug_macro   0x000000000001b2ac       0x6d ./Core/Src/main.o
 .debug_macro   0x000000000001b319     0x354d ./Core/Src/main.o
 .debug_macro   0x000000000001e866      0x174 ./Core/Src/main.o
 .debug_macro   0x000000000001e9da       0x5c ./Core/Src/main.o
 .debug_macro   0x000000000001ea36     0x171f ./Core/Src/main.o
 .debug_macro   0x0000000000020155      0x600 ./Core/Src/main.o
 .debug_macro   0x0000000000020755      0x1b6 ./Core/Src/main.o
 .debug_macro   0x000000000002090b      0x34a ./Core/Src/main.o
 .debug_macro   0x0000000000020c55      0x53c ./Core/Src/main.o
 .debug_macro   0x0000000000021191      0x18b ./Core/Src/main.o
 .debug_macro   0x000000000002131c       0x43 ./Core/Src/main.o
 .debug_macro   0x000000000002135f      0x23d ./Core/Src/main.o
 .debug_macro   0x000000000002159c     0x1112 ./Core/Src/main.o
 .debug_macro   0x00000000000226ae      0x72e ./Core/Src/main.o
 .debug_macro   0x0000000000022ddc      0x391 ./Core/Src/main.o
 .debug_macro   0x000000000002316d      0x211 ./Core/Src/main.o
 .debug_macro   0x000000000002337e      0x45c ./Core/Src/main.o
 .debug_macro   0x00000000000237da      0x11c ./Core/Src/main.o
 .debug_macro   0x00000000000238f6      0x122 ./Core/Src/main.o
 .debug_macro   0x0000000000023a18      0x3d1 ./Core/Src/main.o
 .debug_macro   0x0000000000023de9      0xc0b ./Core/Src/main.o
 .debug_macro   0x00000000000249f4      0x718 ./Core/Src/main.o
 .debug_macro   0x000000000002510c      0x693 ./Core/Src/main.o
 .debug_macro   0x000000000002579f       0xa6 ./Core/Src/main.o
 .debug_macro   0x0000000000025845      0x358 ./Core/Src/main.o
 .debug_macro   0x0000000000025b9d       0x5e ./Core/Src/main.o
 .debug_macro   0x0000000000025bfb       0x61 ./Core/Src/main.o
 .debug_macro   0x0000000000025c5c       0x2a ./Core/Src/main.o
 .debug_macro   0x0000000000025c86       0x43 ./Core/Src/main.o
 .debug_macro   0x0000000000025cc9       0x34 ./Core/Src/main.o
 .debug_macro   0x0000000000025cfd       0x16 ./Core/Src/main.o
 .debug_macro   0x0000000000025d13       0x43 ./Core/Src/main.o
 .debug_macro   0x0000000000025d56       0x34 ./Core/Src/main.o
 .debug_macro   0x0000000000025d8a       0x10 ./Core/Src/main.o
 .debug_macro   0x0000000000025d9a       0x58 ./Core/Src/main.o
 .debug_macro   0x0000000000025df2       0x8e ./Core/Src/main.o
 .debug_macro   0x0000000000025e80       0x1c ./Core/Src/main.o
 .debug_macro   0x0000000000025e9c      0x177 ./Core/Src/main.o
 .debug_macro   0x0000000000026013      0x369 ./Core/Src/main.o
 .debug_macro   0x000000000002637c       0x10 ./Core/Src/main.o
 .debug_macro   0x000000000002638c       0x35 ./Core/Src/main.o
 .debug_macro   0x00000000000263c1       0x20 ./Core/Src/main.o
 .debug_macro   0x00000000000263e1      0x19b ./Core/Src/main.o
 .debug_macro   0x000000000002657c      0x201 ./Core/Src/main.o
 .debug_macro   0x000000000002677d       0x7c ./Core/Src/main.o
 .debug_macro   0x00000000000267f9       0x17 ./Core/Src/main.o
 .debug_macro   0x0000000000026810      0x118 ./Core/Src/main.o
 .debug_macro   0x0000000000026928       0xb9 ./Core/Src/main.o
 .debug_macro   0x00000000000269e1       0x42 ./Core/Src/main.o
 .debug_macro   0x0000000000026a23       0x35 ./Core/Src/main.o
 .debug_macro   0x0000000000026a58       0x22 ./Core/Src/main.o
 .debug_macro   0x0000000000026a7a       0x28 ./Core/Src/main.o
 .debug_macro   0x0000000000026aa2       0x16 ./Core/Src/main.o
 .debug_macro   0x0000000000026ab8       0x16 ./Core/Src/main.o
 .debug_macro   0x0000000000026ace       0x10 ./Core/Src/main.o
 .debug_macro   0x0000000000026ade      0x200 ./Core/Src/stm32g4xx_hal_msp.o
 .debug_macro   0x0000000000026cde      0x20a ./Core/Src/stm32g4xx_it.o
 .debug_macro   0x0000000000026ee8      0x1f1 ./Core/Src/system_stm32g4xx.o
 .debug_macro   0x00000000000270d9      0x23f ./Drivers/STM32G4xx_HAL_Driver/Src/stm32g4xx_hal.o
 .debug_macro   0x0000000000027318      0x20e ./Drivers/STM32G4xx_HAL_Driver/Src/stm32g4xx_hal_adc.o
 .debug_macro   0x0000000000027526      0x1fd ./Drivers/STM32G4xx_HAL_Driver/Src/stm32g4xx_hal_adc_ex.o
 .debug_macro   0x0000000000027723      0x1f1 ./Drivers/STM32G4xx_HAL_Driver/Src/stm32g4xx_hal_cortex.o
 .debug_macro   0x0000000000027914      0x1f1 ./Drivers/STM32G4xx_HAL_Driver/Src/stm32g4xx_hal_dma.o
 .debug_macro   0x0000000000027b05      0x1f8 ./Drivers/STM32G4xx_HAL_Driver/Src/stm32g4xx_hal_gpio.o
 .debug_macro   0x0000000000027cfd      0x21b ./Drivers/STM32G4xx_HAL_Driver/Src/stm32g4xx_hal_pwr_ex.o
 .debug_macro   0x0000000000027f18      0x233 ./Drivers/STM32G4xx_HAL_Driver/Src/stm32g4xx_hal_rcc.o
 .debug_macro   0x000000000002814b      0x21b ./Drivers/STM32G4xx_HAL_Driver/Src/stm32g4xx_hal_rcc_ex.o
 .debug_macro   0x0000000000028366      0x1f9 ./Drivers/STM32G4xx_HAL_Driver/Src/stm32g4xx_hal_tim.o
 .debug_macro   0x000000000002855f      0x1f7 ./Drivers/STM32G4xx_HAL_Driver/Src/stm32g4xx_hal_tim_ex.o
 .debug_macro   0x0000000000028756      0x21c ./Drivers/STM32G4xx_HAL_Driver/Src/stm32g4xx_hal_uart.o
 .debug_macro   0x0000000000028972      0x1fd ./Drivers/STM32G4xx_HAL_Driver/Src/stm32g4xx_hal_uart_ex.o
 .debug_macro   0x0000000000028b6f      0x236 ./Middlewares/Third_Party/ARM_CMSIS/Source/ControllerFunctions/ControllerFunctions.o
 .debug_macro   0x0000000000028da5       0x10 ./Middlewares/Third_Party/ARM_CMSIS/Source/ControllerFunctions/ControllerFunctions.o

.debug_line     0x0000000000000000    0x18b81
 .debug_line    0x0000000000000000     0x13d8 ./Core/Src/main.o
 .debug_line    0x00000000000013d8      0x9ac ./Core/Src/stm32g4xx_hal_msp.o
 .debug_line    0x0000000000001d84      0x8eb ./Core/Src/stm32g4xx_it.o
 .debug_line    0x000000000000266f      0x81a ./Core/Src/system_stm32g4xx.o
 .debug_line    0x0000000000002e89       0x7b ./Core/Startup/startup_stm32g474retx.o
 .debug_line    0x0000000000002f04      0xbd9 ./Drivers/STM32G4xx_HAL_Driver/Src/stm32g4xx_hal.o
 .debug_line    0x0000000000003add     0x22ee ./Drivers/STM32G4xx_HAL_Driver/Src/stm32g4xx_hal_adc.o
 .debug_line    0x0000000000005dcb     0x1c90 ./Drivers/STM32G4xx_HAL_Driver/Src/stm32g4xx_hal_adc_ex.o
 .debug_line    0x0000000000007a5b      0xd44 ./Drivers/STM32G4xx_HAL_Driver/Src/stm32g4xx_hal_cortex.o
 .debug_line    0x000000000000879f      0xefd ./Drivers/STM32G4xx_HAL_Driver/Src/stm32g4xx_hal_dma.o
 .debug_line    0x000000000000969c      0xbd4 ./Drivers/STM32G4xx_HAL_Driver/Src/stm32g4xx_hal_gpio.o
 .debug_line    0x000000000000a270      0xd48 ./Drivers/STM32G4xx_HAL_Driver/Src/stm32g4xx_hal_pwr_ex.o
 .debug_line    0x000000000000afb8      0xfa1 ./Drivers/STM32G4xx_HAL_Driver/Src/stm32g4xx_hal_rcc.o
 .debug_line    0x000000000000bf59     0x12b4 ./Drivers/STM32G4xx_HAL_Driver/Src/stm32g4xx_hal_rcc_ex.o
 .debug_line    0x000000000000d20d     0x4075 ./Drivers/STM32G4xx_HAL_Driver/Src/stm32g4xx_hal_tim.o
 .debug_line    0x0000000000011282     0x21dc ./Drivers/STM32G4xx_HAL_Driver/Src/stm32g4xx_hal_tim_ex.o
 .debug_line    0x000000000001345e     0x3c21 ./Drivers/STM32G4xx_HAL_Driver/Src/stm32g4xx_hal_uart.o
 .debug_line    0x000000000001707f      0xdfc ./Drivers/STM32G4xx_HAL_Driver/Src/stm32g4xx_hal_uart_ex.o
 .debug_line    0x0000000000017e7b      0xd06 ./Middlewares/Third_Party/ARM_CMSIS/Source/ControllerFunctions/ControllerFunctions.o

.debug_str      0x0000000000000000   0x114175
 .debug_str     0x0000000000000000   0x10e65d ./Core/Src/main.o
                                     0x10eef3 (size before relaxing)
 .debug_str     0x000000000010e65d      0x332 ./Core/Src/stm32g4xx_hal_msp.o
                                     0x109a3b (size before relaxing)
 .debug_str     0x000000000010e98f      0x16c ./Core/Src/stm32g4xx_it.o
                                     0x108aba (size before relaxing)
 .debug_str     0x000000000010eafb       0xdb ./Core/Src/system_stm32g4xx.o
                                     0x10843e (size before relaxing)
 .debug_str     0x000000000010ebd6       0x34 ./Core/Startup/startup_stm32g474retx.o
                                         0x89 (size before relaxing)
 .debug_str     0x000000000010ec0a      0x5db ./Drivers/STM32G4xx_HAL_Driver/Src/stm32g4xx_hal.o
                                     0x109150 (size before relaxing)
 .debug_str     0x000000000010f1e5      0xaf1 ./Drivers/STM32G4xx_HAL_Driver/Src/stm32g4xx_hal_adc.o
                                     0x10946b (size before relaxing)
 .debug_str     0x000000000010fcd6      0x691 ./Drivers/STM32G4xx_HAL_Driver/Src/stm32g4xx_hal_adc_ex.o
                                     0x109411 (size before relaxing)
 .debug_str     0x0000000000110367      0x313 ./Drivers/STM32G4xx_HAL_Driver/Src/stm32g4xx_hal_cortex.o
                                     0x108dd4 (size before relaxing)
 .debug_str     0x000000000011067a      0x280 ./Drivers/STM32G4xx_HAL_Driver/Src/stm32g4xx_hal_dma.o
                                     0x108818 (size before relaxing)
 .debug_str     0x00000000001108fa       0xe1 ./Drivers/STM32G4xx_HAL_Driver/Src/stm32g4xx_hal_gpio.o
                                     0x1085c9 (size before relaxing)
 .debug_str     0x00000000001109db      0x495 ./Drivers/STM32G4xx_HAL_Driver/Src/stm32g4xx_hal_pwr_ex.o
                                     0x10892c (size before relaxing)
 .debug_str     0x0000000000110e70      0x506 ./Drivers/STM32G4xx_HAL_Driver/Src/stm32g4xx_hal_rcc.o
                                     0x108b5d (size before relaxing)
 .debug_str     0x0000000000111376      0x40b ./Drivers/STM32G4xx_HAL_Driver/Src/stm32g4xx_hal_rcc_ex.o
                                     0x108b87 (size before relaxing)
 .debug_str     0x0000000000111781      0xd6d ./Drivers/STM32G4xx_HAL_Driver/Src/stm32g4xx_hal_tim.o
                                     0x10993c (size before relaxing)
 .debug_str     0x00000000001124ee      0x8ee ./Drivers/STM32G4xx_HAL_Driver/Src/stm32g4xx_hal_tim_ex.o
                                     0x1095b0 (size before relaxing)
 .debug_str     0x0000000000112ddc      0x987 ./Drivers/STM32G4xx_HAL_Driver/Src/stm32g4xx_hal_uart.o
                                     0x1093f9 (size before relaxing)
 .debug_str     0x0000000000113763      0x264 ./Drivers/STM32G4xx_HAL_Driver/Src/stm32g4xx_hal_uart_ex.o
                                     0x108bf7 (size before relaxing)
 .debug_str     0x00000000001139c7      0x7ae ./Middlewares/Third_Party/ARM_CMSIS/Source/ControllerFunctions/ControllerFunctions.o
                                       0x9e85 (size before relaxing)

.debug_frame    0x0000000000000000     0x5d20
 .debug_frame   0x0000000000000000      0x270 ./Core/Src/main.o
 .debug_frame   0x0000000000000270      0x188 ./Core/Src/stm32g4xx_hal_msp.o
 .debug_frame   0x00000000000003f8      0x190 ./Core/Src/stm32g4xx_it.o
 .debug_frame   0x0000000000000588       0x58 ./Core/Src/system_stm32g4xx.o
 .debug_frame   0x00000000000005e0      0x500 ./Drivers/STM32G4xx_HAL_Driver/Src/stm32g4xx_hal.o
 .debug_frame   0x0000000000000ae0      0xacc ./Drivers/STM32G4xx_HAL_Driver/Src/stm32g4xx_hal_adc.o
 .debug_frame   0x00000000000015ac      0x81c ./Drivers/STM32G4xx_HAL_Driver/Src/stm32g4xx_hal_adc_ex.o
 .debug_frame   0x0000000000001dc8      0x498 ./Drivers/STM32G4xx_HAL_Driver/Src/stm32g4xx_hal_cortex.o
 .debug_frame   0x0000000000002260      0x24c ./Drivers/STM32G4xx_HAL_Driver/Src/stm32g4xx_hal_dma.o
 .debug_frame   0x00000000000024ac      0x14c ./Drivers/STM32G4xx_HAL_Driver/Src/stm32g4xx_hal_gpio.o
 .debug_frame   0x00000000000025f8      0x4fc ./Drivers/STM32G4xx_HAL_Driver/Src/stm32g4xx_hal_pwr_ex.o
 .debug_frame   0x0000000000002af4      0x23c ./Drivers/STM32G4xx_HAL_Driver/Src/stm32g4xx_hal_rcc.o
 .debug_frame   0x0000000000002d30      0x2ac ./Drivers/STM32G4xx_HAL_Driver/Src/stm32g4xx_hal_rcc_ex.o
 .debug_frame   0x0000000000002fdc     0x1220 ./Drivers/STM32G4xx_HAL_Driver/Src/stm32g4xx_hal_tim.o
 .debug_frame   0x00000000000041fc      0xa70 ./Drivers/STM32G4xx_HAL_Driver/Src/stm32g4xx_hal_tim_ex.o
 .debug_frame   0x0000000000004c6c      0xa94 ./Drivers/STM32G4xx_HAL_Driver/Src/stm32g4xx_hal_uart.o
 .debug_frame   0x0000000000005700      0x2c0 ./Drivers/STM32G4xx_HAL_Driver/Src/stm32g4xx_hal_uart_ex.o
 .debug_frame   0x00000000000059c0      0x14c ./Middlewares/Third_Party/ARM_CMSIS/Source/ControllerFunctions/ControllerFunctions.o
 .debug_frame   0x0000000000005b0c       0x20 C:/ST/STM32CubeIDE_1.14.1/STM32CubeIDE/plugins/com.st.stm32cube.ide.mcu.externaltools.gnu-tools-for-stm32.11.3.rel1.win32_1.1.100.202309141235/tools/bin/../lib/gcc/arm-none-eabi/11.3.1/../../../../arm-none-eabi/lib/thumb/v7e-m+fp/hard\libc_nano.a(libc_a-memset.o)
 .debug_frame   0x0000000000005b2c       0x2c C:/ST/STM32CubeIDE_1.14.1/STM32CubeIDE/plugins/com.st.stm32cube.ide.mcu.externaltools.gnu-tools-for-stm32.11.3.rel1.win32_1.1.100.202309141235/tools/bin/../lib/gcc/arm-none-eabi/11.3.1/../../../../arm-none-eabi/lib/thumb/v7e-m+fp/hard\libc_nano.a(libc_a-init.o)
 .debug_frame   0x0000000000005b58       0xac C:/ST/STM32CubeIDE_1.14.1/STM32CubeIDE/plugins/com.st.stm32cube.ide.mcu.externaltools.gnu-tools-for-stm32.11.3.rel1.win32_1.1.100.202309141235/tools/bin/../lib/gcc/arm-none-eabi/11.3.1/thumb/v7e-m+fp/hard\libgcc.a(_arm_addsubdf3.o)
 .debug_frame   0x0000000000005c04       0x50 C:/ST/STM32CubeIDE_1.14.1/STM32CubeIDE/plugins/com.st.stm32cube.ide.mcu.externaltools.gnu-tools-for-stm32.11.3.rel1.win32_1.1.100.202309141235/tools/bin/../lib/gcc/arm-none-eabi/11.3.1/thumb/v7e-m+fp/hard\libgcc.a(_arm_muldivdf3.o)
 .debug_frame   0x0000000000005c54       0x24 C:/ST/STM32CubeIDE_1.14.1/STM32CubeIDE/plugins/com.st.stm32cube.ide.mcu.externaltools.gnu-tools-for-stm32.11.3.rel1.win32_1.1.100.202309141235/tools/bin/../lib/gcc/arm-none-eabi/11.3.1/thumb/v7e-m+fp/hard\libgcc.a(_arm_fixdfsi.o)
 .debug_frame   0x0000000000005c78       0x24 C:/ST/STM32CubeIDE_1.14.1/STM32CubeIDE/plugins/com.st.stm32cube.ide.mcu.externaltools.gnu-tools-for-stm32.11.3.rel1.win32_1.1.100.202309141235/tools/bin/../lib/gcc/arm-none-eabi/11.3.1/thumb/v7e-m+fp/hard\libgcc.a(_arm_fixunsdfsi.o)
 .debug_frame   0x0000000000005c9c       0x24 C:/ST/STM32CubeIDE_1.14.1/STM32CubeIDE/plugins/com.st.stm32cube.ide.mcu.externaltools.gnu-tools-for-stm32.11.3.rel1.win32_1.1.100.202309141235/tools/bin/../lib/gcc/arm-none-eabi/11.3.1/thumb/v7e-m+fp/hard\libgcc.a(_arm_truncdfsf2.o)
 .debug_frame   0x0000000000005cc0       0x2c C:/ST/STM32CubeIDE_1.14.1/STM32CubeIDE/plugins/com.st.stm32cube.ide.mcu.externaltools.gnu-tools-for-stm32.11.3.rel1.win32_1.1.100.202309141235/tools/bin/../lib/gcc/arm-none-eabi/11.3.1/thumb/v7e-m+fp/hard\libgcc.a(_aeabi_uldivmod.o)
 .debug_frame   0x0000000000005cec       0x34 C:/ST/STM32CubeIDE_1.14.1/STM32CubeIDE/plugins/com.st.stm32cube.ide.mcu.externaltools.gnu-tools-for-stm32.11.3.rel1.win32_1.1.100.202309141235/tools/bin/../lib/gcc/arm-none-eabi/11.3.1/thumb/v7e-m+fp/hard\libgcc.a(_udivmoddi4.o)

.debug_line_str
                0x0000000000000000       0x7d
 .debug_line_str
                0x0000000000000000       0x7d ./Core/Startup/startup_stm32g474retx.o
                                         0x95 (size before relaxing)
